<html>
<body>
<pre>
<h1>µVision Build Log</h1>
<h2>Tool Versions:</h2>
IDE-Version: ¦ÌVision V5.23.0.0
Copyright (C) 2017 ARM Ltd and ARM Germany GmbH. All rights reserved.
License Information:  ,  , LIC=FYKNN-YHUQX-2LVCT-RMI3S-XSR4S-ZJYYJ
 
Tool Versions:
Toolchain:       MDK-ARM Plus  Version: 5.23
Toolchain Path:  F:\keil\ARM\ARMCC\Bin
C Compiler:      Armcc.exe V5.06 update 4 (build 422)
Assembler:       Armasm.exe V5.06 update 4 (build 422)
Linker/Locator:  ArmLink.exe V5.06 update 4 (build 422)
Library Manager: ArmAr.exe V5.06 update 4 (build 422)
Hex Converter:   FromElf.exe V5.06 update 4 (build 422)
CPU DLL:         
Dialog DLL:      
Target DLL:      Segger\JL2CM3.dll V2.99.23.0
Dialog DLL:      TCM.DLL V1.27.0.0
 
<h2>Project:</h2>
C:\Users\Cave Canem\Desktop\Eink\nRF5_SDK_16.0.0_98a08e2 -2\examples\ble_eink\eink_0.14.3_char_in_flash\pca10040\s132\arm5_no_packs\ble_app_uart_pca10040_s132.uvprojx
Project File Date:  06/28/2021

<h2>Output:</h2>
*** Using Compiler 'V5.06 update 4 (build 422)', folder: 'F:\keil\ARM\ARMCC\Bin'
Build target 'nrf52832_xxaa'
compiling ble_advdata.c...
compiling ble_advertising.c...
compiling bsp_btn_ble.c...
compiling e154.c...
..\..\..\eink\e154.c(385): warning:  #177-D: variable "i"  was declared but never referenced
  	unsigned int i;  
..\..\..\eink\e154.c(419): warning:  #550-D: variable "x_end"  was set but never used
  	unsigned int x_end,y_start1,y_start2,y_end1,y_end2;
..\..\..\eink\e154.c(419): warning:  #550-D: variable "y_end1"  was set but never used
  	unsigned int x_end,y_start1,y_start2,y_end1,y_end2;
..\..\..\eink\e154.c: 3 warnings, 0 errors
compiling bsp.c...
compiling boards.c...
compiling main.c...
..\..\..\main.c(917): warning:  #513-D: a value of type "char *" cannot be assigned to an entity of type "uint8_t *"
  										QRImage = &QRImage_data[0];
..\..\..\main.c(1330): warning:  #177-D: variable "err_code"  was declared but never referenced
  		uint32_t err_code;
..\..\..\main.c(201): warning:  #177-D: variable "adv_started"  was declared but never referenced
  static bool adv_started = 0;
..\..\..\main.c(204): warning:  #177-D: variable "finished_flag"  was declared but never referenced
  static bool finished_flag = 0;
..\..\..\main.c(205): warning:  #177-D: variable "Energy_flag"  was declared but never referenced
  static bool Energy_flag = 0;
..\..\..\main.c(216): warning:  #177-D: variable "sysoff_flag"  was declared but never referenced
  static bool sysoff_flag = 1;
..\..\..\main.c(239): warning:  #550-D: variable "rx_data_fds_ready"  was set but never used
  static bool rx_data_fds_ready = 0;
..\..\..\main.c(453): warning:  #177-D: function "EPD_Init"  was declared but never referenced
  static void EPD_Init(void)
..\..\..\main.c(569): warning:  #177-D: function "check_pwroff"  was declared but never referenced
  static void check_pwroff(uint8_t value)
..\..\..\main.c(702): warning:  #177-D: function "figure_refresh"  was declared but never referenced
  static void figure_refresh(uint8_t value)
..\..\..\main.c(794): warning:  #177-D: function "check_rx_data"  was declared but never referenced
  static bool check_rx_data(void)
..\..\..\main.c(985): warning:  #177-D: function "record_update"  was declared but never referenced
  static void record_update(uint8_t value)
..\..\..\main.c(1228): warning:  #177-D: function "buttons_init"  was declared but never referenced
  static void buttons_init(void)
..\..\..\main.c(1750): warning:  #177-D: function "uart_init"  was declared but never referenced
  static void uart_init(void)
..\..\..\main.c(1827): warning:  #177-D: function "log_init"  was declared but never referenced
  static void log_init(void)
..\..\..\main.c: 15 warnings, 0 errors
compiling ble_conn_params.c...
compiling ble_conn_state.c...
compiling ble_link_ctx_manager.c...
compiling nrf_ble_qwr.c...
compiling ble_nus.c...
compiling nrf_ble_gatt.c...
compiling nrf_drv_uart.c...
compiling nrfx_atomic.c...
compiling nrf_drv_clock.c...
compiling nrfx_clock.c...
compiling nrfx_gpiote.c...
compiling nrfx_prs.c...
compiling nrfx_uarte.c...
compiling nrfx_spim.c...
compiling nrfx_saadc.c...
compiling nrfx_uart.c...
compiling app_button.c...
compiling nrf_nvmc.c...
compiling app_fifo.c...
compiling app_error_handler_keil.c...
compiling app_scheduler.c...
compiling app_error_weak.c...
compiling app_timer2.c...
compiling app_uart_fifo.c...
compiling drv_rtc.c...
compiling hardfault_implementation.c...
compiling nrf_atfifo.c...
compiling nrf_atomic.c...
compiling nrf_atflags.c...
compiling nrf_balloc.c...
compiling nrf_fprintf.c...
compiling nrf_fprintf_format.c...
compiling nrf_ringbuf.c...
compiling nrf_section_iter.c...
compiling nrf_strerror.c...
compiling nrf_memobj.c...
compiling nrf_sortlist.c...
compiling nrf_pwr_mgmt.c...
compiling retarget.c...
compiling fds.c...
compiling nrf_fstorage_nvmc.c...
compiling nrf_fstorage_sd.c...
compiling nrf_fstorage.c...
compiling nrf_log_backend_serial.c...
compiling nrf_log_backend_rtt.c...
compiling nrf_log_default_backends.c...
compiling SEGGER_RTT_Syscalls_KEIL.c...
compiling nrf_log_frontend.c...
compiling SEGGER_RTT.c...
compiling nrf_log_str_formatter.c...
compiling SEGGER_RTT_printf.c...
compiling nrf_sdh.c...
compiling nrf_sdh_soc.c...
compiling nrf_sdh_ble.c...
linking...
Program Size: Code=35112 RO-data=4400 RW-data=424 ZI-data=34888  
FromELF: creating hex file...
".\_build\nrf52832_xxaa.axf" - 0 Error(s), 18 Warning(s).

<h2>Software Packages used:</h2>

Package Vendor: ARM
                http://www.keil.com/pack/ARM.CMSIS.4.5.0.pack
                ARM::CMSIS:CORE:4.3.0
                CMSIS (Cortex Microcontroller Software Interface Standard)
   * Component: CORE Version: 4.3.0

Package Vendor: NordicSemiconductor
                http://developer.nordicsemi.com/nRF5_SDK/pieces/nRF_DeviceFamilyPack/NordicSemiconductor.nRF_DeviceFamilyPack_NordicLicense.8.27.0.pack
                NordicSemiconductor::Device:Startup:8.27.0
                Nordic Semiconductor nRF ARM devices Device Family Pack with Nordic license.
   * Component: Startup Version: 8.27.0

<h2>Collection of Component include folders:</h2>
  .\RTE\_nrf52832_xxaa
  F:\keil\ARM\CMSIS\4.5.0\CMSIS\Include
  F:\keil\NordicSemiconductor\nRF_DeviceFamilyPack\8.34.1\Device\Include
  F:\keil\NordicSemiconductor\nRF_DeviceFamilyPack_NordicLicense\8.27.0\Device\Include

<h2>Collection of Component Files used:</h2>

   * Component: ARM::CMSIS:CORE:4.3.0

   * Component: NordicSemiconductor::Device:Startup:8.27.0
      Source file:   Device\Source\system_nrf52.c
      Include file:  Device\Include\system_nrf52.h
      Include file:  Device\Include\system_nrf.h
      Source file:   Device\Source\arm\arm_startup_nrf52.s
Build Time Elapsed:  00:00:42
</pre>
</body>
</html>
