Component: ARM Compiler 5.06 update 4 (build 422) Tool: armlink [4d35d2]

==============================================================================

Section Cross References

    main.o(i.ADC_Disable) refers to nrfx_saadc.o(i.nrfx_saadc_uninit) for nrfx_saadc_uninit
    main.o(i.ADC_Enable) refers to main.o(i.ADC_Init) for ADC_Init
    main.o(i.ADC_Init) refers to nrfx_saadc.o(i.nrfx_saadc_init) for nrfx_saadc_init
    main.o(i.ADC_Init) refers to app_error.o(i.app_error_handler_bare) for app_error_handler_bare
    main.o(i.ADC_Init) refers to nrfx_saadc.o(i.nrfx_saadc_channel_init) for nrfx_saadc_channel_init
    main.o(i.ADC_Init) refers to nrfx_saadc.o(i.nrfx_saadc_buffer_convert) for nrfx_saadc_buffer_convert
    main.o(i.ADC_Init) refers to main.o(i.adcCallbackFunc) for adcCallbackFunc
    main.o(i.ADC_Init) refers to main.o(.constdata) for .constdata
    main.o(i.ADC_Init) refers to main.o(.data) for .data
    main.o(i.ADC_Read) refers to nrfx_saadc.o(i.nrfx_saadc_sample) for nrfx_saadc_sample
    main.o(i.ADC_Read) refers to app_error.o(i.app_error_handler_bare) for app_error_handler_bare
    main.o(i.adcCallbackFunc) refers to nrfx_saadc.o(i.nrfx_saadc_buffer_convert) for nrfx_saadc_buffer_convert
    main.o(i.adcCallbackFunc) refers to app_error.o(i.app_error_handler_bare) for app_error_handler_bare
    main.o(i.adcCallbackFunc) refers to nrfx_saadc.o(i.nrfx_saadc_uninit) for nrfx_saadc_uninit
    main.o(i.adcCallbackFunc) refers to main.o(.data) for .data
    main.o(i.adc_aim_update) refers to main.o(.data) for .data
    main.o(i.adc_timer_timeout_handler) refers to main.o(i.ADC_Init) for ADC_Init
    main.o(i.adc_timer_timeout_handler) refers to main.o(i.ADC_Read) for ADC_Read
    main.o(i.adc_timer_timeout_handler) refers to main.o(.data) for .data
    main.o(i.advertising_init) refers to memseta.o(.text) for __aeabi_memclr4
    main.o(i.advertising_init) refers to ble_advdata.o(i.ble_advdata_encode) for ble_advdata_encode
    main.o(i.advertising_init) refers to app_error.o(i.app_error_handler_bare) for app_error_handler_bare
    main.o(i.advertising_init) refers to main.o(.constdata) for .constdata
    main.o(i.advertising_init) refers to main.o(.bss) for .bss
    main.o(i.advertising_init) refers to main.o(.data) for .data
    main.o(i.advertising_start) refers to app_error.o(i.app_error_handler_bare) for app_error_handler_bare
    main.o(i.advertising_start) refers to main.o(.data) for .data
    main.o(i.assert_nrf_callback) refers to app_error_handler_keil.o(.emb_text) for app_error_handler
    main.o(i.ble_evt_handler) refers to nrf_log_frontend.o(i.nrf_log_frontend_std_0) for nrf_log_frontend_std_0
    main.o(i.ble_evt_handler) refers to nrf_ble_qwr.o(i.nrf_ble_qwr_conn_handle_assign) for nrf_ble_qwr_conn_handle_assign
    main.o(i.ble_evt_handler) refers to app_error.o(i.app_error_handler_bare) for app_error_handler_bare
    main.o(i.ble_evt_handler) refers to app_button.o(i.app_button_enable) for app_button_enable
    main.o(i.ble_evt_handler) refers to fds.o(i.fds_record_find) for fds_record_find
    main.o(i.ble_evt_handler) refers to fds.o(i.fds_record_update) for fds_record_update
    main.o(i.ble_evt_handler) refers to fds.o(i.fds_gc) for fds_gc
    main.o(i.ble_evt_handler) refers to app_button.o(i.app_button_disable) for app_button_disable
    main.o(i.ble_evt_handler) refers to main.o(i.advertising_start) for advertising_start
    main.o(i.ble_evt_handler) refers to main.o(.data) for .data
    main.o(i.ble_evt_handler) refers to nrf_log_frontend.o(log_const_data) for m_nrf_log_app_logs_data_const
    main.o(i.ble_evt_handler) refers to main.o(.bss) for .bss
    main.o(i.ble_evt_handler) refers to main.o(.constdata) for .constdata
    main.o(i.busy_timer_timeout_handler) refers to e154.o(i.SPI_EP_unInit) for SPI_EP_unInit
    main.o(i.busy_timer_timeout_handler) refers to app_timer2.o(i.app_timer_stop) for app_timer_stop
    main.o(i.busy_timer_timeout_handler) refers to main.o(.data) for .data
    main.o(i.busy_timer_timeout_handler) refers to main.o(.constdata) for .constdata
    main.o(i.button_event_handler) refers to nrf_log_frontend.o(i.nrf_log_frontend_std_0) for nrf_log_frontend_std_0
    main.o(i.button_event_handler) refers to ble_lbs.o(i.ble_lbs_on_button_change) for ble_lbs_on_button_change
    main.o(i.button_event_handler) refers to app_error.o(i.app_error_handler_bare) for app_error_handler_bare
    main.o(i.button_event_handler) refers to main.o(i.ble_button2_send) for ble_button2_send
    main.o(i.button_event_handler) refers to nrf_log_frontend.o(log_const_data) for m_nrf_log_app_logs_data_const
    main.o(i.button_event_handler) refers to main.o(.data) for .data
    main.o(i.button_event_handler) refers to main.o(.bss) for .bss
    main.o(i.conn_params_error_handler) refers to app_error.o(i.app_error_handler_bare) for app_error_handler_bare
    main.o(i.fds_evt_handler) refers to fds.o(i.fds_record_find) for fds_record_find
[...]
    __ARM_use_no_argv                        0x00000000   Number         0  main.o ABSOLUTE
    __use_no_errno                           0x00000000   Number         0  useno.o ABSOLUTE
    __use_no_exception_handling              0x00000000   Number         0  useno.o ABSOLUTE
    __use_no_fp                              0x00000000   Number         0  useno.o ABSOLUTE
    __use_no_heap                            0x00000000   Number         0  useno.o ABSOLUTE
    __use_no_heap_region                     0x00000000   Number         0  useno.o ABSOLUTE
    __use_no_semihosting                     0x00000000   Number         0  useno.o ABSOLUTE
    __use_no_semihosting_swi                 0x00000000   Number         0  useno.o ABSOLUTE
    __use_no_signal_handling                 0x00000000   Number         0  useno.o ABSOLUTE
    __cpp_initialize__aeabi_                  - Undefined Weak Reference
    __cxa_finalize                            - Undefined Weak Reference
    _clock_init                               - Undefined Weak Reference
    _microlib_exit                            - Undefined Weak Reference
    log_dynamic_data$$Base                    - Undefined Reference
    pwr_mgmt_data0$$Base                      - Undefined Reference
    pwr_mgmt_data0$$Limit                     - Undefined Reference
    pwr_mgmt_data1$$Base                      - Undefined Reference
    pwr_mgmt_data1$$Limit                     - Undefined Reference
    pwr_mgmt_data2$$Base                      - Undefined Reference
    pwr_mgmt_data2$$Limit                     - Undefined Reference
    sdh_req_observers1$$Base                  - Undefined Reference
    sdh_req_observers1$$Limit                 - Undefined Reference
    sdh_soc_observers1$$Base                  - Undefined Reference
    sdh_soc_observers1$$Limit                 - Undefined Reference
    sdh_stack_observers1$$Base                - Undefined Reference
    sdh_stack_observers1$$Limit               - Undefined Reference
    sdh_state_observers1$$Base                - Undefined Reference
    sdh_state_observers1$$Limit               - Undefined Reference
    __Vectors_Size                           0x00000200   Number         0  arm_startup_nrf52.o ABSOLUTE
    __Vectors                                0x00026000   Data           4  arm_startup_nrf52.o(RESET)
    __Vectors_End                            0x00026200   Data           0  arm_startup_nrf52.o(RESET)
    __main                                   0x00026201   Thumb Code     0  entry.o(.ARM.Collect$$$$00000000)
    _main_stk                                0x00026201   Thumb Code     0  entry2.o(.ARM.Collect$$$$00000001)
    _main_scatterload                        0x00026205   Thumb Code     0  entry5.o(.ARM.Collect$$$$00000004)
    __main_after_scatterload                 0x00026209   Thumb Code     0  entry5.o(.ARM.Collect$$$$00000004)
    _main_clock                              0x00026209   Thumb Code     0  entry7b.o(.ARM.Collect$$$$00000008)
    _main_cpp_init                           0x00026209   Thumb Code     0  entry8b.o(.ARM.Collect$$$$0000000A)
    _main_init                               0x00026209   Thumb Code     0  entry9a.o(.ARM.Collect$$$$0000000B)
    __rt_final_cpp                           0x00026211   Thumb Code     0  entry10a.o(.ARM.Collect$$$$0000000D)
    __rt_final_exit                          0x00026211   Thumb Code     0  entry11a.o(.ARM.Collect$$$$0000000F)
    __asm___12_nrf_atfifo_c_51f461e1__nrf_atfifo_wspace_req 0x00026215   Thumb Code    56  nrf_atfifo.o(.emb_text)
    __asm___12_nrf_atfifo_c_51f461e1__nrf_atfifo_wspace_close 0x0002624d   Thumb Code    18  nrf_atfifo.o(.emb_text)
    __asm___12_nrf_atfifo_c_51f461e1__nrf_atfifo_rspace_req 0x0002625f   Thumb Code    58  nrf_atfifo.o(.emb_text)
    __asm___12_nrf_atfifo_c_51f461e1__nrf_atfifo_rspace_close 0x00026299   Thumb Code    18  nrf_atfifo.o(.emb_text)
    __asm___12_nrf_atfifo_c_51f461e1__nrf_atfifo_space_clear 0x000262ab   Thumb Code    50  nrf_atfifo.o(.emb_text)
    __asm___12_nrf_atomic_c_85ca2469__nrf_atomic_internal_mov 0x000262dd   Thumb Code    24  nrf_atomic.o(.emb_text)
    __asm___12_nrf_atomic_c_85ca2469__nrf_atomic_internal_orr 0x000262f5   Thumb Code    26  nrf_atomic.o(.emb_text)
    __asm___12_nrf_atomic_c_85ca2469__nrf_atomic_internal_and 0x0002630f   Thumb Code    26  nrf_atomic.o(.emb_text)
    __asm___12_nrf_atomic_c_85ca2469__nrf_atomic_internal_eor 0x00026329   Thumb Code    26  nrf_atomic.o(.emb_text)
    __asm___12_nrf_atomic_c_85ca2469__nrf_atomic_internal_add 0x00026343   Thumb Code    26  nrf_atomic.o(.emb_text)
    __asm___12_nrf_atomic_c_85ca2469__nrf_atomic_internal_sub 0x0002635d   Thumb Code    26  nrf_atomic.o(.emb_text)
    __asm___12_nrf_atomic_c_85ca2469__nrf_atomic_internal_cmp_exch 0x00026377   Thumb Code    42  nrf_atomic.o(.emb_text)
    __asm___12_nrf_atomic_c_85ca2469__nrf_atomic_internal_sub_hs 0x000263a1   Thumb Code    30  nrf_atomic.o(.emb_text)
    Reset_Handler                            0x000263c1   Thumb Code     8  arm_startup_nrf52.o(.text)
    NMI_Handler                              0x000263c9   Thumb Code     2  arm_startup_nrf52.o(.text)
    HardFault_Handler                        0x000263cb   Thumb Code     2  arm_startup_nrf52.o(.text)
    MemoryManagement_Handler                 0x000263cd   Thumb Code     2  arm_startup_nrf52.o(.text)
    BusFault_Handler                         0x000263cf   Thumb Code     2  arm_startup_nrf52.o(.text)
    UsageFault_Handler                       0x000263d1   Thumb Code     2  arm_startup_nrf52.o(.text)
    SVC_Handler                              0x000263d3   Thumb Code     2  arm_startup_nrf52.o(.text)
    DebugMon_Handler                         0x000263d5   Thumb Code     2  arm_startup_nrf52.o(.text)
    PendSV_Handler                           0x000263d7   Thumb Code     2  arm_startup_nrf52.o(.text)
    SysTick_Handler                          0x000263d9   Thumb Code     2  arm_startup_nrf52.o(.text)
    CCM_AAR_IRQHandler                       0x000263db   Thumb Code     0  arm_startup_nrf52.o(.text)
    COMP_LPCOMP_IRQHandler                   0x000263db   Thumb Code     0  arm_startup_nrf52.o(.text)
    ECB_IRQHandler                           0x000263db   Thumb Code     0  arm_startup_nrf52.o(.text)
    FPU_IRQHandler                           0x000263db   Thumb Code     0  arm_startup_nrf52.o(.text)
    I2S_IRQHandler                           0x000263db   Thumb Code     0  arm_startup_nrf52.o(.text)
    MWU_IRQHandler                           0x000263db   Thumb Code     0  arm_startup_nrf52.o(.text)
    NFCT_IRQHandler                          0x000263db   Thumb Code     0  arm_startup_nrf52.o(.text)
    PDM_IRQHandler                           0x000263db   Thumb Code     0  arm_startup_nrf52.o(.text)
    PWM0_IRQHandler                          0x000263db   Thumb Code     0  arm_startup_nrf52.o(.text)
    PWM1_IRQHandler                          0x000263db   Thumb Code     0  arm_startup_nrf52.o(.text)
    PWM2_IRQHandler                          0x000263db   Thumb Code     0  arm_startup_nrf52.o(.text)
    QDEC_IRQHandler                          0x000263db   Thumb Code     0  arm_startup_nrf52.o(.text)
    RADIO_IRQHandler                         0x000263db   Thumb Code     0  arm_startup_nrf52.o(.text)
    RNG_IRQHandler                           0x000263db   Thumb Code     0  arm_startup_nrf52.o(.text)
    RTC0_IRQHandler                          0x000263db   Thumb Code     0  arm_startup_nrf52.o(.text)
    RTC2_IRQHandler                          0x000263db   Thumb Code     0  arm_startup_nrf52.o(.text)
    SPIM1_SPIS1_TWIM1_TWIS1_SPI1_TWI1_IRQHandler 0x000263db   Thumb Code     0  arm_startup_nrf52.o(.text)
    SPIM2_SPIS2_SPI2_IRQHandler              0x000263db   Thumb Code     0  arm_startup_nrf52.o(.text)
    SWI0_EGU0_IRQHandler                     0x000263db   Thumb Code     0  arm_startup_nrf52.o(.text)
    SWI1_EGU1_IRQHandler                     0x000263db   Thumb Code     0  arm_startup_nrf52.o(.text)
    SWI3_EGU3_IRQHandler                     0x000263db   Thumb Code     0  arm_startup_nrf52.o(.text)
    SWI4_EGU4_IRQHandler                     0x000263db   Thumb Code     0  arm_startup_nrf52.o(.text)
    SWI5_EGU5_IRQHandler                     0x000263db   Thumb Code     0  arm_startup_nrf52.o(.text)
    TEMP_IRQHandler                          0x000263db   Thumb Code     0  arm_startup_nrf52.o(.text)
    TIMER0_IRQHandler                        0x000263db   Thumb Code     0  arm_startup_nrf52.o(.text)
    TIMER1_IRQHandler                        0x000263db   Thumb Code     0  arm_startup_nrf52.o(.text)
    TIMER2_IRQHandler                        0x000263db   Thumb Code     0  arm_startup_nrf52.o(.text)
    TIMER3_IRQHandler                        0x000263db   Thumb Code     0  arm_startup_nrf52.o(.text)
    TIMER4_IRQHandler                        0x000263db   Thumb Code     0  arm_startup_nrf52.o(.text)
    WDT_IRQHandler                           0x000263db   Thumb Code     0  arm_startup_nrf52.o(.text)
    __aeabi_llsl                             0x000263e5   Thumb Code    30  llshl.o(.text)
    _ll_shift_l                              0x000263e5   Thumb Code     0  llshl.o(.text)
    __rt_ctype_table                         0x00026405   Thumb Code     4  ctype_o.o(.text)
    __aeabi_memcpy                           0x0002640d   Thumb Code    36  memcpya.o(.text)
    __aeabi_memcpy4                          0x0002640d   Thumb Code     0  memcpya.o(.text)
    __aeabi_memcpy8                          0x0002640d   Thumb Code     0  memcpya.o(.text)
    __aeabi_memset                           0x00026431   Thumb Code    14  memseta.o(.text)
    __aeabi_memset4                          0x00026431   Thumb Code     0  memseta.o(.text)
    __aeabi_memset8                          0x00026431   Thumb Code     0  memseta.o(.text)
    __aeabi_memclr                           0x0002643f   Thumb Code     4  memseta.o(.text)
    __aeabi_memclr4                          0x0002643f   Thumb Code     0  memseta.o(.text)
    __aeabi_memclr8                          0x0002643f   Thumb Code     0  memseta.o(.text)
    _memset$wrapper                          0x00026443   Thumb Code    18  memseta.o(.text)
    strlen                                   0x00026455   Thumb Code    14  strlen.o(.text)
    __scatterload                            0x00026465   Thumb Code    28  init.o(.text)
    __scatterload_rt2                        0x00026465   Thumb Code     0  init.o(.text)
    __decompress                             0x00026489   Thumb Code     0  __dczerorl2.o(.text)
    __decompress1                            0x00026489   Thumb Code    86  __dczerorl2.o(.text)
    ADC_Init                                 0x000264e1   Thumb Code    56  main.o(i.ADC_Init)
    ADC_Read                                 0x00026529   Thumb Code    20  main.o(i.ADC_Read)
    EPD_Dis_Part                             0x0002653d   Thumb Code   180  e154.o(i.EPD_Dis_Part)
    EPD_HW_Init                              0x000265f1   Thumb Code   182  e154.o(i.EPD_HW_Init)
    EPD_Part_Update                          0x000266a7   Thumb Code    24  e154.o(i.EPD_Part_Update)
    EPD_SetRAMValue                          0x000266bf   Thumb Code    60  e154.o(i.EPD_SetRAMValue)
    EPD_SetRAMValue_BaseMap                  0x000266fb   Thumb Code    64  e154.o(i.EPD_SetRAMValue_BaseMap)
    EPD_Update                               0x0002673b   Thumb Code    24  e154.o(i.EPD_Update)
    Epaper_Write_Data                        0x00026773   Thumb Code    38  e154.o(i.Epaper_Write_Data)
    GPIOTE_IRQHandler                        0x00026799   Thumb Code   346  nrfx_gpiote.o(i.GPIOTE_IRQHandler)
    POWER_CLOCK_IRQHandler                   0x000268fd   Thumb Code    82  nrfx_clock.o(i.POWER_CLOCK_IRQHandler)
    RTC1_IRQHandler                          0x00026955   Thumb Code    12  drv_rtc.o(i.RTC1_IRQHandler)
    SAADC_IRQHandler                         0x00026991   Thumb Code   320  nrfx_saadc.o(i.SAADC_IRQHandler)
    SPIM0_SPIS0_TWIM0_TWIS0_SPI0_TWI0_IRQHandler 0x00026ad9   Thumb Code    76  nrfx_spim.o(i.SPIM0_SPIS0_TWIM0_TWIS0_SPI0_TWI0_IRQHandler)
    SPI_EP_Init                              0x00026b2d   Thumb Code   110  e154.o(i.SPI_EP_Init)
    SPI_EP_unInit                            0x00026ba5   Thumb Code     4  e154.o(i.SPI_EP_unInit)
    SPI_Write                                0x00026ba9   Thumb Code    52  e154.o(i.SPI_Write)
    SWI2_EGU2_IRQHandler                     0x00026be9   Thumb Code     4  nrf_sdh.o(i.SWI2_EGU2_IRQHandler)
    SystemInit                               0x00026bed   Thumb Code   726  system_nrf52.o(i.SystemInit)
    UARTE0_UART0_IRQHandler                  0x00026f09   Thumb Code     6  nrfx_prs.o(i.UARTE0_UART0_IRQHandler)
    __scatterload_copy                       0x00026f15   Thumb Code    14  handlers.o(i.__scatterload_copy)
    __scatterload_null                       0x00026f23   Thumb Code     2  handlers.o(i.__scatterload_null)
    __scatterload_zeroinit                   0x00026f25   Thumb Code    14  handlers.o(i.__scatterload_zeroinit)
    app_button_disable                       0x000270c9   Thumb Code    64  app_button.o(i.app_button_disable)
    app_button_enable                        0x00027111   Thumb Code    32  app_button.o(i.app_button_enable)
    app_button_init                          0x00027135   Thumb Code   106  app_button.o(i.app_button_init)
    app_error_fault_handler                  0x000271b5   Thumb Code    86  app_error_weak.o(i.app_error_fault_handler)
    app_error_handler_bare                   0x00027239   Thumb Code    22  app_error.o(i.app_error_handler_bare)
    app_timer_cnt_get                        0x00027251   Thumb Code     6  app_timer2.o(i.app_timer_cnt_get)
    app_timer_create                         0x0002725d   Thumb Code    22  app_timer2.o(i.app_timer_create)
    app_timer_init                           0x00027275   Thumb Code    70  app_timer2.o(i.app_timer_init)
    app_timer_start                          0x000272d1   Thumb Code    48  app_timer2.o(i.app_timer_start)
    app_timer_stop                           0x00027301   Thumb Code    12  app_timer2.o(i.app_timer_stop)
    app_util_critical_region_enter           0x0002730d   Thumb Code    64  app_util_platform.o(i.app_util_critical_region_enter)
    app_util_critical_region_exit            0x00027355   Thumb Code    46  app_util_platform.o(i.app_util_critical_region_exit)
    ble_advdata_encode                       0x00027499   Thumb Code   386  ble_advdata.o(i.ble_advdata_encode)
    ble_button2_send                         0x0002761b   Thumb Code    46  main.o(i.ble_button2_send)
    ble_conn_params_init                     0x00027649   Thumb Code    90  ble_conn_params.o(i.ble_conn_params_init)
    ble_lbs_init                             0x00027a59   Thumb Code   190  ble_lbs.o(i.ble_lbs_init)
    ble_lbs_on_ble_evt                       0x00027b1d   Thumb Code    46  ble_lbs.o(i.ble_lbs_on_ble_evt)
    ble_lbs_on_button_change                 0x00027b4b   Thumb Code    46  ble_lbs.o(i.ble_lbs_on_button_change)
    ble_srv_is_notification_enabled          0x00027b79   Thumb Code     8  ble_srv_common.o(i.ble_srv_is_notification_enabled)
    buffer_is_empty                          0x00027c41   Thumb Code    16  nrf_log_frontend.o(i.buffer_is_empty)
    characteristic_add                       0x00027df9   Thumb Code   400  ble_srv_common.o(i.characteristic_add)
    conn_handle_list_get                     0x00027fe5   Thumb Code    62  ble_conn_state.o(i.conn_handle_list_get)
    drv_rtc_compare_disable                  0x000282a1   Thumb Code    20  drv_rtc.o(i.drv_rtc_compare_disable)
    drv_rtc_compare_pending                  0x000282b5   Thumb Code    14  drv_rtc.o(i.drv_rtc_compare_pending)
    drv_rtc_compare_set                      0x000282c3   Thumb Code    80  drv_rtc.o(i.drv_rtc_compare_set)
    drv_rtc_counter_get                      0x00028313   Thumb Code     8  drv_rtc.o(i.drv_rtc_counter_get)
    drv_rtc_init                             0x0002831d   Thumb Code   144  drv_rtc.o(i.drv_rtc_init)
    drv_rtc_irq_trigger                      0x000283f1   Thumb Code    26  drv_rtc.o(i.drv_rtc_irq_trigger)
    drv_rtc_overflow_enable                  0x0002840b   Thumb Code     8  drv_rtc.o(i.drv_rtc_overflow_enable)
    drv_rtc_overflow_pending                 0x00028413   Thumb Code     8  drv_rtc.o(i.drv_rtc_overflow_pending)
    drv_rtc_start                            0x0002841b   Thumb Code     8  drv_rtc.o(i.drv_rtc_start)
    drv_rtc_stop                             0x00028423   Thumb Code     8  drv_rtc.o(i.drv_rtc_stop)
    drv_rtc_windowed_compare_set             0x0002842b   Thumb Code   222  drv_rtc.o(i.drv_rtc_windowed_compare_set)
    evt_handle                               0x00028651   Thumb Code   216  app_button.o(i.evt_handle)
    fds_gc                                   0x000287c1   Thumb Code    56  fds.o(i.fds_gc)
    fds_init                                 0x00028801   Thumb Code   206  fds.o(i.fds_init)
    fds_record_close                         0x000288e5   Thumb Code    66  fds.o(i.fds_record_close)
    fds_record_find                          0x0002892d   Thumb Code    14  fds.o(i.fds_record_find)
    fds_record_open                          0x0002893d   Thumb Code    70  fds.o(i.fds_record_open)
    fds_record_update                        0x00028989   Thumb Code    16  fds.o(i.fds_record_update)
    fds_record_write                         0x00028999   Thumb Code     8  fds.o(i.fds_record_write)
    fds_register                             0x000289a1   Thumb Code    38  fds.o(i.fds_register)
    main                                     0x000291e9   Thumb Code   390  main.o(i.main)
    nrf_atfifo_clear                         0x0002956b   Thumb Code    16  nrf_atfifo.o(i.nrf_atfifo_clear)
    nrf_atfifo_init                          0x0002957b   Thumb Code    38  nrf_atfifo.o(i.nrf_atfifo_init)
    nrf_atfifo_item_alloc                    0x000295a1   Thumb Code    22  nrf_atfifo.o(i.nrf_atfifo_item_alloc)
    nrf_atfifo_item_free                     0x000295b7   Thumb Code    22  nrf_atfifo.o(i.nrf_atfifo_item_free)
    nrf_atfifo_item_get                      0x000295cd   Thumb Code    22  nrf_atfifo.o(i.nrf_atfifo_item_get)
    nrf_atfifo_item_put                      0x000295e3   Thumb Code    22  nrf_atfifo.o(i.nrf_atfifo_item_put)
    nrf_atflags_clear                        0x000295f9   Thumb Code    22  nrf_atflags.o(i.nrf_atflags_clear)
    nrf_atflags_get                          0x0002960f   Thumb Code    22  nrf_atflags.o(i.nrf_atflags_get)
    nrf_atflags_set                          0x00029625   Thumb Code    20  nrf_atflags.o(i.nrf_atflags_set)
    nrf_atomic_flag_clear_fetch              0x00029639   Thumb Code     6  nrf_atomic.o(i.nrf_atomic_flag_clear_fetch)
    nrf_atomic_flag_set                      0x0002963f   Thumb Code     6  nrf_atomic.o(i.nrf_atomic_flag_set)
    nrf_atomic_flag_set_fetch                0x00029645   Thumb Code     6  nrf_atomic.o(i.nrf_atomic_flag_set_fetch)
    nrf_atomic_u32_add                       0x0002964b   Thumb Code    12  nrf_atomic.o(i.nrf_atomic_u32_add)
    nrf_atomic_u32_and                       0x00029657   Thumb Code    12  nrf_atomic.o(i.nrf_atomic_u32_and)
    nrf_atomic_u32_fetch_add                 0x00029663   Thumb Code    10  nrf_atomic.o(i.nrf_atomic_u32_fetch_add)
    nrf_atomic_u32_fetch_and                 0x0002966d   Thumb Code    10  nrf_atomic.o(i.nrf_atomic_u32_fetch_and)
    nrf_atomic_u32_fetch_or                  0x00029677   Thumb Code    10  nrf_atomic.o(i.nrf_atomic_u32_fetch_or)
    nrf_atomic_u32_fetch_store               0x00029681   Thumb Code    10  nrf_atomic.o(i.nrf_atomic_u32_fetch_store)
    nrf_atomic_u32_or                        0x0002968b   Thumb Code    12  nrf_atomic.o(i.nrf_atomic_u32_or)
    nrf_atomic_u32_sub                       0x00029697   Thumb Code    12  nrf_atomic.o(i.nrf_atomic_u32_sub)
    nrf_balloc_alloc                         0x000296a3   Thumb Code    68  nrf_balloc.o(i.nrf_balloc_alloc)
    nrf_balloc_free                          0x000296e7   Thumb Code    48  nrf_balloc.o(i.nrf_balloc_free)
    nrf_ble_gatt_init                        0x0002973b   Thumb Code    34  nrf_ble_gatt.o(i.nrf_ble_gatt_init)
    nrf_ble_gatt_on_ble_evt                  0x0002975d   Thumb Code   270  nrf_ble_gatt.o(i.nrf_ble_gatt_on_ble_evt)
    nrf_ble_qwr_conn_handle_assign           0x000298ad   Thumb Code    22  nrf_ble_qwr.o(i.nrf_ble_qwr_conn_handle_assign)
    nrf_ble_qwr_init                         0x000298c3   Thumb Code    36  nrf_ble_qwr.o(i.nrf_ble_qwr_init)
    nrf_ble_qwr_on_ble_evt                   0x000298e7   Thumb Code   182  nrf_ble_qwr.o(i.nrf_ble_qwr_on_ble_evt)
    nrf_drv_clock_init                       0x000299dd   Thumb Code    48  nrf_drv_clock.o(i.nrf_drv_clock_init)
    nrf_drv_clock_lfclk_release              0x00029a15   Thumb Code    42  nrf_drv_clock.o(i.nrf_drv_clock_lfclk_release)
    nrf_drv_uart_init                        0x00029a45   Thumb Code    90  nrf_drv_uart.o(i.nrf_drv_uart_init)
    nrf_fprintf                              0x00029aad   Thumb Code    26  nrf_fprintf.o(i.nrf_fprintf)
    nrf_fprintf_buffer_flush                 0x00029ac7   Thumb Code    24  nrf_fprintf.o(i.nrf_fprintf_buffer_flush)
    nrf_fprintf_fmt                          0x00029adf   Thumb Code   474  nrf_fprintf_format.o(i.nrf_fprintf_fmt)
    nrf_fstorage_erase                       0x00029cb9   Thumb Code   188  nrf_fstorage.o(i.nrf_fstorage_erase)
    nrf_fstorage_init                        0x00029df1   Thumb Code    74  nrf_fstorage.o(i.nrf_fstorage_init)
    nrf_fstorage_sdh_req_handler             0x00029e85   Thumb Code    18  nrf_fstorage_sd.o(i.nrf_fstorage_sdh_req_handler)
    nrf_fstorage_sdh_state_handler           0x00029e9d   Thumb Code    28  nrf_fstorage_sd.o(i.nrf_fstorage_sdh_state_handler)
    nrf_fstorage_sys_evt_handler             0x00029ebd   Thumb Code   154  nrf_fstorage_sd.o(i.nrf_fstorage_sys_evt_handler)
    nrf_fstorage_write                       0x00029f61   Thumb Code   242  nrf_fstorage.o(i.nrf_fstorage_write)
    nrf_log_backend_serial_put               0x0002a355   Thumb Code   200  nrf_log_backend_serial.o(i.nrf_log_backend_serial_put)
    nrf_log_color_id_get                     0x0002a465   Thumb Code    42  nrf_log_frontend.o(i.nrf_log_color_id_get)
    nrf_log_frontend_dequeue                 0x0002a495   Thumb Code   528  nrf_log_frontend.o(i.nrf_log_frontend_dequeue)
    nrf_log_frontend_std_0                   0x0002a6c9   Thumb Code     8  nrf_log_frontend.o(i.nrf_log_frontend_std_0)
    nrf_log_frontend_std_1                   0x0002a6d1   Thumb Code    14  nrf_log_frontend.o(i.nrf_log_frontend_std_1)
    nrf_log_frontend_std_2                   0x0002a6df   Thumb Code    16  nrf_log_frontend.o(i.nrf_log_frontend_std_2)
    nrf_log_frontend_std_3                   0x0002a6ef   Thumb Code    18  nrf_log_frontend.o(i.nrf_log_frontend_std_3)
    nrf_log_hexdump_entry_process            0x0002a701   Thumb Code   150  nrf_log_str_formatter.o(i.nrf_log_hexdump_entry_process)
    nrf_log_module_cnt_get                   0x0002a7b1   Thumb Code    10  nrf_log_frontend.o(i.nrf_log_module_cnt_get)
    nrf_log_module_name_get                  0x0002a7c5   Thumb Code    24  nrf_log_frontend.o(i.nrf_log_module_name_get)
    nrf_log_panic                            0x0002a7e1   Thumb Code    38  nrf_log_frontend.o(i.nrf_log_panic)
    nrf_log_std_entry_process                0x0002a80d   Thumb Code   182  nrf_log_str_formatter.o(i.nrf_log_std_entry_process)
    nrf_memobj_alloc                         0x0002a8c3   Thumb Code    96  nrf_memobj.o(i.nrf_memobj_alloc)
    nrf_memobj_free                          0x0002a923   Thumb Code    50  nrf_memobj.o(i.nrf_memobj_free)
    nrf_memobj_get                           0x0002a955   Thumb Code     8  nrf_memobj.o(i.nrf_memobj_get)
    nrf_memobj_put                           0x0002a95d   Thumb Code    30  nrf_memobj.o(i.nrf_memobj_put)
    nrf_memobj_read                          0x0002a97b   Thumb Code    16  nrf_memobj.o(i.nrf_memobj_read)
    nrf_memobj_write                         0x0002a98b   Thumb Code    16  nrf_memobj.o(i.nrf_memobj_write)
    nrf_pwr_mgmt_init                        0x0002a99d   Thumb Code    28  nrf_pwr_mgmt.o(i.nrf_pwr_mgmt_init)
    nrf_pwr_mgmt_run                         0x0002a9c5   Thumb Code    64  nrf_pwr_mgmt.o(i.nrf_pwr_mgmt_run)
    nrf_sdh_ble_app_ram_start_get            0x0002aa71   Thumb Code    16  nrf_sdh_ble.o(i.nrf_sdh_ble_app_ram_start_get)
    nrf_sdh_ble_default_cfg_set              0x0002aa85   Thumb Code   228  nrf_sdh_ble.o(i.nrf_sdh_ble_default_cfg_set)
    nrf_sdh_ble_enable                       0x0002ab85   Thumb Code   116  nrf_sdh_ble.o(i.nrf_sdh_ble_enable)
    nrf_sdh_disable_request                  0x0002ad11   Thumb Code    80  nrf_sdh.o(i.nrf_sdh_disable_request)
    nrf_sdh_enable_request                   0x0002ad65   Thumb Code   102  nrf_sdh.o(i.nrf_sdh_enable_request)
    nrf_sdh_evts_poll                        0x0002add9   Thumb Code    32  nrf_sdh.o(i.nrf_sdh_evts_poll)
    nrf_sdh_is_enabled                       0x0002adfd   Thumb Code     6  nrf_sdh.o(i.nrf_sdh_is_enabled)
    nrf_sdh_request_continue                 0x0002ae09   Thumb Code    22  nrf_sdh.o(i.nrf_sdh_request_continue)
    nrf_section_iter_init                    0x0002ae61   Thumb Code    10  nrf_section_iter.o(i.nrf_section_iter_init)
    nrf_section_iter_next                    0x0002ae8f   Thumb Code    32  nrf_section_iter.o(i.nrf_section_iter_next)
    nrf_sortlist_add                         0x0002aeaf   Thumb Code    34  nrf_sortlist.o(i.nrf_sortlist_add)
    nrf_sortlist_peek                        0x0002aed1   Thumb Code     6  nrf_sortlist.o(i.nrf_sortlist_peek)
    nrf_sortlist_pop                         0x0002aed7   Thumb Code    14  nrf_sortlist.o(i.nrf_sortlist_pop)
    nrf_sortlist_remove                      0x0002aee5   Thumb Code    30  nrf_sortlist.o(i.nrf_sortlist_remove)
    nrf_strerror_find                        0x0002af0d   Thumb Code    52  nrf_strerror.o(i.nrf_strerror_find)
    nrf_strerror_get                         0x0002af45   Thumb Code    14  nrf_strerror.o(i.nrf_strerror_get)
    nrfx_clock_enable                        0x0002af91   Thumb Code    34  nrfx_clock.o(i.nrfx_clock_enable)
    nrfx_clock_init                          0x0002afbd   Thumb Code    26  nrfx_clock.o(i.nrfx_clock_init)
    nrfx_clock_lfclk_stop                    0x0002afdd   Thumb Code    20  nrfx_clock.o(i.nrfx_clock_lfclk_stop)
    nrfx_gpiote_in_event_disable             0x0002b019   Thumb Code    66  nrfx_gpiote.o(i.nrfx_gpiote_in_event_disable)
    nrfx_gpiote_in_event_enable              0x0002b061   Thumb Code   156  nrfx_gpiote.o(i.nrfx_gpiote_in_event_enable)
    nrfx_gpiote_in_init                      0x0002b105   Thumb Code   194  nrfx_gpiote.o(i.nrfx_gpiote_in_init)
    nrfx_gpiote_in_is_set                    0x0002b1d5   Thumb Code    20  nrfx_gpiote.o(i.nrfx_gpiote_in_is_set)
    nrfx_gpiote_init                         0x0002b1e9   Thumb Code    94  nrfx_gpiote.o(i.nrfx_gpiote_init)
    nrfx_gpiote_is_init                      0x0002b255   Thumb Code    14  nrfx_gpiote.o(i.nrfx_gpiote_is_init)
    nrfx_prs_acquire                         0x0002b289   Thumb Code    58  nrfx_prs.o(i.nrfx_prs_acquire)
    nrfx_prs_release                         0x0002b2c3   Thumb Code    18  nrfx_prs.o(i.nrfx_prs_release)
    nrfx_saadc_buffer_convert                0x0002b2d5   Thumb Code   154  nrfx_saadc.o(i.nrfx_saadc_buffer_convert)
    nrfx_saadc_channel_init                  0x0002b379   Thumb Code   160  nrfx_saadc.o(i.nrfx_saadc_channel_init)
    nrfx_saadc_channel_uninit                0x0002b425   Thumb Code    62  nrfx_saadc.o(i.nrfx_saadc_channel_uninit)
    nrfx_saadc_init                          0x0002b469   Thumb Code   130  nrfx_saadc.o(i.nrfx_saadc_init)
    nrfx_saadc_limits_set                    0x0002b4fd   Thumb Code   120  nrfx_saadc.o(i.nrfx_saadc_limits_set)
    nrfx_saadc_sample                        0x0002b57d   Thumb Code    34  nrfx_saadc.o(i.nrfx_saadc_sample)
    nrfx_saadc_uninit                        0x0002b5a9   Thumb Code    94  nrfx_saadc.o(i.nrfx_saadc_uninit)
    nrfx_spim_init                           0x0002b615   Thumb Code   362  nrfx_spim.o(i.nrfx_spim_init)
    nrfx_spim_xfer                           0x0002b789   Thumb Code    94  nrfx_spim.o(i.nrfx_spim_xfer)
    nrfx_uart_0_irq_handler                  0x0002b7ed   Thumb Code     8  nrfx_uart.o(i.nrfx_uart_0_irq_handler)
    nrfx_uart_init                           0x0002b7fd   Thumb Code   196  nrfx_uart.o(i.nrfx_uart_init)
    nrfx_uart_tx                             0x0002b8cd   Thumb Code   162  nrfx_uart.o(i.nrfx_uart_tx)
    nrfx_uart_tx_in_progress                 0x0002b975   Thumb Code    26  nrfx_uart.o(i.nrfx_uart_tx_in_progress)
    nrfx_uart_uninit                         0x0002b995   Thumb Code   170  nrfx_uart.o(i.nrfx_uart_uninit)
    nrfx_uarte_0_irq_handler                 0x0002ba49   Thumb Code     8  nrfx_uarte.o(i.nrfx_uarte_0_irq_handler)
    nrfx_uarte_init                          0x0002ba59   Thumb Code   100  nrfx_uarte.o(i.nrfx_uarte_init)
    nrfx_uarte_tx                            0x0002bac5   Thumb Code   166  nrfx_uarte.o(i.nrfx_uarte_tx)
    nrfx_uarte_tx_in_progress                0x0002bb71   Thumb Code    22  nrfx_uarte.o(i.nrfx_uarte_tx_in_progress)
    nrfx_uarte_uninit                        0x0002bb8d   Thumb Code   214  nrfx_uarte.o(i.nrfx_uarte_uninit)
    spi_event_handler                        0x0002c8b1   Thumb Code     8  e154.o(i.spi_event_handler)
    gImage_num                               0x0002d3dc   Data        1280  main.o(.constdata)
    gImage_white_full                        0x0002d8dc   Data        5000  main.o(.constdata)
    gImage_metal                             0x0002ec64   Data        5000  main.o(.constdata)
    nrf_fstorage_sd                          0x00030290   Data          32  nrf_fstorage_sd.o(.constdata)
    nrf_log_backend_uart_api                 0x000302b0   Data          12  nrf_log_backend_uart.o(.constdata)
    m_ram_start                              0x00030354   Data           4  nrf_sdh_ble.o(.constdata)
    __ctype_table                            0x00030380   Data         129  ctype_o.o(.constdata)
    Region$$Table$$Base                      0x00030b9c   Number         0  anon$$obj.o(Region$$Table)
    Region$$Table$$Limit                     0x00030bbc   Number         0  anon$$obj.o(Region$$Table)
    log_const_data$$Base                     0x00030bcc   Number         0  nrf_ble_gatt.o(log_const_data)
    m_nrf_log_nrf_ble_gatt_logs_data_const   0x00030bcc   Data           8  nrf_ble_gatt.o(log_const_data)
    m_nrf_log_clock_logs_data_const          0x00030bd4   Data           8  nrf_drv_clock.o(log_const_data)
    m_nrf_log_CLOCK_logs_data_const          0x00030bdc   Data           8  nrfx_clock.o(log_const_data)
    m_nrf_log_GPIOTE_logs_data_const         0x00030be4   Data           8  nrfx_gpiote.o(log_const_data)
    m_nrf_log_PRS_logs_data_const            0x00030bec   Data           8  nrfx_prs.o(log_const_data)
    m_nrf_log_UART_logs_data_const           0x00030bf4   Data           8  nrfx_uart.o(log_const_data)
    m_nrf_log_UARTE_logs_data_const          0x00030bfc   Data           8  nrfx_uarte.o(log_const_data)
    m_nrf_log_SPIM_logs_data_const           0x00030c04   Data           8  nrfx_spim.o(log_const_data)
    m_nrf_log_SAADC_logs_data_const          0x00030c0c   Data           8  nrfx_saadc.o(log_const_data)
    m_nrf_log_app_button_logs_data_const     0x00030c14   Data           8  app_button.o(log_const_data)
    m_nrf_log_app_timer_logs_data_const      0x00030c1c   Data           8  app_timer2.o(log_const_data)
    m_nrf_log_pwr_mgmt_logs_data_const       0x00030c24   Data           8  nrf_pwr_mgmt.o(log_const_data)
    m_nrf_log_sortlist_logs_data_const       0x00030c2c   Data           8  nrf_sortlist.o(log_const_data)
    m_nrf_log_nrf_fstorage_logs_data_const   0x00030c34   Data           8  nrf_fstorage.o(log_const_data)
    m_nrf_log_app_logs_data_const            0x00030c3c   Data           8  nrf_log_frontend.o(log_const_data)
    m_nrf_log_nrf_sdh_logs_data_const        0x00030c44   Data           8  nrf_sdh.o(log_const_data)
    m_nrf_log_nrf_sdh_ble_logs_data_const    0x00030c4c   Data           8  nrf_sdh_ble.o(log_const_data)
    m_nrf_log_nrf_sdh_soc_logs_data_const    0x00030c54   Data           8  nrf_sdh_soc.o(log_const_data)
    log_const_data$$Limit                    0x00030c5c   Number         0  nrf_sdh_soc.o(log_const_data)
    log_mempool                              0x00030c5c   Data          20  nrf_log_frontend.o(nrf_balloc)
    sdh_ble_observers0$$Base                 0x00030c70   Number         0  ble_conn_state.o(sdh_ble_observers0)
    sdh_ble_observers0$$Limit                0x00030c78   Number         0  ble_conn_state.o(sdh_ble_observers0)
    sdh_ble_observers1$$Base                 0x00030c78   Number         0  main.o(sdh_ble_observers1)
    sdh_ble_observers1$$Limit                0x00030c88   Number         0  ble_conn_params.o(sdh_ble_observers1)
    sdh_ble_observers2$$Base                 0x00030c88   Number         0  main.o(sdh_ble_observers2)
    sdh_ble_observers2$$Limit                0x00030c98   Number         0  main.o(sdh_ble_observers2)
    sdh_ble_observers3$$Base                 0x00030c98   Number         0  main.o(sdh_ble_observers3)
    m_req_obs                                0x00030ca0   Data           8  nrf_fstorage_sd.o(sdh_req_observers0)
    sdh_ble_observers3$$Limit                0x00030ca0   Number         0  main.o(sdh_ble_observers3)
    sdh_req_observers0$$Base                 0x00030ca0   Number         0  nrf_fstorage_sd.o(sdh_req_observers0)
    sdh_req_observers0$$Limit                0x00030ca8   Number         0  nrf_fstorage_sd.o(sdh_req_observers0)
    sdh_soc_observers0$$Base                 0x00030ca8   Number         0  nrf_drv_clock.o(sdh_soc_observers0)
    sdh_soc_observers0$$Limit                0x00030cb8   Number         0  nrf_fstorage_sd.o(sdh_soc_observers0)
    sdh_stack_observers0$$Base               0x00030cb8   Number         0  nrf_sdh_ble.o(sdh_stack_observers0)
    sdh_stack_observers0$$Limit              0x00030cc8   Number         0  nrf_sdh_soc.o(sdh_stack_observers0)
    sdh_state_observers0$$Base               0x00030cc8   Number         0  nrf_drv_clock.o(sdh_state_observers0)
    sdh_state_observers0$$Limit              0x00030cd8   Number         0  nrf_fstorage_sd.o(sdh_state_observers0)
    Image$$RW_IRAM1$$Base                    0x20002ad8   Number         0  anon$$obj.o ABSOLUTE
    adcflag                                  0x20002ad8   Data           1  main.o(.data)
    finished_flag                            0x20002ad9   Data           1  main.o(.data)
    sysoff_flag                              0x20002ada   Data           1  main.o(.data)
    eink_busy                                0x20002adb   Data           1  main.o(.data)
    flag                                     0x20002adc   Data           1  main.o(.data)
    busy_flag                                0x20002add   Data           1  main.o(.data)
    flag1                                    0x20002ae8   Data           4  main.o(.data)
    flag2                                    0x20002aec   Data           4  main.o(.data)
    pAddr                                    0x20002af0   Data           4  main.o(.data)
    nrf_drv_uart_use_easy_dma                0x20002b30   Data           1  nrf_drv_uart.o(.data)
    m_uart                                   0x20002bdc   Data          20  nrf_log_backend_uart.o(.data)
    SystemCoreClock                          0x20002c4c   Data           4  system_nrf52.o(.data)
    fs_data$$Base                            0x20002c50   Number         0  fds.o(fs_data)
    m_fs                                     0x20002c50   Data          20  fds.o(fs_data)
    fs_data$$Limit                           0x20002c64   Number         0  fds.o(fs_data)
    nrf_nvic_state                           0x200031a8   Data          12  app_util_platform.o(.bss)
    __initial_sp                             0x20005888   Data           0  arm_startup_nrf52.o(STACK)



==============================================================================

Memory Map of the image

  Image Entry point : 0x00026201

  Load Region LR_IROM1 (Base: 0x00026000, Size: 0x0000ae64, Max: 0x0005a000, ABSOLUTE, COMPRESSED[0x0000ad44])

    Execution Region ER_IROM1 (Base: 0x00026000, Size: 0x0000acd8, Max: 0x0005a000, ABSOLUTE)

    Base Addr    Size         Type   Attr      Idx    E Section Name        Object

    0x00026000   0x00000200   Data   RO         6284    RESET               arm_startup_nrf52.o
    0x00026200   0x00000000   Code   RO         6329  * .ARM.Collect$$$$00000000  mc_w.l(entry.o)
    0x00026200   0x00000004   Code   RO         6381    .ARM.Collect$$$$00000001  mc_w.l(entry2.o)
    0x00026204   0x00000004   Code   RO         6384    .ARM.Collect$$$$00000004  mc_w.l(entry5.o)
    0x00026208   0x00000000   Code   RO         6386    .ARM.Collect$$$$00000008  mc_w.l(entry7b.o)
    0x00026208   0x00000000   Code   RO         6388    .ARM.Collect$$$$0000000A  mc_w.l(entry8b.o)
    0x00026208   0x00000008   Code   RO         6389    .ARM.Collect$$$$0000000B  mc_w.l(entry9a.o)
    0x00026210   0x00000000   Code   RO         6391    .ARM.Collect$$$$0000000D  mc_w.l(entry10a.o)
    0x00026210   0x00000000   Code   RO         6393    .ARM.Collect$$$$0000000F  mc_w.l(entry11a.o)
    0x00026210   0x00000004   Code   RO         6382    .ARM.Collect$$$$00002712  mc_w.l(entry2.o)
    0x00026214   0x000000c8   Code   RO         3980    .emb_text           nrf_atfifo.o
    0x000262dc   0x000000e2   Code   RO         4116    .emb_text           nrf_atomic.o
    0x000263be   0x00000002   PAD
    0x000263c0   0x00000024   Code   RO         6285    .text               arm_startup_nrf52.o
    0x000263e4   0x0000001e   Code   RO         6337    .text               mc_w.l(llshl.o)
    0x00026402   0x00000002   PAD
    0x00026404   0x00000008   Code   RO         6339    .text               mc_w.l(ctype_o.o)
    0x0002640c   0x00000024   Code   RO         6367    .text               mc_w.l(memcpya.o)
    0x00026430   0x00000024   Code   RO         6369    .text               mc_w.l(memseta.o)
    0x00026454   0x0000000e   Code   RO         6371    .text               mc_w.l(strlen.o)
    0x00026462   0x00000002   PAD
    0x00026464   0x00000024   Code   RO         6397    .text               mc_w.l(init.o)
    0x00026488   0x00000056   Code   RO         6407    .text               mc_w.l(__dczerorl2.o)
    0x000264de   0x00000002   PAD
    0x000264e0   0x00000048   Code   RO            6    i.ADC_Init          main.o
    0x00026528   0x00000014   Code   RO            7    i.ADC_Read          main.o
    0x0002653c   0x000000b4   Code   RO          486    i.EPD_Dis_Part      e154.o
    0x000265f0   0x000000b6   Code   RO          490    i.EPD_HW_Init       e154.o
    0x000266a6   0x00000018   Code   RO          491    i.EPD_Part_Update   e154.o
    0x000266be   0x0000003c   Code   RO          492    i.EPD_SetRAMValue   e154.o
    0x000266fa   0x00000040   Code   RO          493    i.EPD_SetRAMValue_BaseMap  e154.o
    0x0002673a   0x00000018   Code   RO          494    i.EPD_Update        e154.o
    0x00026752   0x00000020   Code   RO          497    i.Epaper_Write_Command  e154.o
    0x00026772   0x00000026   Code   RO          498    i.Epaper_Write_Data  e154.o
    0x00026798   0x00000164   Code   RO         2254    i.GPIOTE_IRQHandler  nrfx_gpiote.o
    0x000268fc   0x00000058   Code   RO         2116    i.POWER_CLOCK_IRQHandler  nrfx_clock.o
    0x00026954   0x00000010   Code   RO         3772    i.RTC1_IRQHandler   drv_rtc.o
    0x00026964   0x0000002c   Code   RO          499    i.ReadBusy          e154.o
    0x00026990   0x00000148   Code   RO         3042    i.SAADC_IRQHandler  nrfx_saadc.o
    0x00026ad8   0x00000054   Code   RO         2925    i.SPIM0_SPIS0_TWIM0_TWIS0_SPI0_TWI0_IRQHandler  nrfx_spim.o
    0x00026b2c   0x00000078   Code   RO          500    i.SPI_EP_Init       e154.o
    0x00026ba4   0x00000004   Code   RO          501    i.SPI_EP_unInit     e154.o
    0x00026ba8   0x00000040   Code   RO          502    i.SPI_Write         e154.o
    0x00026be8   0x00000004   Code   RO         6075    i.SWI2_EGU2_IRQHandler  nrf_sdh.o
    0x00026bec   0x0000031c   Code   RO         6293    i.SystemInit        system_nrf52.o
    0x00026f08   0x0000000c   Code   RO         2523    i.UARTE0_UART0_IRQHandler  nrfx_prs.o
    0x00026f14   0x0000000e   Code   RO         6401    i.__scatterload_copy  mc_w.l(handlers.o)
    0x00026f22   0x00000002   Code   RO         6402    i.__scatterload_null  mc_w.l(handlers.o)
    0x00026f24   0x0000000e   Code   RO         6403    i.__scatterload_zeroinit  mc_w.l(handlers.o)
    0x00026f32   0x00000002   PAD
    0x00026f34   0x00000024   Code   RO         6076    i.__sd_nvic_app_accessible_irq  nrf_sdh.o
    0x00026f58   0x0000004c   Code   RO            8    i.adcCallbackFunc   main.o
    0x00026fa4   0x0000002c   Code   RO            9    i.adc_aim_update    main.o
    0x00026fd0   0x00000018   Code   RO           10    i.adc_timer_timeout_handler  main.o
    0x00026fe8   0x0000000c   Code   RO         5026    i.addr_is_aligned32  nrf_fstorage.o
    0x00026ff4   0x00000018   Code   RO         5027    i.addr_is_within_bounds  nrf_fstorage.o
    0x0002700c   0x000000a4   Code   RO           11    i.advertising_init  main.o
    0x000270b0   0x00000018   Code   RO           12    i.advertising_start  main.o
    0x000270c8   0x00000048   Code   RO         3245    i.app_button_disable  app_button.o
    0x00027110   0x00000024   Code   RO         3246    i.app_button_enable  app_button.o
    0x00027134   0x00000080   Code   RO         3247    i.app_button_init   app_button.o
    0x000271b4   0x00000084   Code   RO         3436    i.app_error_fault_handler  app_error_weak.o
    0x00027238   0x00000016   Code   RO         3373    i.app_error_handler_bare  app_error.o
    0x0002724e   0x00000002   PAD
    0x00027250   0x0000000c   Code   RO         3551    i.app_timer_cnt_get  app_timer2.o
    0x0002725c   0x00000016   Code   RO         3552    i.app_timer_create  app_timer2.o
    0x00027272   0x00000002   PAD
    0x00027274   0x0000005c   Code   RO         3553    i.app_timer_init    app_timer2.o
    0x000272d0   0x00000030   Code   RO         3556    i.app_timer_start   app_timer2.o
    0x00027300   0x0000000c   Code   RO         3557    i.app_timer_stop    app_timer2.o
    0x0002730c   0x00000048   Code   RO         3692    i.app_util_critical_region_enter  app_util_platform.o
    0x00027354   0x00000034   Code   RO         3693    i.app_util_critical_region_exit  app_util_platform.o
    0x00027388   0x00000088   Code   RO         2577    i.apply_config      nrfx_uart.o
    0x00027410   0x00000088   Code   RO         2765    i.apply_config      nrfx_uarte.o
    0x00027498   0x00000182   Code   RO          997    i.ble_advdata_encode  ble_advdata.o
    0x0002761a   0x0000002e   Code   RO           14    i.ble_button2_send  main.o
    0x00027648   0x00000068   Code   RO         1149    i.ble_conn_params_init  ble_conn_params.o
    0x000276b0   0x00000060   Code   RO         1003    i.ble_device_addr_encode  ble_advdata.o
    0x00027710   0x00000134   Code   RO           15    i.ble_evt_handler   main.o
    0x00027844   0x000000fc   Code   RO         1151    i.ble_evt_handler   ble_conn_params.o
    0x00027940   0x00000118   Code   RO         1273    i.ble_evt_handler   ble_conn_state.o
    0x00027a58   0x000000c4   Code   RO         1727    i.ble_lbs_init      ble_lbs.o
    0x00027b1c   0x0000002e   Code   RO         1728    i.ble_lbs_on_ble_evt  ble_lbs.o
    0x00027b4a   0x0000002e   Code   RO         1729    i.ble_lbs_on_button_change  ble_lbs.o
    0x00027b78   0x00000008   Code   RO         1428    i.ble_srv_is_notification_enabled  ble_srv_common.o
    0x00027b80   0x00000090   Code   RO         5475    i.buf_prealloc      nrf_log_frontend.o
    0x00027c10   0x0000002e   Code   RO         4328    i.buffer_add        nrf_fprintf_format.o
    0x00027c3e   0x00000002   PAD
    0x00027c40   0x00000014   Code   RO         5476    i.buffer_is_empty   nrf_log_frontend.o
    0x00027c54   0x00000050   Code   RO           16    i.busy_timer_timeout_handler  main.o
    0x00027ca4   0x000000b8   Code   RO           17    i.button_event_handler  main.o
    0x00027d5c   0x00000028   Code   RO         3249    i.button_get        app_button.o
    0x00027d84   0x0000001c   Code   RO         2255    i.channel_free      nrfx_gpiote.o
    0x00027da0   0x00000048   Code   RO         2256    i.channel_port_alloc  nrfx_gpiote.o
    0x00027de8   0x00000010   Code   RO         2257    i.channel_port_get  nrfx_gpiote.o
    0x00027df8   0x00000190   Code   RO         1430    i.characteristic_add  ble_srv_common.o
    0x00027f88   0x00000028   Code   RO         1767    i.clock_clk_started_notify  nrf_drv_clock.o
    0x00027fb0   0x0000001c   Code   RO         1768    i.clock_irq_handler  nrf_drv_clock.o
    0x00027fcc   0x00000018   Code   RO         3559    i.compare_func      app_timer2.o
    0x00027fe4   0x0000003e   Code   RO         1274    i.conn_handle_list_get  ble_conn_state.o
    0x00028022   0x00000088   Code   RO         1004    i.conn_int_encode   ble_advdata.o
    0x000280aa   0x00000004   Code   RO           18    i.conn_params_error_handler  main.o
    0x000280ae   0x00000002   PAD
    0x000280b0   0x00000048   Code   RO         1152    i.conn_params_negotiation  ble_conn_params.o
    0x000280f8   0x000000c0   Code   RO         1575    i.data_length_update  nrf_ble_gatt.o
    0x000281b8   0x0000008c   Code   RO         4709    i.delete_execute    fds.o
    0x00028244   0x00000048   Code   RO         3250    i.detection_delay_timeout_handler  app_button.o
    0x0002828c   0x00000014   Code   RO         5477    i.dropped_sat16_get  nrf_log_frontend.o
    0x000282a0   0x00000014   Code   RO         3773    i.drv_rtc_compare_disable  drv_rtc.o
    0x000282b4   0x0000000e   Code   RO         3775    i.drv_rtc_compare_pending  drv_rtc.o
    0x000282c2   0x00000050   Code   RO         3776    i.drv_rtc_compare_set  drv_rtc.o
    0x00028312   0x00000008   Code   RO         3777    i.drv_rtc_counter_get  drv_rtc.o
    0x0002831a   0x00000002   PAD
    0x0002831c   0x000000d4   Code   RO         3778    i.drv_rtc_init      drv_rtc.o
    0x000283f0   0x0000001a   Code   RO         3779    i.drv_rtc_irq_trigger  drv_rtc.o
    0x0002840a   0x00000008   Code   RO         3781    i.drv_rtc_overflow_enable  drv_rtc.o
    0x00028412   0x00000008   Code   RO         3782    i.drv_rtc_overflow_pending  drv_rtc.o
    0x0002841a   0x00000008   Code   RO         3783    i.drv_rtc_start     drv_rtc.o
    0x00028422   0x00000008   Code   RO         3784    i.drv_rtc_stop      drv_rtc.o
    0x0002842a   0x000000de   Code   RO         3789    i.drv_rtc_windowed_compare_set  drv_rtc.o
    0x00028508   0x0000004c   Code   RO         5190    i.erase             nrf_fstorage_sd.o
    0x00028554   0x00000074   Code   RO         4710    i.event_prepare     fds.o
    0x000285c8   0x00000020   Code   RO         4711    i.event_send        fds.o
    0x000285e8   0x00000054   Code   RO         5191    i.event_send        nrf_fstorage_sd.o
    0x0002863c   0x00000012   Code   RO         3790    i.evt_enable        drv_rtc.o
    0x0002864e   0x00000002   PAD
    0x00028650   0x000000e0   Code   RO         3251    i.evt_handle        app_button.o
    0x00028730   0x00000014   Code   RO         3791    i.evt_pending       drv_rtc.o
    0x00028744   0x0000007c   Code   RO           19    i.fds_evt_handler   main.o
    0x000287c0   0x00000040   Code   RO         4714    i.fds_gc            fds.o
    0x00028800   0x000000e4   Code   RO         4715    i.fds_init          fds.o
    0x000288e4   0x00000048   Code   RO         4716    i.fds_record_close  fds.o
    0x0002892c   0x0000000e   Code   RO         4718    i.fds_record_find   fds.o
    0x0002893a   0x00000002   PAD
    0x0002893c   0x0000004c   Code   RO         4723    i.fds_record_open   fds.o
    0x00028988   0x00000010   Code   RO         4724    i.fds_record_update  fds.o
    0x00028998   0x00000008   Code   RO         4725    i.fds_record_write  fds.o
    0x000289a0   0x00000030   Code   RO         4727    i.fds_register      fds.o
    0x000289d0   0x0000000a   Code   RO         1275    i.flag_toggle       ble_conn_state.o
    0x000289da   0x00000006   Code   RO         4731    i.fs_event_handler  fds.o
    0x000289e0   0x00000078   Code   RO         4732    i.gc_execute        fds.o
    0x00028a58   0x0000004c   Code   RO         4733    i.gc_next_page      fds.o
    0x00028aa4   0x00000040   Code   RO         4734    i.gc_page_erase     fds.o
    0x00028ae4   0x00000034   Code   RO         4735    i.gc_record_copy    fds.o
    0x00028b18   0x00000024   Code   RO         4736    i.gc_record_find_next  fds.o
    0x00028b3c   0x00000088   Code   RO         4737    i.gc_state_advance  fds.o
    0x00028bc4   0x00000034   Code   RO         3560    i.get_now           app_timer2.o
    0x00028bf8   0x0000003c   Code   RO         3252    i.gpiote_event_handler  app_button.o
    0x00028c34   0x0000002c   Code   RO         4738    i.header_check      fds.o
    0x00028c60   0x00000012   Code   RO         4739    i.header_has_next   fds.o
    0x00028c72   0x00000002   PAD
    0x00028c74   0x000001a8   Code   RO           20    i.idle_state_handle  main.o
    0x00028e1c   0x00000034   Code   RO         5192    i.init              nrf_fstorage_sd.o
    0x00028e50   0x000000c8   Code   RO         4740    i.init_execute      fds.o
    0x00028f18   0x00000014   Code   RO         1153    i.instance_get      ble_conn_params.o
    0x00028f2c   0x000000a6   Code   RO         4329    i.int_print         nrf_fprintf_format.o
    0x00028fd2   0x00000002   PAD
    0x00028fd4   0x00000084   Code   RO         2766    i.interrupts_enable  nrfx_uarte.o
    0x00029058   0x00000034   Code   RO         5478    i.invalid_packets_omit  nrf_log_frontend.o
    0x0002908c   0x00000010   Code   RO         5193    i.is_busy           nrf_fstorage_sd.o
    0x0002909c   0x00000044   Code   RO         1154    i.is_conn_params_ok  ble_conn_params.o
    0x000290e0   0x0000000c   Code   RO         4741    i.is_word_aligned   fds.o
    0x000290ec   0x0000004c   Code   RO           21    i.led_write_handler  main.o
    0x00029138   0x00000014   Code   RO         1576    i.link_init         nrf_ble_gatt.o
    0x0002914c   0x0000009c   Code   RO         5479    i.log_skip          nrf_log_frontend.o
    0x000291e8   0x000001c8   Code   RO           22    i.main              main.o
    0x000293b0   0x00000064   Code   RO         1005    i.manuf_specific_data_encode  ble_advdata.o
    0x00029414   0x0000007e   Code   RO         4368    i.memobj_op         nrf_memobj.o
    0x00029492   0x00000002   PAD
    0x00029494   0x00000030   Code   RO         5480    i.module_idx_get    nrf_log_frontend.o
    0x000294c4   0x000000a6   Code   RO         1006    i.name_encode       ble_advdata.o
    0x0002956a   0x00000010   Code   RO         3982    i.nrf_atfifo_clear  nrf_atfifo.o
    0x0002957a   0x00000026   Code   RO         3984    i.nrf_atfifo_init   nrf_atfifo.o
    0x000295a0   0x00000016   Code   RO         3985    i.nrf_atfifo_item_alloc  nrf_atfifo.o
    0x000295b6   0x00000016   Code   RO         3986    i.nrf_atfifo_item_free  nrf_atfifo.o
    0x000295cc   0x00000016   Code   RO         3987    i.nrf_atfifo_item_get  nrf_atfifo.o
    0x000295e2   0x00000016   Code   RO         3988    i.nrf_atfifo_item_put  nrf_atfifo.o
    0x000295f8   0x00000016   Code   RO         4050    i.nrf_atflags_clear  nrf_atflags.o
    0x0002960e   0x00000016   Code   RO         4055    i.nrf_atflags_get   nrf_atflags.o
    0x00029624   0x00000014   Code   RO         4057    i.nrf_atflags_set   nrf_atflags.o
    0x00029638   0x00000006   Code   RO         4118    i.nrf_atomic_flag_clear_fetch  nrf_atomic.o
    0x0002963e   0x00000006   Code   RO         4119    i.nrf_atomic_flag_set  nrf_atomic.o
    0x00029644   0x00000006   Code   RO         4120    i.nrf_atomic_flag_set_fetch  nrf_atomic.o
    0x0002964a   0x0000000c   Code   RO         4121    i.nrf_atomic_u32_add  nrf_atomic.o
    0x00029656   0x0000000c   Code   RO         4122    i.nrf_atomic_u32_and  nrf_atomic.o
    0x00029662   0x0000000a   Code   RO         4124    i.nrf_atomic_u32_fetch_add  nrf_atomic.o
    0x0002966c   0x0000000a   Code   RO         4125    i.nrf_atomic_u32_fetch_and  nrf_atomic.o
    0x00029676   0x0000000a   Code   RO         4126    i.nrf_atomic_u32_fetch_or  nrf_atomic.o
    0x00029680   0x0000000a   Code   RO         4127    i.nrf_atomic_u32_fetch_store  nrf_atomic.o
    0x0002968a   0x0000000c   Code   RO         4131    i.nrf_atomic_u32_or  nrf_atomic.o
    0x00029696   0x0000000c   Code   RO         4133    i.nrf_atomic_u32_sub  nrf_atomic.o
    0x000296a2   0x00000044   Code   RO         4252    i.nrf_balloc_alloc  nrf_balloc.o
    0x000296e6   0x00000030   Code   RO         4253    i.nrf_balloc_free   nrf_balloc.o
    0x00029716   0x00000010   Code   RO         2258    i.nrf_bitmask_bit_is_set  nrfx_gpiote.o
    0x00029726   0x00000014   Code   RO         2259    i.nrf_bitmask_bit_set  nrfx_gpiote.o
    0x0002973a   0x00000022   Code   RO         1582    i.nrf_ble_gatt_init  nrf_ble_gatt.o
    0x0002975c   0x00000150   Code   RO         1583    i.nrf_ble_gatt_on_ble_evt  nrf_ble_gatt.o
    0x000298ac   0x00000016   Code   RO         1683    i.nrf_ble_qwr_conn_handle_assign  nrf_ble_qwr.o
    0x000298c2   0x00000024   Code   RO         1684    i.nrf_ble_qwr_init  nrf_ble_qwr.o
    0x000298e6   0x000000b6   Code   RO         1685    i.nrf_ble_qwr_on_ble_evt  nrf_ble_qwr.o
    0x0002999c   0x0000000e   Code   RO         2117    i.nrf_clock_event_check  nrfx_clock.o
    0x000299aa   0x00000010   Code   RO         2118    i.nrf_clock_event_clear  nrfx_clock.o
    0x000299ba   0x00000002   PAD
    0x000299bc   0x00000020   Code   RO          503    i.nrf_delay_ms      e154.o
    0x000299dc   0x00000038   Code   RO         1775    i.nrf_drv_clock_init  nrf_drv_clock.o
    0x00029a14   0x00000030   Code   RO         1779    i.nrf_drv_clock_lfclk_release  nrf_drv_clock.o
    0x00029a44   0x00000068   Code   RO         1925    i.nrf_drv_uart_init  nrf_drv_uart.o
    0x00029aac   0x0000001a   Code   RO         4289    i.nrf_fprintf       nrf_fprintf.o
    0x00029ac6   0x00000018   Code   RO         4290    i.nrf_fprintf_buffer_flush  nrf_fprintf.o
    0x00029ade   0x000001da   Code   RO         4330    i.nrf_fprintf_fmt   nrf_fprintf_format.o
    0x00029cb8   0x00000138   Code   RO         5028    i.nrf_fstorage_erase  nrf_fstorage.o
    0x00029df0   0x00000094   Code   RO         5029    i.nrf_fstorage_init  nrf_fstorage.o
    0x00029e84   0x00000018   Code   RO         5194    i.nrf_fstorage_sdh_req_handler  nrf_fstorage_sd.o
    0x00029e9c   0x00000020   Code   RO         5195    i.nrf_fstorage_sdh_state_handler  nrf_fstorage_sd.o
    0x00029ebc   0x000000a4   Code   RO         5196    i.nrf_fstorage_sys_evt_handler  nrf_fstorage_sd.o
    0x00029f60   0x000001dc   Code   RO         5035    i.nrf_fstorage_write  nrf_fstorage.o
    0x0002a13c   0x00000024   Code   RO           23    i.nrf_gpio_cfg      main.o
    0x0002a160   0x00000024   Code   RO          504    i.nrf_gpio_cfg      e154.o
    0x0002a184   0x00000024   Code   RO         2260    i.nrf_gpio_cfg      nrfx_gpiote.o
    0x0002a1a8   0x00000024   Code   RO         2578    i.nrf_gpio_cfg      nrfx_uart.o
    0x0002a1cc   0x00000024   Code   RO         2767    i.nrf_gpio_cfg      nrfx_uarte.o
    0x0002a1f0   0x00000024   Code   RO         2926    i.nrf_gpio_cfg      nrfx_spim.o
    0x0002a214   0x00000012   Code   RO         2579    i.nrf_gpio_cfg_default  nrfx_uart.o
    0x0002a226   0x00000012   Code   RO         2768    i.nrf_gpio_cfg_default  nrfx_uarte.o
    0x0002a238   0x00000012   Code   RO         2580    i.nrf_gpio_cfg_input  nrfx_uart.o
    0x0002a24a   0x00000012   Code   RO         2769    i.nrf_gpio_cfg_input  nrfx_uarte.o
    0x0002a25c   0x00000014   Code   RO          505    i.nrf_gpio_cfg_output  e154.o
    0x0002a270   0x00000014   Code   RO         2581    i.nrf_gpio_cfg_output  nrfx_uart.o
    0x0002a284   0x00000014   Code   RO         2770    i.nrf_gpio_cfg_output  nrfx_uarte.o
    0x0002a298   0x00000014   Code   RO         2927    i.nrf_gpio_cfg_output  nrfx_spim.o
    0x0002a2ac   0x00000022   Code   RO         2262    i.nrf_gpio_cfg_sense_set  nrfx_gpiote.o
    0x0002a2ce   0x0000000e   Code   RO          506    i.nrf_gpio_pin_clear  e154.o
    0x0002a2dc   0x0000000e   Code   RO         2928    i.nrf_gpio_pin_clear  nrfx_spim.o
    0x0002a2ea   0x0000000e   Code   RO          507    i.nrf_gpio_pin_set  e154.o
    0x0002a2f8   0x0000000e   Code   RO         2929    i.nrf_gpio_pin_set  nrfx_spim.o
    0x0002a306   0x00000002   PAD
    0x0002a308   0x00000028   Code   RO         2263    i.nrf_gpio_ports_read  nrfx_gpiote.o
    0x0002a330   0x00000014   Code   RO         2264    i.nrf_gpiote_event_clear  nrfx_gpiote.o
    0x0002a344   0x00000010   Code   RO         2265    i.nrf_gpiote_event_is_set  nrfx_gpiote.o
    0x0002a354   0x000000c8   Code   RO         5317    i.nrf_log_backend_serial_put  nrf_log_backend_serial.o
    0x0002a41c   0x00000002   Code   RO         5357    i.nrf_log_backend_uart_flush  nrf_log_backend_uart.o
    0x0002a41e   0x00000002   PAD
    0x0002a420   0x0000002c   Code   RO         5359    i.nrf_log_backend_uart_panic_set  nrf_log_backend_uart.o
    0x0002a44c   0x00000018   Code   RO         5360    i.nrf_log_backend_uart_put  nrf_log_backend_uart.o
    0x0002a464   0x00000030   Code   RO         5483    i.nrf_log_color_id_get  nrf_log_frontend.o
    0x0002a494   0x00000234   Code   RO         5484    i.nrf_log_frontend_dequeue  nrf_log_frontend.o
    0x0002a6c8   0x00000008   Code   RO         5486    i.nrf_log_frontend_std_0  nrf_log_frontend.o
    0x0002a6d0   0x0000000e   Code   RO         5487    i.nrf_log_frontend_std_1  nrf_log_frontend.o
    0x0002a6de   0x00000010   Code   RO         5488    i.nrf_log_frontend_std_2  nrf_log_frontend.o
    0x0002a6ee   0x00000012   Code   RO         5489    i.nrf_log_frontend_std_3  nrf_log_frontend.o
    0x0002a700   0x000000b0   Code   RO         5661    i.nrf_log_hexdump_entry_process  nrf_log_str_formatter.o
    0x0002a7b0   0x00000014   Code   RO         5494    i.nrf_log_module_cnt_get  nrf_log_frontend.o
    0x0002a7c4   0x0000001c   Code   RO         5497    i.nrf_log_module_name_get  nrf_log_frontend.o
    0x0002a7e0   0x0000002c   Code   RO         5498    i.nrf_log_panic     nrf_log_frontend.o
    0x0002a80c   0x000000b6   Code   RO         5662    i.nrf_log_std_entry_process  nrf_log_str_formatter.o
    0x0002a8c2   0x00000060   Code   RO         4369    i.nrf_memobj_alloc  nrf_memobj.o
    0x0002a922   0x00000032   Code   RO         4370    i.nrf_memobj_free   nrf_memobj.o
    0x0002a954   0x00000008   Code   RO         4371    i.nrf_memobj_get    nrf_memobj.o
    0x0002a95c   0x0000001e   Code   RO         4373    i.nrf_memobj_put    nrf_memobj.o
    0x0002a97a   0x00000010   Code   RO         4374    i.nrf_memobj_read   nrf_memobj.o
    0x0002a98a   0x00000010   Code   RO         4375    i.nrf_memobj_write  nrf_memobj.o
    0x0002a99a   0x00000002   PAD
    0x0002a99c   0x00000028   Code   RO         4447    i.nrf_pwr_mgmt_init  nrf_pwr_mgmt.o
    0x0002a9c4   0x00000044   Code   RO         4448    i.nrf_pwr_mgmt_run  nrf_pwr_mgmt.o
    0x0002aa08   0x00000004   Code   RO           24    i.nrf_qwr_error_handler  main.o
    0x0002aa0c   0x0000000c   Code   RO         3792    i.nrf_rtc_event_clear  drv_rtc.o
    0x0002aa18   0x00000010   Code   RO         3043    i.nrf_saadc_buffer_init  nrfx_saadc.o
    0x0002aa28   0x00000014   Code   RO         3044    i.nrf_saadc_channel_input_set  nrfx_saadc.o
    0x0002aa3c   0x00000010   Code   RO         3045    i.nrf_saadc_event_check  nrfx_saadc.o
    0x0002aa4c   0x00000014   Code   RO         3046    i.nrf_saadc_event_clear  nrfx_saadc.o
    0x0002aa60   0x00000010   Code   RO         3047    i.nrf_saadc_limit_int_get  nrfx_saadc.o
    0x0002aa70   0x00000014   Code   RO         6196    i.nrf_sdh_ble_app_ram_start_get  nrf_sdh_ble.o
    0x0002aa84   0x00000100   Code   RO         6197    i.nrf_sdh_ble_default_cfg_set  nrf_sdh_ble.o
    0x0002ab84   0x00000130   Code   RO         6198    i.nrf_sdh_ble_enable  nrf_sdh_ble.o
    0x0002acb4   0x0000005c   Code   RO         6199    i.nrf_sdh_ble_evts_poll  nrf_sdh_ble.o
    0x0002ad10   0x00000054   Code   RO         6077    i.nrf_sdh_disable_request  nrf_sdh.o
    0x0002ad64   0x00000074   Code   RO         6078    i.nrf_sdh_enable_request  nrf_sdh.o
    0x0002add8   0x00000024   Code   RO         6079    i.nrf_sdh_evts_poll  nrf_sdh.o
    0x0002adfc   0x0000000c   Code   RO         6080    i.nrf_sdh_is_enabled  nrf_sdh.o
    0x0002ae08   0x0000001c   Code   RO         6082    i.nrf_sdh_request_continue  nrf_sdh.o
    0x0002ae24   0x0000003c   Code   RO         6250    i.nrf_sdh_soc_evts_poll  nrf_sdh_soc.o
    0x0002ae60   0x0000000a   Code   RO         4585    i.nrf_section_iter_init  nrf_section_iter.o
    0x0002ae6a   0x00000024   Code   RO         4586    i.nrf_section_iter_item_set  nrf_section_iter.o
    0x0002ae8e   0x00000020   Code   RO         4587    i.nrf_section_iter_next  nrf_section_iter.o
    0x0002aeae   0x00000022   Code   RO         4620    i.nrf_sortlist_add  nrf_sortlist.o
    0x0002aed0   0x00000006   Code   RO         4622    i.nrf_sortlist_peek  nrf_sortlist.o
    0x0002aed6   0x0000000e   Code   RO         4623    i.nrf_sortlist_pop  nrf_sortlist.o
    0x0002aee4   0x0000001e   Code   RO         4624    i.nrf_sortlist_remove  nrf_sortlist.o
    0x0002af02   0x0000000a   Code   RO         2930    i.nrf_spim_event_check  nrfx_spim.o
    0x0002af0c   0x00000038   Code   RO         4676    i.nrf_strerror_find  nrf_strerror.o
    0x0002af44   0x00000014   Code   RO         4677    i.nrf_strerror_get  nrf_strerror.o
    0x0002af58   0x0000000a   Code   RO         2582    i.nrf_uart_event_check  nrfx_uart.o
    0x0002af62   0x0000000c   Code   RO         2583    i.nrf_uart_event_clear  nrfx_uart.o
    0x0002af6e   0x0000000c   Code   RO         2584    i.nrf_uart_int_enable_check  nrfx_uart.o
    0x0002af7a   0x0000000a   Code   RO         2771    i.nrf_uarte_event_check  nrfx_uarte.o
    0x0002af84   0x0000000c   Code   RO         2772    i.nrf_uarte_event_clear  nrfx_uarte.o
    0x0002af90   0x0000002c   Code   RO         2123    i.nrfx_clock_enable  nrfx_clock.o
    0x0002afbc   0x00000020   Code   RO         2126    i.nrfx_clock_init   nrfx_clock.o
    0x0002afdc   0x0000001c   Code   RO         2129    i.nrfx_clock_lfclk_stop  nrfx_clock.o
    0x0002aff8   0x00000010   Code   RO         3048    i.nrfx_coredep_delay_us  nrfx_saadc.o
    0x0002b008   0x00000010   Code   RO         3793    i.nrfx_coredep_delay_us  drv_rtc.o
    0x0002b018   0x00000048   Code   RO         2269    i.nrfx_gpiote_in_event_disable  nrfx_gpiote.o
    0x0002b060   0x000000a4   Code   RO         2270    i.nrfx_gpiote_in_event_enable  nrfx_gpiote.o
    0x0002b104   0x000000d0   Code   RO         2271    i.nrfx_gpiote_in_init  nrfx_gpiote.o
    0x0002b1d4   0x00000014   Code   RO         2272    i.nrfx_gpiote_in_is_set  nrfx_gpiote.o
    0x0002b1e8   0x0000006c   Code   RO         2274    i.nrfx_gpiote_init  nrfx_gpiote.o
    0x0002b254   0x00000014   Code   RO         2275    i.nrfx_gpiote_is_init  nrfx_gpiote.o
    0x0002b268   0x00000010   Code   RO         2773    i.nrfx_is_in_ram    nrfx_uarte.o
    0x0002b278   0x00000010   Code   RO         2931    i.nrfx_is_in_ram    nrfx_spim.o
    0x0002b288   0x0000003a   Code   RO         2524    i.nrfx_prs_acquire  nrfx_prs.o
    0x0002b2c2   0x00000012   Code   RO         2525    i.nrfx_prs_release  nrfx_prs.o
    0x0002b2d4   0x000000a4   Code   RO         3050    i.nrfx_saadc_buffer_convert  nrfx_saadc.o
    0x0002b378   0x000000ac   Code   RO         3052    i.nrfx_saadc_channel_init  nrfx_saadc.o
    0x0002b424   0x00000044   Code   RO         3053    i.nrfx_saadc_channel_uninit  nrfx_saadc.o
    0x0002b468   0x00000094   Code   RO         3054    i.nrfx_saadc_init   nrfx_saadc.o
    0x0002b4fc   0x00000080   Code   RO         3056    i.nrfx_saadc_limits_set  nrfx_saadc.o
    0x0002b57c   0x0000002c   Code   RO         3057    i.nrfx_saadc_sample  nrfx_saadc.o
    0x0002b5a8   0x0000006c   Code   RO         3060    i.nrfx_saadc_uninit  nrfx_saadc.o
    0x0002b614   0x00000174   Code   RO         2934    i.nrfx_spim_init    nrfx_spim.o
    0x0002b788   0x00000064   Code   RO         2937    i.nrfx_spim_xfer    nrfx_spim.o
    0x0002b7ec   0x00000010   Code   RO         2585    i.nrfx_uart_0_irq_handler  nrfx_uart.o
    0x0002b7fc   0x000000d0   Code   RO         2587    i.nrfx_uart_init    nrfx_uart.o
    0x0002b8cc   0x000000a8   Code   RO         2593    i.nrfx_uart_tx      nrfx_uart.o
    0x0002b974   0x00000020   Code   RO         2595    i.nrfx_uart_tx_in_progress  nrfx_uart.o
    0x0002b994   0x000000b4   Code   RO         2596    i.nrfx_uart_uninit  nrfx_uart.o
    0x0002ba48   0x00000010   Code   RO         2774    i.nrfx_uarte_0_irq_handler  nrfx_uarte.o
    0x0002ba58   0x0000006c   Code   RO         2776    i.nrfx_uarte_init   nrfx_uarte.o
    0x0002bac4   0x000000ac   Code   RO         2780    i.nrfx_uarte_tx     nrfx_uarte.o
    0x0002bb70   0x0000001c   Code   RO         2782    i.nrfx_uarte_tx_in_progress  nrfx_uarte.o
    0x0002bb8c   0x000000e0   Code   RO         2783    i.nrfx_uarte_uninit  nrfx_uarte.o
    0x0002bc6c   0x0000001c   Code   RO           25    i.on_conn_params_evt  main.o
    0x0002bc88   0x000000a8   Code   RO         1584    i.on_connected_evt  nrf_ble_gatt.o
    0x0002bd30   0x000000ac   Code   RO         1585    i.on_exchange_mtu_request_evt  nrf_ble_gatt.o
    0x0002bddc   0x00000024   Code   RO         4742    i.page_identify     fds.o
    0x0002be00   0x0000001c   Code   RO         4743    i.page_offsets_update  fds.o
    0x0002be1c   0x0000006c   Code   RO         4744    i.page_scan         fds.o
    0x0002be88   0x0000001c   Code   RO         4745    i.page_tag_write_data  fds.o
    0x0002bea4   0x00000024   Code   RO         4746    i.page_tag_write_swap  fds.o
    0x0002bec8   0x00000130   Code   RO         4747    i.pages_init        fds.o
    0x0002bff8   0x00000018   Code   RO         2291    i.pin_in_use_by_port  nrfx_gpiote.o
    0x0002c010   0x00000018   Code   RO         2292    i.pin_in_use_by_te  nrfx_gpiote.o
    0x0002c028   0x0000003c   Code   RO         5664    i.postfix_process   nrf_log_str_formatter.o
    0x0002c064   0x00000098   Code   RO         5665    i.prefix_process    nrf_log_str_formatter.o
    0x0002c0fc   0x00000018   Code   RO         2526    i.prs_box_get       nrfx_prs.o
    0x0002c114   0x0000001c   Code   RO         4748    i.queue_buf_get     fds.o
    0x0002c130   0x00000010   Code   RO         4749    i.queue_buf_store   fds.o
    0x0002c140   0x00000014   Code   RO         5197    i.queue_free        nrf_fstorage_sd.o
    0x0002c154   0x000000a4   Code   RO         4750    i.queue_process     fds.o
    0x0002c1f8   0x000000a0   Code   RO         5198    i.queue_process     nrf_fstorage_sd.o
    0x0002c298   0x0000001c   Code   RO         4751    i.queue_start       fds.o
    0x0002c2b4   0x00000024   Code   RO         5199    i.queue_start       nrf_fstorage_sd.o
    0x0002c2d8   0x0000000e   Code   RO         5200    i.read              nrf_fstorage_sd.o
    0x0002c2e6   0x00000002   PAD
    0x0002c2e8   0x00000090   Code   RO         4752    i.record_find       fds.o
    0x0002c378   0x000000a0   Code   RO         4753    i.record_find_by_desc  fds.o
    0x0002c418   0x0000005c   Code   RO         4754    i.record_find_next  fds.o
    0x0002c474   0x0000003c   Code   RO         4755    i.record_header_flag_dirty  fds.o
    0x0002c4b0   0x00000004   Code   RO         5201    i.rmap              nrf_fstorage_sd.o
    0x0002c4b4   0x0000005c   Code   RO         3561    i.rtc_irq           app_timer2.o
    0x0002c510   0x00000064   Code   RO         3562    i.rtc_schedule      app_timer2.o
    0x0002c574   0x00000074   Code   RO         3563    i.rtc_update        app_timer2.o
    0x0002c5e8   0x00000032   Code   RO         2597    i.rx_byte           nrfx_uart.o
    0x0002c61a   0x00000016   Code   RO         2598    i.rx_done_event     nrfx_uart.o
    0x0002c630   0x00000016   Code   RO         2784    i.rx_done_event     nrfx_uarte.o
    0x0002c646   0x00000002   PAD
    0x0002c648   0x00000050   Code   RO         1782    i.sd_state_evt_handler  nrf_drv_clock.o
    0x0002c698   0x00000030   Code   RO         6085    i.sdh_request_observer_notify  nrf_sdh.o
    0x0002c6c8   0x0000002c   Code   RO         6086    i.sdh_state_observer_notify  nrf_sdh.o
    0x0002c6f4   0x00000010   Code   RO         1155    i.send_error_evt    ble_conn_params.o
    0x0002c704   0x00000040   Code   RO         5361    i.serial_tx         nrf_log_backend_uart.o
    0x0002c744   0x00000088   Code   RO         1007    i.service_data_encode  ble_advdata.o
    0x0002c7cc   0x00000030   Code   RO         1432    i.set_security_req  ble_srv_common.o
    0x0002c7fc   0x00000018   Code   RO         1783    i.soc_evt_handler   nrf_drv_clock.o
    0x0002c814   0x00000038   Code   RO         6087    i.softdevice_evt_irq_disable  nrf_sdh.o
    0x0002c84c   0x00000058   Code   RO         6088    i.softdevices_evt_irq_enable  nrf_sdh.o
    0x0002c8a4   0x0000000c   Code   RO         3564    i.sortlist_pop      app_timer2.o
    0x0002c8b0   0x0000000c   Code   RO          508    i.spi_event_handler  e154.o
    0x0002c8bc   0x000000bc   Code   RO         2938    i.spim_xfer         nrfx_spim.o
    0x0002c978   0x00000030   Code   RO         3253    i.state_set         app_button.o
    0x0002c9a8   0x0000008c   Code   RO         5500    i.std_n             nrf_log_frontend.o
    0x0002ca34   0x00000058   Code   RO         3565    i.timer_expire      app_timer2.o
    0x0002ca8c   0x00000078   Code   RO         3566    i.timer_req_process  app_timer2.o
    0x0002cb04   0x00000038   Code   RO         3567    i.timer_req_schedule  app_timer2.o
    0x0002cb3c   0x00000018   Code   RO         3254    i.timer_start       app_button.o
    0x0002cb54   0x00000020   Code   RO         2600    i.tx_byte           nrfx_uart.o
    0x0002cb74   0x0000001a   Code   RO         2601    i.tx_done_event     nrfx_uart.o
    0x0002cb8e   0x0000001a   Code   RO         2785    i.tx_done_event     nrfx_uarte.o
    0x0002cba8   0x00000030   Code   RO         1926    i.uart_evt_handler  nrf_drv_uart.o
    0x0002cbd8   0x0000000c   Code   RO         5362    i.uart_evt_handler  nrf_log_backend_uart.o
    0x0002cbe4   0x00000050   Code   RO         5363    i.uart_init         nrf_log_backend_uart.o
    0x0002cc34   0x0000012a   Code   RO         2602    i.uart_irq_handler  nrfx_uart.o
    0x0002cd5e   0x00000002   PAD
    0x0002cd60   0x00000030   Code   RO         1927    i.uarte_evt_handler  nrf_drv_uart.o
    0x0002cd90   0x00000112   Code   RO         2786    i.uarte_irq_handler  nrfx_uarte.o
    0x0002cea2   0x0000000a   Code   RO         1008    i.uint16_encode     ble_advdata.o
    0x0002ceac   0x00000020   Code   RO         5202    i.uninit            nrf_fstorage_sd.o
    0x0002cecc   0x000000b4   Code   RO         4331    i.unsigned_print    nrf_fprintf_format.o
    0x0002cf80   0x00000068   Code   RO         1156    i.update_timeout_handler  ble_conn_params.o
    0x0002cfe8   0x00000024   Code   RO         1686    i.user_mem_reply    nrf_ble_qwr.o
    0x0002d00c   0x00000020   Code   RO         3255    i.usr_event         app_button.o
    0x0002d02c   0x00000030   Code   RO         1009    i.uuid_list_encode  ble_advdata.o
    0x0002d05c   0x0000009e   Code   RO         1010    i.uuid_list_sized_encode  ble_advdata.o
    0x0002d0fa   0x00000004   Code   RO         5203    i.wmap              nrf_fstorage_sd.o
    0x0002d0fe   0x00000002   PAD
    0x0002d100   0x00000050   Code   RO         5204    i.write             nrf_fstorage_sd.o
    0x0002d150   0x000000f4   Code   RO         4757    i.write_enqueue     fds.o
    0x0002d244   0x000000f8   Code   RO         4758    i.write_execute     fds.o
    0x0002d33c   0x00000018   Code   RO         4759    i.write_space_free  fds.o
    0x0002d354   0x00000060   Code   RO         4760    i.write_space_reserve  fds.o
    0x0002d3b4   0x00002c41   Data   RO           37    .constdata          main.o
    0x0002fff5   0x0000000b   PAD
    0x00030000   0x00000020   Data   RO          510    .constdata          e154.o
    0x00030020   0x00000016   Data   RO         1586    .constdata          nrf_ble_gatt.o
    0x00030036   0x00000002   PAD
    0x00030038   0x00000010   Data   RO         1730    .constdata          ble_lbs.o
    0x00030048   0x00000004   Data   RO         2294    .constdata          nrfx_gpiote.o
    0x0003004c   0x00000004   Data   RO         2605    .constdata          nrfx_uart.o
    0x00030050   0x00000004   Data   RO         2789    .constdata          nrfx_uarte.o
    0x00030054   0x00000004   Data   RO         2941    .constdata          nrfx_spim.o
    0x00030058   0x00000008   PAD
    0x00030060   0x00000006   Data   RO         3062    .constdata          nrfx_saadc.o
    0x00030066   0x00000002   PAD
    0x00030068   0x00000008   Data   RO         3258    .constdata          app_button.o
    0x00030070   0x00000014   Data   RO         3570    .constdata          app_timer2.o
    0x00030084   0x0000000c   PAD
    0x00030090   0x00000006   Data   RO         3794    .constdata          drv_rtc.o
    0x00030096   0x00000010   Data   RO         4332    .constdata          nrf_fprintf_format.o
    0x000300a6   0x00000002   PAD
    0x000300a8   0x00000018   Data   RO         4452    .constdata          nrf_pwr_mgmt.o
    0x000300c0   0x0000000c   Data   RO         4453    .constdata          nrf_pwr_mgmt.o
    0x000300cc   0x0000013c   Data   RO         4678    .constdata          nrf_strerror.o
    0x00030208   0x00000018   Data   RO         4763    .constdata          fds.o
    0x00030220   0x0000005e   Data   RO         5036    .constdata          nrf_fstorage.o
    0x0003027e   0x00000002   PAD
    0x00030280   0x00000010   Data   RO         5207    .constdata          nrf_fstorage_sd.o
    0x00030290   0x00000020   Data   RO         5208    .constdata          nrf_fstorage_sd.o
    0x000302b0   0x0000000c   Data   RO         5365    .constdata          nrf_log_backend_uart.o
    0x000302bc   0x00000020   Data   RO         5366    .constdata          nrf_log_backend_uart.o
    0x000302dc   0x00000010   Data   RO         6089    .constdata          nrf_sdh.o
    0x000302ec   0x00000028   Data   RO         6090    .constdata          nrf_sdh.o
    0x00030314   0x00000010   Data   RO         6091    .constdata          nrf_sdh.o
    0x00030324   0x00000010   Data   RO         6092    .constdata          nrf_sdh.o
    0x00030334   0x00000020   Data   RO         6200    .constdata          nrf_sdh_ble.o
    0x00030354   0x00000010   Data   RO         6201    .constdata          nrf_sdh_ble.o
    0x00030364   0x00000010   Data   RO         6251    .constdata          nrf_sdh_soc.o
    0x00030374   0x0000000c   Data   RO         6252    .constdata          nrf_sdh_soc.o
    0x00030380   0x00000081   Data   RO         6340    .constdata          mc_w.l(ctype_o.o)
    0x00030401   0x00000003   PAD
    0x00030404   0x00000004   Data   RO         6341    .constdata          mc_w.l(ctype_o.o)
    0x00030408   0x000000a2   Data   RO         1587    .conststring        nrf_ble_gatt.o
    0x000304aa   0x00000002   PAD
    0x000304ac   0x000003eb   Data   RO         4679    .conststring        nrf_strerror.o
    0x00030897   0x00000001   PAD
    0x00030898   0x0000004f   Data   RO         5037    .conststring        nrf_fstorage.o
    0x000308e7   0x00000001   PAD
    0x000308e8   0x00000066   Data   RO         5666    .conststring        nrf_log_str_formatter.o
    0x0003094e   0x00000002   PAD
    0x00030950   0x00000188   Data   RO         6202    .conststring        nrf_sdh_ble.o
    0x00030ad8   0x0000000d   Data   RO         1588    .conststrlit        nrf_ble_gatt.o
    0x00030ae5   0x00000003   PAD
    0x00030ae8   0x00000006   Data   RO         1789    .conststrlit        nrf_drv_clock.o
    0x00030aee   0x00000002   PAD
    0x00030af0   0x00000006   Data   RO         2133    .conststrlit        nrfx_clock.o
    0x00030af6   0x00000002   PAD
    0x00030af8   0x00000007   Data   RO         2298    .conststrlit        nrfx_gpiote.o
    0x00030aff   0x00000001   PAD
    0x00030b00   0x00000004   Data   RO         2528    .conststrlit        nrfx_prs.o
    0x00030b04   0x00000005   Data   RO         2608    .conststrlit        nrfx_uart.o
    0x00030b09   0x00000003   PAD
    0x00030b0c   0x00000006   Data   RO         2792    .conststrlit        nrfx_uarte.o
    0x00030b12   0x00000002   PAD
    0x00030b14   0x00000005   Data   RO         2944    .conststrlit        nrfx_spim.o
    0x00030b19   0x00000003   PAD
    0x00030b1c   0x00000006   Data   RO         3070    .conststrlit        nrfx_saadc.o
    0x00030b22   0x00000002   PAD
    0x00030b24   0x0000000b   Data   RO         3259    .conststrlit        app_button.o
    0x00030b2f   0x00000001   PAD
    0x00030b30   0x0000000a   Data   RO         3571    .conststrlit        app_timer2.o
    0x00030b3a   0x00000002   PAD
    0x00030b3c   0x00000009   Data   RO         4454    .conststrlit        nrf_pwr_mgmt.o
    0x00030b45   0x00000003   PAD
    0x00030b48   0x00000009   Data   RO         4625    .conststrlit        nrf_sortlist.o
    0x00030b51   0x00000003   PAD
    0x00030b54   0x0000000d   Data   RO         5038    .conststrlit        nrf_fstorage.o
    0x00030b61   0x00000003   PAD
    0x00030b64   0x00000011   Data   RO         5437    .conststrlit        nrf_log_default_backends.o
    0x00030b75   0x00000003   PAD
    0x00030b78   0x00000004   Data   RO         5506    .conststrlit        nrf_log_frontend.o
    0x00030b7c   0x00000008   Data   RO         6093    .conststrlit        nrf_sdh.o
    0x00030b84   0x0000000c   Data   RO         6203    .conststrlit        nrf_sdh_ble.o
    0x00030b90   0x0000000c   Data   RO         6253    .conststrlit        nrf_sdh_soc.o
    0x00030b9c   0x00000020   Data   RO         6399    Region$$Table       anon$$obj.o
    0x00030bbc   0x00000010   Data   RO         5439    log_backends        nrf_log_default_backends.o
    0x00030bcc   0x00000008   Data   RO         1589    log_const_data      nrf_ble_gatt.o
    0x00030bd4   0x00000008   Data   RO         1790    log_const_data      nrf_drv_clock.o
    0x00030bdc   0x00000008   Data   RO         2135    log_const_data      nrfx_clock.o
    0x00030be4   0x00000008   Data   RO         2299    log_const_data      nrfx_gpiote.o
    0x00030bec   0x00000008   Data   RO         2530    log_const_data      nrfx_prs.o
    0x00030bf4   0x00000008   Data   RO         2609    log_const_data      nrfx_uart.o
    0x00030bfc   0x00000008   Data   RO         2793    log_const_data      nrfx_uarte.o
    0x00030c04   0x00000008   Data   RO         2945    log_const_data      nrfx_spim.o
    0x00030c0c   0x00000008   Data   RO         3071    log_const_data      nrfx_saadc.o
    0x00030c14   0x00000008   Data   RO         3261    log_const_data      app_button.o
    0x00030c1c   0x00000008   Data   RO         3574    log_const_data      app_timer2.o
    0x00030c24   0x00000008   Data   RO         4456    log_const_data      nrf_pwr_mgmt.o
    0x00030c2c   0x00000008   Data   RO         4626    log_const_data      nrf_sortlist.o
    0x00030c34   0x00000008   Data   RO         5039    log_const_data      nrf_fstorage.o
    0x00030c3c   0x00000008   Data   RO         5509    log_const_data      nrf_log_frontend.o
    0x00030c44   0x00000008   Data   RO         6095    log_const_data      nrf_sdh.o
    0x00030c4c   0x00000008   Data   RO         6205    log_const_data      nrf_sdh_ble.o
    0x00030c54   0x00000008   Data   RO         6254    log_const_data      nrf_sdh_soc.o
    0x00030c5c   0x00000014   Data   RO         5510    nrf_balloc          nrf_log_frontend.o
    0x00030c70   0x00000008   Data   RO         1279    sdh_ble_observers0  ble_conn_state.o
    0x00030c78   0x00000008   Data   RO           58    sdh_ble_observers1  main.o
    0x00030c80   0x00000008   Data   RO         1159    sdh_ble_observers1  ble_conn_params.o
    0x00030c88   0x00000010   Data   RO           59    sdh_ble_observers2  main.o
    0x00030c98   0x00000008   Data   RO           60    sdh_ble_observers3  main.o
    0x00030ca0   0x00000008   Data   RO         5210    sdh_req_observers0  nrf_fstorage_sd.o
    0x00030ca8   0x00000008   Data   RO         1791    sdh_soc_observers0  nrf_drv_clock.o
    0x00030cb0   0x00000008   Data   RO         5211    sdh_soc_observers0  nrf_fstorage_sd.o
    0x00030cb8   0x00000008   Data   RO         6206    sdh_stack_observers0  nrf_sdh_ble.o
    0x00030cc0   0x00000008   Data   RO         6255    sdh_stack_observers0  nrf_sdh_soc.o
    0x00030cc8   0x00000008   Data   RO         1792    sdh_state_observers0  nrf_drv_clock.o
    0x00030cd0   0x00000008   Data   RO         5212    sdh_state_observers0  nrf_fstorage_sd.o


    Execution Region RW_IRAM1 (Base: 0x20002ad8, Size: 0x00002db0, Max: 0x0000d528, ABSOLUTE, COMPRESSED[0x0000006c])

    Base Addr    Size         Type   Attr      Idx    E Section Name        Object

    0x20002ad8   0x0000004c   Data   RW           53    .data               main.o
    0x20002b24   0x00000001   Data   RW          511    .data               e154.o
    0x20002b25   0x00000001   PAD
    0x20002b26   0x00000008   Data   RW         1158    .data               ble_conn_params.o
    0x20002b2e   0x00000002   PAD
    0x20002b30   0x0000000c   Data   RW         1928    .data               nrf_drv_uart.o
    0x20002b3c   0x00000008   Data   RW         2134    .data               nrfx_clock.o
    0x20002b44   0x00000008   Data   RW         2529    .data               nrfx_prs.o
    0x20002b4c   0x00000004   PAD
    0x20002b50   0x00000018   Data   RW         3260    .data               app_button.o
    0x20002b68   0x00000020   Data   RW         3572    .data               app_timer2.o
    0x20002b88   0x00000004   Data   RW         3573    .data               app_timer2.o
    0x20002b8c   0x0000000c   Data   RW         3795    .data               drv_rtc.o
    0x20002b98   0x00000008   Data   RW         4455    .data               nrf_pwr_mgmt.o
    0x20002ba0   0x00000030   Data   RW         4764    .data               fds.o
    0x20002bd0   0x00000008   Data   RW         5209    .data               nrf_fstorage_sd.o
    0x20002bd8   0x00000018   Data   RW         5367    .data               nrf_log_backend_uart.o
    0x20002bf0   0x00000008   Data   RW         5438    .data               nrf_log_default_backends.o
    0x20002bf8   0x00000008   Data   RW         5507    .data               nrf_log_frontend.o
    0x20002c00   0x00000008   Data   RW         5508    .data               nrf_log_frontend.o
    0x20002c08   0x00000040   Data   RW         5667    .data               nrf_log_str_formatter.o
    0x20002c48   0x00000003   Data   RW         6094    .data               nrf_sdh.o
    0x20002c4b   0x00000001   Data   RW         6204    .data               nrf_sdh_ble.o
    0x20002c4c   0x00000004   Data   RW         6294    .data               system_nrf52.o
    0x20002c50   0x00000014   Data   RW         4765    fs_data             fds.o
    0x20002c64   0x00000004   PAD
    0x20002c68   0x00000020   Zero   RW           26    .bss                main.o
    0x20002c88   0x00000020   Zero   RW           27    .bss                main.o
    0x20002ca8   0x00000038   Zero   RW           28    .bss                main.o
    0x20002ce0   0x0000001f   Zero   RW           29    .bss                main.o
    0x20002cff   0x0000001f   Zero   RW           30    .bss                main.o
    0x20002d1e   0x00000002   PAD
    0x20002d20   0x00000210   Zero   RW          509    .bss                e154.o
    0x20002f30   0x00000050   Zero   RW         1157    .bss                ble_conn_params.o
    0x20002f80   0x0000007c   Zero   RW         1278    .bss                ble_conn_state.o
    0x20002ffc   0x00000014   Zero   RW         1784    .bss                nrf_drv_clock.o
    0x20003010   0x0000005c   Zero   RW         2293    .bss                nrfx_gpiote.o
    0x2000306c   0x0000002c   Zero   RW         2603    .bss                nrfx_uart.o
    0x20003098   0x00000024   Zero   RW         2787    .bss                nrfx_uarte.o
    0x200030bc   0x00000024   Zero   RW         2939    .bss                nrfx_spim.o
    0x200030e0   0x00000030   Zero   RW         3061    .bss                nrfx_saadc.o
    0x20003110   0x00000020   Zero   RW         3256    .bss                app_button.o
    0x20003130   0x00000010   Zero   RW         3257    .bss                app_button.o
    0x20003140   0x00000010   Zero   RW         3568    .bss                app_timer2.o
    0x20003150   0x00000058   Zero   RW         3569    .bss                app_timer2.o
    0x200031a8   0x0000000c   Zero   RW         3698    .bss                app_util_platform.o
    0x200031b4   0x0000000c   Zero   RW         4451    .bss                nrf_pwr_mgmt.o
    0x200031c0   0x00000010   Zero   RW         4761    .bss                fds.o
    0x200031d0   0x000000e0   Zero   RW         4762    .bss                fds.o
    0x200032b0   0x00000010   Zero   RW         5205    .bss                nrf_fstorage_sd.o
    0x200032c0   0x000000a0   Zero   RW         5206    .bss                nrf_fstorage_sd.o
    0x20003360   0x00000040   Zero   RW         5364    .bss                nrf_log_backend_uart.o
    0x200033a0   0x000000c0   Zero   RW         5501    .bss                nrf_log_frontend.o
    0x20003460   0x00000424   Zero   RW         5504    .bss                nrf_log_frontend.o
    0x20003884   0x00000004   PAD
    0x20003888   0x00002000   Zero   RW         6282    STACK               arm_startup_nrf52.o


==============================================================================

Image component sizes


      Code (inc. data)   RO Data    RW Data    ZI Data      Debug   Object Name

       736         74         27         24         48      53259   app_button.o
        22          0          0          0          0       2549   app_error.o
       132         46          0          0          0      39270   app_error_weak.o
         0          0          0          0          0      37162   app_scheduler.o
       846         88         38         36        104      17625   app_timer2.o
       124         14          0          0         12       9786   app_util_platform.o
        36          8        512          0       8192        976   arm_startup_nrf52.o
      1236          0          0          0          0     102831   ble_advdata.o
       636         44          8          8         80      21191   ble_conn_params.o
       352          6          8          0        124       6649   ble_conn_state.o
       288          6         16          0          0       5147   ble_lbs.o
       456          6          0          0          0      75539   ble_srv_common.o
         0          0          0          0          0      37276   boards.o
       696         76          6         12          0      46901   drv_rtc.o
       964         30         32          1        528      54602   e154.o
      3422        326         24         68        240      47660   fds.o
      2194        338      11361         76        182     180819   main.o
       342          0          0          0          0       7154   nrf_atfifo.o
        64          0          0          0          0       3188   nrf_atflags.o
       332          0          0          0          0      10870   nrf_atomic.o
       116          0          0          0          0       3006   nrf_balloc.o
       922        272        205          0          0      37843   nrf_ble_gatt.o
       276          0          0          0          0       6537   nrf_ble_qwr.o
       276         34         30          0         20      42224   nrf_drv_clock.o
       200         26          0         12          0      18388   nrf_drv_uart.o
        50          0          0          0          0       3741   nrf_fprintf.o
       866          4         16          0          0       6830   nrf_fprintf_format.o
       972        432        194          0          0       8532   nrf_fstorage.o
         0          0          0          0          0       1928   nrf_fstorage_nvmc.o
       798         82         72          8        176      15083   nrf_fstorage_sd.o
       200          0          0          0          0      11813   nrf_log_backend_serial.o
       226         44         44         24         64      21098   nrf_log_backend_uart.o
         0          0         33          8          0       2633   nrf_log_default_backends.o
      1340         94         32         16       1252      29566   nrf_log_frontend.o
       570        108        102         64          0       5992   nrf_log_str_formatter.o
       342          0          0          0          0       9344   nrf_memobj.o
       108         16         53          8         12      37970   nrf_pwr_mgmt.o
         0          0          0          0          0       1140   nrf_ringbuf.o
       552         60        104          3          0      42516   nrf_sdh.o
       672        230        468          1          0       6205   nrf_sdh_ble.o
        60          4         56          0          0       2636   nrf_sdh_soc.o
        78          0          0          0          0       3008   nrf_section_iter.o
        84          0         17          0          0       4449   nrf_sortlist.o
        76         10       1319          0          0       2967   nrf_strerror.o
       222         30         14          8          0      44286   nrfx_clock.o
      1294         98         19          0         92      61882   nrfx_gpiote.o
       112         16         12          8          0       4824   nrfx_prs.o
      1264        108         20          0         48      24470   nrfx_saadc.o
       854         24         17          0         36      21998   nrfx_spim.o
      1294         42         17          0         44      31557   nrfx_uart.o
      1268         42         18          0         36      27007   nrfx_uarte.o
       796         70          0          4          0      29658   system_nrf52.o

    ----------------------------------------------------------------------
     28804       2908      15004        396      11300    1331585   Object Totals
         0          0         32          0          0          0   (incl. Generated)
        38          0         78          7         10          0   (incl. Padding)

    ----------------------------------------------------------------------

      Code (inc. data)   RO Data    RW Data    ZI Data      Debug   Library Member Name

        86          0          0          0          0          0   __dczerorl2.o
         8          4        133          0          0         68   ctype_o.o
         0          0          0          0          0          0   entry.o
         0          0          0          0          0          0   entry10a.o
         0          0          0          0          0          0   entry11a.o
         8          4          0          0          0          0   entry2.o
         4          0          0          0          0          0   entry5.o
         0          0          0          0          0          0   entry7b.o
         0          0          0          0          0          0   entry8b.o
         8          4          0          0          0          0   entry9a.o
        30          0          0          0          0          0   handlers.o
        36          8          0          0          0         68   init.o
        30          0          0          0          0         68   llshl.o
        36          0          0          0          0         68   memcpya.o
        36          0          0          0          0        108   memseta.o
        14          0          0          0          0         68   strlen.o

    ----------------------------------------------------------------------
       304         20        136          0          0        448   Library Totals
         8          0          3          0          0          0   (incl. Padding)

    ----------------------------------------------------------------------

      Code (inc. data)   RO Data    RW Data    ZI Data      Debug   Library Name

       296         20        133          0          0        448   mc_w.l

    ----------------------------------------------------------------------
       304         20        136          0          0        448   Library Totals

    ----------------------------------------------------------------------

==============================================================================


      Code (inc. data)   RO Data    RW Data    ZI Data      Debug   

     29108       2928      15140        396      11300    1296313   Grand Totals
     29108       2928      15140        108      11300    1296313   ELF Image Totals (compressed)
     29108       2928      15140        108          0          0   ROM Totals

==============================================================================

    Total RO  Size (Code + RO Data)                44248 (  43.21kB)
    Total RW  Size (RW Data + ZI Data)             11696 (  11.42kB)
    Total ROM Size (Code + RO Data + RW Data)      44356 (  43.32kB)

==============================================================================

