Component: ARM Compiler 5.06 update 4 (build 422) Tool: armlink [4d35d2]

==============================================================================

Section Cross References

    main.o(i.ADC_Disable) refers to nrfx_saadc.o(i.nrfx_saadc_uninit) for nrfx_saadc_uninit
    main.o(i.ADC_Enable) refers to main.o(i.ADC_Init) for ADC_Init
    main.o(i.ADC_Init) refers to nrfx_saadc.o(i.nrfx_saadc_init) for nrfx_saadc_init
    main.o(i.ADC_Init) refers to app_error.o(i.app_error_handler_bare) for app_error_handler_bare
    main.o(i.ADC_Init) refers to nrfx_saadc.o(i.nrfx_saadc_channel_init) for nrfx_saadc_channel_init
    main.o(i.ADC_Init) refers to nrfx_saadc.o(i.nrfx_saadc_buffer_convert) for nrfx_saadc_buffer_convert
    main.o(i.ADC_Init) refers to main.o(i.adcCallbackFunc) for adcCallbackFunc
    main.o(i.ADC_Init) refers to main.o(.constdata) for .constdata
    main.o(i.ADC_Init) refers to main.o(.data) for .data
    main.o(i.ADC_Read) refers to nrfx_saadc.o(i.nrfx_saadc_sample) for nrfx_saadc_sample
    main.o(i.ADC_Read) refers to app_error.o(i.app_error_handler_bare) for app_error_handler_bare
    main.o(i.ADC_start) refers to app_timer2.o(i.app_timer_start) for app_timer_start
    main.o(i.ADC_start) refers to main.o(.constdata) for .constdata
    main.o(i.Paint_Gen_Qrcode) refers to qrcodegen.o(i.qrcodegen_getModule) for qrcodegen_getModule
    main.o(i.Paint_Gen_Qrcode) refers to gui_paint.o(i.Paint_DrawPoint) for Paint_DrawPoint
    main.o(i.Paint_Gen_Qrcode) refers to main.o(.data) for .data
    main.o(i.Paint_Gen_Qrcode) refers to main.o(.bss) for .bss
    main.o(i.Rx_to_Flash) refers to printf8.o(i.__0printf$8) for __2printf
    main.o(i.Rx_to_Flash) refers to fds.o(i.fds_record_find) for fds_record_find
    main.o(i.Rx_to_Flash) refers to fds.o(i.fds_record_write) for fds_record_write
    main.o(i.Rx_to_Flash) refers to fds.o(i.fds_record_update) for fds_record_update
    main.o(i.Rx_to_Flash) refers to app_error.o(i.app_error_handler_bare) for app_error_handler_bare
    main.o(i.Rx_to_Flash) refers to fds.o(i.fds_gc) for fds_gc
    main.o(i.Rx_to_Flash) refers to main.o(.data) for .data
    main.o(i.Rx_to_Flash) refers to main.o(.bss) for .bss
    main.o(i.adcCallbackFunc) refers to nrfx_saadc.o(i.nrfx_saadc_buffer_convert) for nrfx_saadc_buffer_convert
    main.o(i.adcCallbackFunc) refers to app_error.o(i.app_error_handler_bare) for app_error_handler_bare
    main.o(i.adcCallbackFunc) refers to nrfx_saadc.o(i.nrfx_saadc_uninit) for nrfx_saadc_uninit
    main.o(i.adcCallbackFunc) refers to main.o(.data) for .data
    main.o(i.adc_threshold_update) refers to main.o(.data) for .data
    main.o(i.adc_timer_timeout_handler) refers to main.o(i.ADC_Init) for ADC_Init
    main.o(i.adc_timer_timeout_handler) refers to main.o(i.ADC_Read) for ADC_Read
    main.o(i.assert_nrf_callback) refers to app_error_handler_keil.o(.emb_text) for app_error_handler
    main.o(i.ble_evt_handler) refers to nrf_log_frontend.o(i.nrf_log_frontend_std_0) for nrf_log_frontend_std_0
    main.o(i.ble_evt_handler) refers to printf8.o(i.__0printf$8) for __2printf
    main.o(i.ble_evt_handler) refers to bsp.o(i.bsp_indication_set) for bsp_indication_set
    main.o(i.ble_evt_handler) refers to app_error.o(i.app_error_handler_bare) for app_error_handler_bare
    main.o(i.ble_evt_handler) refers to nrf_ble_qwr.o(i.nrf_ble_qwr_conn_handle_assign) for nrf_ble_qwr_conn_handle_assign
    main.o(i.ble_evt_handler) refers to main.o(.data) for .data
    main.o(i.ble_evt_handler) refers to nrf_log_frontend.o(log_const_data) for m_nrf_log_app_logs_data_const
    main.o(i.ble_evt_handler) refers to main.o(.bss) for .bss
    main.o(i.bsp_event_handler) refers to bsp.o(i.bsp_indication_set) for bsp_indication_set
    main.o(i.bsp_event_handler) refers to app_error.o(i.app_error_handler_bare) for app_error_handler_bare
    main.o(i.bsp_event_handler) refers to bsp_btn_ble.o(i.bsp_btn_ble_sleep_mode_prepare) for bsp_btn_ble_sleep_mode_prepare
    main.o(i.bsp_event_handler) refers to ble_advertising.o(i.ble_advertising_restart_without_whitelist) for ble_advertising_restart_without_whitelist
    main.o(i.bsp_event_handler) refers to main.o(.data) for .data
    main.o(i.bsp_event_handler) refers to main.o(.bss) for .bss
    main.o(i.busy_timer_timeout_handler) refers to e154.o(i.SPI_EP_unInit) for SPI_EP_unInit
    main.o(i.busy_timer_timeout_handler) refers to app_timer2.o(i.app_timer_stop) for app_timer_stop
    main.o(i.busy_timer_timeout_handler) refers to main.o(.data) for .data
    main.o(i.busy_timer_timeout_handler) refers to main.o(.constdata) for .constdata
    main.o(i.conn_params_error_handler) refers to app_error.o(i.app_error_handler_bare) for app_error_handler_bare
    main.o(i.epd_rst_busy_timer_timeout_handler) refers to app_timer2.o(i.app_timer_stop) for app_timer_stop
    main.o(i.epd_rst_busy_timer_timeout_handler) refers to main.o(.constdata) for .constdata
[...]
    free                                     0x0002a86d   Thumb Code    76  malloc.o(i.free)
    gatt_evt_handler                         0x0002a8c5   Thumb Code    68  main.o(i.gatt_evt_handler)
    gatt_init                                0x0002a931   Thumb Code    38  main.o(i.gatt_init)
    main                                     0x0002b3dd   Thumb Code   542  main.o(i.main)
    malloc                                   0x0002b689   Thumb Code    92  malloc.o(i.malloc)
    nrf_atfifo_clear                         0x0002b8af   Thumb Code    16  nrf_atfifo.o(i.nrf_atfifo_clear)
    nrf_atfifo_init                          0x0002b8bf   Thumb Code    38  nrf_atfifo.o(i.nrf_atfifo_init)
    nrf_atfifo_item_alloc                    0x0002b8e5   Thumb Code    22  nrf_atfifo.o(i.nrf_atfifo_item_alloc)
    nrf_atfifo_item_free                     0x0002b8fb   Thumb Code    22  nrf_atfifo.o(i.nrf_atfifo_item_free)
    nrf_atfifo_item_get                      0x0002b911   Thumb Code    22  nrf_atfifo.o(i.nrf_atfifo_item_get)
    nrf_atfifo_item_put                      0x0002b927   Thumb Code    22  nrf_atfifo.o(i.nrf_atfifo_item_put)
    nrf_atflags_clear                        0x0002b93d   Thumb Code    22  nrf_atflags.o(i.nrf_atflags_clear)
    nrf_atflags_get                          0x0002b953   Thumb Code    22  nrf_atflags.o(i.nrf_atflags_get)
    nrf_atflags_set                          0x0002b969   Thumb Code    20  nrf_atflags.o(i.nrf_atflags_set)
    nrf_atomic_flag_clear_fetch              0x0002b97d   Thumb Code     6  nrf_atomic.o(i.nrf_atomic_flag_clear_fetch)
    nrf_atomic_flag_set                      0x0002b983   Thumb Code     6  nrf_atomic.o(i.nrf_atomic_flag_set)
    nrf_atomic_flag_set_fetch                0x0002b989   Thumb Code     6  nrf_atomic.o(i.nrf_atomic_flag_set_fetch)
    nrf_atomic_u32_add                       0x0002b98f   Thumb Code    12  nrf_atomic.o(i.nrf_atomic_u32_add)
    nrf_atomic_u32_and                       0x0002b99b   Thumb Code    12  nrf_atomic.o(i.nrf_atomic_u32_and)
    nrf_atomic_u32_fetch_add                 0x0002b9a7   Thumb Code    10  nrf_atomic.o(i.nrf_atomic_u32_fetch_add)
    nrf_atomic_u32_fetch_and                 0x0002b9b1   Thumb Code    10  nrf_atomic.o(i.nrf_atomic_u32_fetch_and)
    nrf_atomic_u32_fetch_or                  0x0002b9bb   Thumb Code    10  nrf_atomic.o(i.nrf_atomic_u32_fetch_or)
    nrf_atomic_u32_fetch_store               0x0002b9c5   Thumb Code    10  nrf_atomic.o(i.nrf_atomic_u32_fetch_store)
    nrf_atomic_u32_or                        0x0002b9cf   Thumb Code    12  nrf_atomic.o(i.nrf_atomic_u32_or)
    nrf_atomic_u32_sub                       0x0002b9db   Thumb Code    12  nrf_atomic.o(i.nrf_atomic_u32_sub)
    nrf_balloc_alloc                         0x0002b9e7   Thumb Code    68  nrf_balloc.o(i.nrf_balloc_alloc)
    nrf_balloc_free                          0x0002ba2b   Thumb Code    48  nrf_balloc.o(i.nrf_balloc_free)
    nrf_balloc_init                          0x0002ba5b   Thumb Code    48  nrf_balloc.o(i.nrf_balloc_init)
    nrf_ble_gatt_att_mtu_periph_set          0x0002baaf   Thumb Code    24  nrf_ble_gatt.o(i.nrf_ble_gatt_att_mtu_periph_set)
    nrf_ble_gatt_init                        0x0002bac7   Thumb Code    34  nrf_ble_gatt.o(i.nrf_ble_gatt_init)
    nrf_ble_gatt_on_ble_evt                  0x0002bae9   Thumb Code   270  nrf_ble_gatt.o(i.nrf_ble_gatt_on_ble_evt)
    nrf_ble_qwr_conn_handle_assign           0x0002bc39   Thumb Code    22  nrf_ble_qwr.o(i.nrf_ble_qwr_conn_handle_assign)
    nrf_ble_qwr_init                         0x0002bc4f   Thumb Code    36  nrf_ble_qwr.o(i.nrf_ble_qwr_init)
    nrf_ble_qwr_on_ble_evt                   0x0002bc73   Thumb Code   182  nrf_ble_qwr.o(i.nrf_ble_qwr_on_ble_evt)
    nrf_drv_clock_init                       0x0002bd69   Thumb Code    48  nrf_drv_clock.o(i.nrf_drv_clock_init)
    nrf_drv_clock_lfclk_release              0x0002bda1   Thumb Code    42  nrf_drv_clock.o(i.nrf_drv_clock_lfclk_release)
    nrf_drv_uart_init                        0x0002bdd1   Thumb Code    90  nrf_drv_uart.o(i.nrf_drv_uart_init)
    nrf_fprintf                              0x0002be79   Thumb Code    26  nrf_fprintf.o(i.nrf_fprintf)
    nrf_fprintf_buffer_flush                 0x0002be93   Thumb Code    24  nrf_fprintf.o(i.nrf_fprintf_buffer_flush)
    nrf_fprintf_fmt                          0x0002beab   Thumb Code   474  nrf_fprintf_format.o(i.nrf_fprintf_fmt)
    nrf_fstorage_erase                       0x0002c085   Thumb Code   188  nrf_fstorage.o(i.nrf_fstorage_erase)
    nrf_fstorage_init                        0x0002c1bd   Thumb Code    74  nrf_fstorage.o(i.nrf_fstorage_init)
    nrf_fstorage_sdh_req_handler             0x0002c251   Thumb Code    18  nrf_fstorage_sd.o(i.nrf_fstorage_sdh_req_handler)
    nrf_fstorage_sdh_state_handler           0x0002c269   Thumb Code    28  nrf_fstorage_sd.o(i.nrf_fstorage_sdh_state_handler)
    nrf_fstorage_sys_evt_handler             0x0002c289   Thumb Code   154  nrf_fstorage_sd.o(i.nrf_fstorage_sys_evt_handler)
    nrf_fstorage_write                       0x0002c32d   Thumb Code   242  nrf_fstorage.o(i.nrf_fstorage_write)
    nrf_log_backend_add                      0x0002c711   Thumb Code    86  nrf_log_frontend.o(i.nrf_log_backend_add)
    nrf_log_backend_rtt_init                 0x0002c76f   Thumb Code     4  nrf_log_backend_rtt.o(i.nrf_log_backend_rtt_init)
    nrf_log_backend_serial_put               0x0002c78d   Thumb Code   200  nrf_log_backend_serial.o(i.nrf_log_backend_serial_put)
    nrf_log_color_id_get                     0x0002c855   Thumb Code    42  nrf_log_frontend.o(i.nrf_log_color_id_get)
    nrf_log_default_backends_init            0x0002c885   Thumb Code    24  nrf_log_default_backends.o(i.nrf_log_default_backends_init)
    nrf_log_frontend_dequeue                 0x0002c8a1   Thumb Code   528  nrf_log_frontend.o(i.nrf_log_frontend_dequeue)
    nrf_log_frontend_std_0                   0x0002cad5   Thumb Code     8  nrf_log_frontend.o(i.nrf_log_frontend_std_0)
    nrf_log_frontend_std_1                   0x0002cadd   Thumb Code    14  nrf_log_frontend.o(i.nrf_log_frontend_std_1)
    nrf_log_frontend_std_2                   0x0002caeb   Thumb Code    16  nrf_log_frontend.o(i.nrf_log_frontend_std_2)
    nrf_log_frontend_std_3                   0x0002cafb   Thumb Code    18  nrf_log_frontend.o(i.nrf_log_frontend_std_3)
    nrf_log_hexdump_entry_process            0x0002cb0d   Thumb Code   150  nrf_log_str_formatter.o(i.nrf_log_hexdump_entry_process)
    nrf_log_init                             0x0002cbbd   Thumb Code    46  nrf_log_frontend.o(i.nrf_log_init)
    nrf_log_module_cnt_get                   0x0002cbf9   Thumb Code    10  nrf_log_frontend.o(i.nrf_log_module_cnt_get)
    nrf_log_module_name_get                  0x0002cc0d   Thumb Code    24  nrf_log_frontend.o(i.nrf_log_module_name_get)
    nrf_log_panic                            0x0002cc29   Thumb Code    38  nrf_log_frontend.o(i.nrf_log_panic)
    nrf_log_std_entry_process                0x0002cc55   Thumb Code   182  nrf_log_str_formatter.o(i.nrf_log_std_entry_process)
    nrf_memobj_alloc                         0x0002cd0b   Thumb Code    96  nrf_memobj.o(i.nrf_memobj_alloc)
    nrf_memobj_free                          0x0002cd6b   Thumb Code    50  nrf_memobj.o(i.nrf_memobj_free)
    nrf_memobj_get                           0x0002cd9d   Thumb Code     8  nrf_memobj.o(i.nrf_memobj_get)
    nrf_memobj_pool_init                     0x0002cda5   Thumb Code     4  nrf_memobj.o(i.nrf_memobj_pool_init)
    nrf_memobj_put                           0x0002cda9   Thumb Code    30  nrf_memobj.o(i.nrf_memobj_put)
    nrf_memobj_read                          0x0002cdc7   Thumb Code    16  nrf_memobj.o(i.nrf_memobj_read)
    nrf_memobj_write                         0x0002cdd7   Thumb Code    16  nrf_memobj.o(i.nrf_memobj_write)
    nrf_pwr_mgmt_init                        0x0002cde9   Thumb Code    28  nrf_pwr_mgmt.o(i.nrf_pwr_mgmt_init)
    nrf_pwr_mgmt_run                         0x0002ce11   Thumb Code    64  nrf_pwr_mgmt.o(i.nrf_pwr_mgmt_run)
    nrf_ringbuf_init                         0x0002ce59   Thumb Code    28  nrf_ringbuf.o(i.nrf_ringbuf_init)
    nrf_sdh_ble_app_ram_start_get            0x0002ced9   Thumb Code    16  nrf_sdh_ble.o(i.nrf_sdh_ble_app_ram_start_get)
    nrf_sdh_ble_default_cfg_set              0x0002ceed   Thumb Code   272  nrf_sdh_ble.o(i.nrf_sdh_ble_default_cfg_set)
    nrf_sdh_ble_enable                       0x0002d01d   Thumb Code   116  nrf_sdh_ble.o(i.nrf_sdh_ble_enable)
    nrf_sdh_disable_request                  0x0002d1ad   Thumb Code    80  nrf_sdh.o(i.nrf_sdh_disable_request)
    nrf_sdh_enable_request                   0x0002d201   Thumb Code   102  nrf_sdh.o(i.nrf_sdh_enable_request)
    nrf_sdh_evts_poll                        0x0002d275   Thumb Code    32  nrf_sdh.o(i.nrf_sdh_evts_poll)
    nrf_sdh_is_enabled                       0x0002d299   Thumb Code     6  nrf_sdh.o(i.nrf_sdh_is_enabled)
    nrf_sdh_request_continue                 0x0002d2a5   Thumb Code    22  nrf_sdh.o(i.nrf_sdh_request_continue)
    nrf_section_iter_init                    0x0002d2fd   Thumb Code    10  nrf_section_iter.o(i.nrf_section_iter_init)
    nrf_section_iter_next                    0x0002d32b   Thumb Code    32  nrf_section_iter.o(i.nrf_section_iter_next)
    nrf_sortlist_add                         0x0002d34b   Thumb Code    34  nrf_sortlist.o(i.nrf_sortlist_add)
    nrf_sortlist_peek                        0x0002d36d   Thumb Code     6  nrf_sortlist.o(i.nrf_sortlist_peek)
    nrf_sortlist_pop                         0x0002d373   Thumb Code    14  nrf_sortlist.o(i.nrf_sortlist_pop)
    nrf_sortlist_remove                      0x0002d381   Thumb Code    30  nrf_sortlist.o(i.nrf_sortlist_remove)
    nrf_strerror_find                        0x0002d3a9   Thumb Code    52  nrf_strerror.o(i.nrf_strerror_find)
    nrf_strerror_get                         0x0002d3e1   Thumb Code    14  nrf_strerror.o(i.nrf_strerror_get)
    nrfx_clock_enable                        0x0002d42d   Thumb Code    34  nrfx_clock.o(i.nrfx_clock_enable)
    nrfx_clock_init                          0x0002d459   Thumb Code    26  nrfx_clock.o(i.nrfx_clock_init)
    nrfx_clock_lfclk_stop                    0x0002d479   Thumb Code    20  nrfx_clock.o(i.nrfx_clock_lfclk_stop)
    nrfx_gpiote_in_event_enable              0x0002d4b5   Thumb Code   156  nrfx_gpiote.o(i.nrfx_gpiote_in_event_enable)
    nrfx_gpiote_in_init                      0x0002d559   Thumb Code   194  nrfx_gpiote.o(i.nrfx_gpiote_in_init)
    nrfx_gpiote_in_is_set                    0x0002d629   Thumb Code    20  nrfx_gpiote.o(i.nrfx_gpiote_in_is_set)
    nrfx_gpiote_init                         0x0002d63d   Thumb Code    94  nrfx_gpiote.o(i.nrfx_gpiote_init)
    nrfx_gpiote_is_init                      0x0002d6a9   Thumb Code    14  nrfx_gpiote.o(i.nrfx_gpiote_is_init)
    nrfx_prs_acquire                         0x0002d6dd   Thumb Code    58  nrfx_prs.o(i.nrfx_prs_acquire)
    nrfx_saadc_buffer_convert                0x0002d719   Thumb Code   154  nrfx_saadc.o(i.nrfx_saadc_buffer_convert)
    nrfx_saadc_channel_init                  0x0002d7bd   Thumb Code   160  nrfx_saadc.o(i.nrfx_saadc_channel_init)
    nrfx_saadc_channel_uninit                0x0002d869   Thumb Code    62  nrfx_saadc.o(i.nrfx_saadc_channel_uninit)
    nrfx_saadc_init                          0x0002d8ad   Thumb Code   130  nrfx_saadc.o(i.nrfx_saadc_init)
    nrfx_saadc_limits_set                    0x0002d941   Thumb Code   120  nrfx_saadc.o(i.nrfx_saadc_limits_set)
    nrfx_saadc_sample                        0x0002d9c1   Thumb Code    34  nrfx_saadc.o(i.nrfx_saadc_sample)
    nrfx_saadc_uninit                        0x0002d9ed   Thumb Code    94  nrfx_saadc.o(i.nrfx_saadc_uninit)
    nrfx_spim_init                           0x0002da59   Thumb Code   362  nrfx_spim.o(i.nrfx_spim_init)
    nrfx_spim_xfer                           0x0002dbcd   Thumb Code    94  nrfx_spim.o(i.nrfx_spim_xfer)
    nrfx_uart_0_irq_handler                  0x0002dc31   Thumb Code     8  nrfx_uart.o(i.nrfx_uart_0_irq_handler)
    nrfx_uart_init                           0x0002dc41   Thumb Code   196  nrfx_uart.o(i.nrfx_uart_init)
    nrfx_uart_rx                             0x0002dd11   Thumb Code   230  nrfx_uart.o(i.nrfx_uart_rx)
    nrfx_uart_tx                             0x0002ddfd   Thumb Code   162  nrfx_uart.o(i.nrfx_uart_tx)
    nrfx_uart_tx_in_progress                 0x0002dea5   Thumb Code    26  nrfx_uart.o(i.nrfx_uart_tx_in_progress)
    nrfx_uarte_0_irq_handler                 0x0002dec5   Thumb Code     8  nrfx_uarte.o(i.nrfx_uarte_0_irq_handler)
    nrfx_uarte_init                          0x0002ded5   Thumb Code   100  nrfx_uarte.o(i.nrfx_uarte_init)
    nrfx_uarte_rx                            0x0002df41   Thumb Code   256  nrfx_uarte.o(i.nrfx_uarte_rx)
    nrfx_uarte_tx                            0x0002e045   Thumb Code   166  nrfx_uarte.o(i.nrfx_uarte_tx)
    nrfx_uarte_tx_in_progress                0x0002e0f1   Thumb Code    22  nrfx_uarte.o(i.nrfx_uarte_tx_in_progress)
    pixel_type                               0x0002e6c5   Thumb Code    48  main.o(i.pixel_type)
    qrcodegen_calcSegmentBufferSize          0x0002e7e1   Thumb Code    32  qrcodegen.o(i.qrcodegen_calcSegmentBufferSize)
    qrcodegen_encodeSegmentsAdvanced         0x0002e801   Thumb Code   540  qrcodegen.o(i.qrcodegen_encodeSegmentsAdvanced)
    qrcodegen_encodeText                     0x0002ea1d   Thumb Code   226  qrcodegen.o(i.qrcodegen_encodeText)
    qrcodegen_getModule                      0x0002eaff   Thumb Code    40  qrcodegen.o(i.qrcodegen_getModule)
    qrcodegen_getSize                        0x0002eb27   Thumb Code    20  qrcodegen.o(i.qrcodegen_getSize)
    qrcodegen_isAlphanumeric                 0x0002eb3d   Thumb Code    34  qrcodegen.o(i.qrcodegen_isAlphanumeric)
    qrcodegen_isNumeric                      0x0002eb65   Thumb Code    30  qrcodegen.o(i.qrcodegen_isNumeric)
    qrcodegen_makeAlphanumeric               0x0002eb85   Thumb Code   178  qrcodegen.o(i.qrcodegen_makeAlphanumeric)
    qrcodegen_makeNumeric                    0x0002ec3d   Thumb Code   168  qrcodegen.o(i.qrcodegen_makeNumeric)
    spi_event_handler                        0x0002f631   Thumb Code     8  e154.o(i.spi_event_handler)
    uart_event_handle                        0x0002fc5d   Thumb Code   104  main.o(i.uart_event_handle)
    gImage_white_full                        0x000307b8   Data        5000  main.o(.constdata)
    gImage_metal                             0x00031b40   Data        5000  main.o(.constdata)
    gImage_sht                               0x00032ec8   Data        5000  main.o(.constdata)
    nrf_fstorage_sd                          0x000346f0   Data          32  nrf_fstorage_sd.o(.constdata)
    nrf_log_backend_rtt_api                  0x00034710   Data          12  nrf_log_backend_rtt.o(.constdata)
    m_ram_start                              0x000347ac   Data           4  nrf_sdh_ble.o(.constdata)
    __ctype_table                            0x000347d8   Data         129  ctype_o.o(.constdata)
    Region$$Table$$Base                      0x00035070   Number         0  anon$$obj.o(Region$$Table)
    Region$$Table$$Limit                     0x00035090   Number         0  anon$$obj.o(Region$$Table)
    log_const_data$$Base                     0x000350a0   Number         0  nrf_ble_gatt.o(log_const_data)
    m_nrf_log_nrf_ble_gatt_logs_data_const   0x000350a0   Data           8  nrf_ble_gatt.o(log_const_data)
    m_nrf_log_ble_nus_logs_data_const        0x000350a8   Data           8  ble_nus.o(log_const_data)
    m_nrf_log_clock_logs_data_const          0x000350b0   Data           8  nrf_drv_clock.o(log_const_data)
    m_nrf_log_CLOCK_logs_data_const          0x000350b8   Data           8  nrfx_clock.o(log_const_data)
    m_nrf_log_GPIOTE_logs_data_const         0x000350c0   Data           8  nrfx_gpiote.o(log_const_data)
    m_nrf_log_PRS_logs_data_const            0x000350c8   Data           8  nrfx_prs.o(log_const_data)
    m_nrf_log_UART_logs_data_const           0x000350d0   Data           8  nrfx_uart.o(log_const_data)
    m_nrf_log_UARTE_logs_data_const          0x000350d8   Data           8  nrfx_uarte.o(log_const_data)
    m_nrf_log_SPIM_logs_data_const           0x000350e0   Data           8  nrfx_spim.o(log_const_data)
    m_nrf_log_SAADC_logs_data_const          0x000350e8   Data           8  nrfx_saadc.o(log_const_data)
    m_nrf_log_app_button_logs_data_const     0x000350f0   Data           8  app_button.o(log_const_data)
    m_nrf_log_app_timer_logs_data_const      0x000350f8   Data           8  app_timer2.o(log_const_data)
    m_nrf_log_pwr_mgmt_logs_data_const       0x00035100   Data           8  nrf_pwr_mgmt.o(log_const_data)
    m_nrf_log_sortlist_logs_data_const       0x00035108   Data           8  nrf_sortlist.o(log_const_data)
    m_nrf_log_nrf_fstorage_logs_data_const   0x00035110   Data           8  nrf_fstorage.o(log_const_data)
    m_nrf_log_app_logs_data_const            0x00035118   Data           8  nrf_log_frontend.o(log_const_data)
    m_nrf_log_nrf_sdh_logs_data_const        0x00035120   Data           8  nrf_sdh.o(log_const_data)
    m_nrf_log_nrf_sdh_ble_logs_data_const    0x00035128   Data           8  nrf_sdh_ble.o(log_const_data)
    m_nrf_log_nrf_sdh_soc_logs_data_const    0x00035130   Data           8  nrf_sdh_soc.o(log_const_data)
    log_const_data$$Limit                    0x00035138   Number         0  nrf_sdh_soc.o(log_const_data)
    log_mempool                              0x00035138   Data          20  nrf_log_frontend.o(nrf_balloc)
    sdh_ble_observers0$$Base                 0x0003514c   Number         0  ble_conn_state.o(sdh_ble_observers0)
    sdh_ble_observers0$$Limit                0x00035154   Number         0  ble_conn_state.o(sdh_ble_observers0)
    sdh_ble_observers1$$Base                 0x00035154   Number         0  main.o(sdh_ble_observers1)
    sdh_ble_observers1$$Limit                0x00035174   Number         0  ble_conn_params.o(sdh_ble_observers1)
    sdh_ble_observers2$$Base                 0x00035174   Number         0  main.o(sdh_ble_observers2)
    sdh_ble_observers2$$Limit                0x00035184   Number         0  main.o(sdh_ble_observers2)
    sdh_ble_observers3$$Base                 0x00035184   Number         0  main.o(sdh_ble_observers3)
    m_req_obs                                0x0003518c   Data           8  nrf_fstorage_sd.o(sdh_req_observers0)
    sdh_ble_observers3$$Limit                0x0003518c   Number         0  main.o(sdh_ble_observers3)
    sdh_req_observers0$$Base                 0x0003518c   Number         0  nrf_fstorage_sd.o(sdh_req_observers0)
    sdh_req_observers0$$Limit                0x00035194   Number         0  nrf_fstorage_sd.o(sdh_req_observers0)
    sdh_soc_observers0$$Base                 0x00035194   Number         0  nrf_drv_clock.o(sdh_soc_observers0)
    sdh_soc_observers0$$Limit                0x000351a4   Number         0  nrf_fstorage_sd.o(sdh_soc_observers0)
    sdh_stack_observers0$$Base               0x000351a4   Number         0  nrf_sdh_ble.o(sdh_stack_observers0)
    sdh_stack_observers0$$Limit              0x000351b4   Number         0  nrf_sdh_soc.o(sdh_stack_observers0)
    sdh_state_observers0$$Base               0x000351b4   Number         0  nrf_drv_clock.o(sdh_state_observers0)
    sdh_state_observers0$$Limit              0x000351c4   Number         0  nrf_fstorage_sd.o(sdh_state_observers0)
    Image$$RW_IRAM1$$Base                    0x20002ad8   Number         0  anon$$obj.o ABSOLUTE
    PART_DISPLAY_Image                       0x20002b08   Data           4  main.o(.data)
    PART_Image                               0x20002b0c   Data           4  main.o(.data)
    i                                        0x20002b18   Data           4  main.o(.data)
    pAddr                                    0x20002b1c   Data           4  main.o(.data)
    QRImage                                  0x20002b24   Data           4  main.o(.data)
    nrf_drv_uart_use_easy_dma                0x20002b78   Data           1  nrf_drv_uart.o(.data)
    __stdout                                 0x20002c04   Data           4  retarget.o(.data)
    SystemCoreClock                          0x20002ca0   Data           4  system_nrf52.o(.data)
    __microlib_freelist                      0x20002ca4   Data           4  mvars.o(.data)
    __microlib_freelist_initialised          0x20002ca8   Data           4  mvars.o(.data)
    fs_data$$Base                            0x20002cac   Number         0  fds.o(fs_data)
    m_fs                                     0x20002cac   Data          20  fds.o(fs_data)
    fs_data$$Limit                           0x20002cc0   Number         0  fds.o(fs_data)
    qrcode                                   0x20007318   Data        3918  main.o(.bss)
    tempBuffer                               0x20008266   Data        3918  main.o(.bss)
    Paint                                    0x200093c4   Data          24  gui_paint.o(.bss)
    nrf_nvic_state                           0x200096e8   Data          12  app_util_platform.o(.bss)
    _SEGGER_RTT                              0x20009e98   Data         120  segger_rtt.o(.bss)
    __heap_base                              0x2000a120   Data           0  arm_startup_nrf52.o(HEAP)
    __heap_limit                             0x2000c120   Data           0  arm_startup_nrf52.o(HEAP)
    __initial_sp                             0x2000e120   Data           0  arm_startup_nrf52.o(STACK)



==============================================================================

Memory Map of the image

  Image Entry point : 0x00026201

  Load Region LR_IROM1 (Base: 0x00026000, Size: 0x0000f3ac, Max: 0x0005a000, ABSOLUTE, COMPRESSED[0x0000f238])

    Execution Region ER_IROM1 (Base: 0x00026000, Size: 0x0000f1c4, Max: 0x0005a000, ABSOLUTE)

    Base Addr    Size         Type   Attr      Idx    E Section Name        Object

    0x00026000   0x00000200   Data   RO         7238    RESET               arm_startup_nrf52.o
    0x00026200   0x00000000   Code   RO         7298  * .ARM.Collect$$$$00000000  mc_w.l(entry.o)
    0x00026200   0x00000004   Code   RO         7642    .ARM.Collect$$$$00000001  mc_w.l(entry2.o)
    0x00026204   0x00000004   Code   RO         7645    .ARM.Collect$$$$00000004  mc_w.l(entry5.o)
    0x00026208   0x00000000   Code   RO         7647    .ARM.Collect$$$$00000008  mc_w.l(entry7b.o)
    0x00026208   0x00000000   Code   RO         7649    .ARM.Collect$$$$0000000A  mc_w.l(entry8b.o)
    0x00026208   0x00000008   Code   RO         7650    .ARM.Collect$$$$0000000B  mc_w.l(entry9a.o)
    0x00026210   0x00000000   Code   RO         7652    .ARM.Collect$$$$0000000D  mc_w.l(entry10a.o)
    0x00026210   0x00000000   Code   RO         7654    .ARM.Collect$$$$0000000F  mc_w.l(entry11a.o)
    0x00026210   0x00000004   Code   RO         7643    .ARM.Collect$$$$00002712  mc_w.l(entry2.o)
    0x00026214   0x000000c8   Code   RO         5046    .emb_text           nrf_atfifo.o
    0x000262dc   0x000000e2   Code   RO         5182    .emb_text           nrf_atomic.o
    0x000263be   0x00000002   PAD
    0x000263c0   0x00000024   Code   RO         7239    .text               arm_startup_nrf52.o
    0x000263e4   0x00000062   Code   RO         7301    .text               mc_w.l(uldiv.o)
    0x00026446   0x0000001e   Code   RO         7303    .text               mc_w.l(llshl.o)
    0x00026464   0x00000008   Code   RO         7305    .text               mc_w.l(ctype_o.o)
    0x0002646c   0x00000040   Code   RO         7337    .text               mc_w.l(memmovea.o)
    0x000264ac   0x00000024   Code   RO         7339    .text               mc_w.l(memseta.o)
    0x000264d0   0x00000014   Code   RO         7341    .text               mc_w.l(strchr.o)
    0x000264e4   0x0000000e   Code   RO         7343    .text               mc_w.l(strlen.o)
    0x000264f2   0x00000012   Code   RO         7347    .text               mc_w.l(strcpy.o)
    0x00026504   0x00000020   Code   RO         7658    .text               mc_w.l(llushr.o)
    0x00026524   0x00000024   Code   RO         7673    .text               mc_w.l(init.o)
    0x00026548   0x00000056   Code   RO         7687    .text               mc_w.l(__dczerorl2.o)
    0x0002659e   0x00000002   PAD
    0x000265a0   0x00000048   Code   RO            6    i.ADC_Init          main.o
    0x000265e8   0x00000014   Code   RO            7    i.ADC_Read          main.o
    0x000265fc   0x000000b4   Code   RO          603    i.EPD_Dis_Part      e154.o
    0x000266b0   0x000000b6   Code   RO          607    i.EPD_HW_Init       e154.o
    0x00026766   0x00000018   Code   RO          611    i.EPD_Part_Update   e154.o
    0x0002677e   0x0000003c   Code   RO          612    i.EPD_SetRAMValue   e154.o
    0x000267ba   0x00000040   Code   RO          613    i.EPD_SetRAMValue_BaseMap  e154.o
    0x000267fa   0x00000018   Code   RO          615    i.EPD_Update        e154.o
    0x00026812   0x00000020   Code   RO          618    i.Epaper_Write_Command  e154.o
    0x00026832   0x00000026   Code   RO          619    i.Epaper_Write_Data  e154.o
    0x00026858   0x00000164   Code   RO         3135    i.GPIOTE_IRQHandler  nrfx_gpiote.o
    0x000269bc   0x00000058   Code   RO         2997    i.POWER_CLOCK_IRQHandler  nrfx_clock.o
    0x00026a14   0x00000070   Code   RO          917    i.Paint_Clear       gui_paint.o
    0x00026a84   0x0000009c   Code   RO          925    i.Paint_DrawPoint   gui_paint.o
    0x00026b20   0x00000064   Code   RO            9    i.Paint_Gen_Qrcode  main.o
    0x00026b84   0x0000003c   Code   RO          930    i.Paint_NewImage    gui_paint.o
    0x00026bc0   0x0000000c   Code   RO          931    i.Paint_SelectImage  gui_paint.o
    0x00026bcc   0x000000e8   Code   RO          933    i.Paint_SetPixel    gui_paint.o
    0x00026cb4   0x00000010   Code   RO         4835    i.RTC1_IRQHandler   drv_rtc.o
    0x00026cc4   0x0000002c   Code   RO          620    i.ReadBusy          e154.o
    0x00026cf0   0x000000f8   Code   RO           10    i.Rx_to_Flash       main.o
    0x00026de8   0x00000148   Code   RO         3923    i.SAADC_IRQHandler  nrfx_saadc.o
    0x00026f30   0x00000004   Code   RO         6778    i.SEGGER_RTT_Init   segger_rtt.o
    0x00026f34   0x0000005c   Code   RO         6792    i.SEGGER_RTT_WriteNoLock  segger_rtt.o
    0x00026f90   0x00000054   Code   RO         3806    i.SPIM0_SPIS0_TWIM0_TWIS0_SPI0_TWI0_IRQHandler  nrfx_spim.o
    0x00026fe4   0x00000078   Code   RO          621    i.SPI_EP_Init       e154.o
    0x0002705c   0x00000004   Code   RO          622    i.SPI_EP_unInit     e154.o
    0x00027060   0x00000040   Code   RO          623    i.SPI_Write         e154.o
    0x000270a0   0x00000004   Code   RO         7029    i.SWI2_EGU2_IRQHandler  nrf_sdh.o
    0x000270a4   0x00000398   Code   RO         7247    i.SystemInit        system_nrf52.o
    0x0002743c   0x0000000c   Code   RO         3404    i.UARTE0_UART0_IRQHandler  nrfx_prs.o
    0x00027448   0x00000068   Code   RO         6796    i._DoInit           segger_rtt.o
    0x000274b0   0x00000016   Code   RO         6797    i._GetAvailWriteSpace  segger_rtt.o
    0x000274c6   0x0000005a   Code   RO         6799    i._WriteBlocking    segger_rtt.o
    0x00027520   0x00000042   Code   RO         6800    i._WriteNoCheck     segger_rtt.o
    0x00027562   0x00000002   PAD
    0x00027564   0x00000020   Code   RO         7560    i.__0printf$8       mc_w.l(printf8.o)
    0x00027584   0x0000000e   Code   RO         7681    i.__scatterload_copy  mc_w.l(handlers.o)
    0x00027592   0x00000002   Code   RO         7682    i.__scatterload_null  mc_w.l(handlers.o)
    0x00027594   0x0000000e   Code   RO         7683    i.__scatterload_zeroinit  mc_w.l(handlers.o)
    0x000275a2   0x00000002   PAD
    0x000275a4   0x00000024   Code   RO         7030    i.__sd_nvic_app_accessible_irq  nrf_sdh.o
    0x000275c8   0x00000410   Code   RO         7567    i._printf_core      mc_w.l(printf8.o)
    0x000279d8   0x00000024   Code   RO         7568    i._printf_post_padding  mc_w.l(printf8.o)
    0x000279fc   0x0000002e   Code   RO         7569    i._printf_pre_padding  mc_w.l(printf8.o)
    0x00027a2a   0x00000002   PAD
    0x00027a2c   0x00000058   Code   RO           11    i.adcCallbackFunc   main.o
    0x00027a84   0x00000024   Code   RO           12    i.adc_threshold_update  main.o
    0x00027aa8   0x0000000e   Code   RO           13    i.adc_timer_timeout_handler  main.o
    0x00027ab6   0x00000002   PAD
    0x00027ab8   0x0000017c   Code   RO         1156    i.addEccAndInterleave  qrcodegen.o
    0x00027c34   0x0000000c   Code   RO         6121    i.addr_is_aligned32  nrf_fstorage.o
    0x00027c40   0x00000018   Code   RO         6122    i.addr_is_within_bounds  nrf_fstorage.o
    0x00027c58   0x00000010   Code   RO         1904    i.adv_set_data_size_max_get  ble_advertising.o
    0x00027c68   0x00000036   Code   RO         1614    i.advertising_buttons_configure  bsp_btn_ble.o
    0x00027c9e   0x00000006   Code   RO         1478    i.alert_timer_handler  bsp.o
    0x00027ca4   0x00000024   Code   RO         4145    i.app_button_enable  app_button.o
    0x00027cc8   0x00000080   Code   RO         4146    i.app_button_init   app_button.o
    0x00027d48   0x00000084   Code   RO         4344    i.app_error_fault_handler  app_error_weak.o
    0x00027dcc   0x00000016   Code   RO         4243    i.app_error_handler_bare  app_error.o
    0x00027de2   0x00000016   Code   RO         4404    i.app_fifo_get      app_fifo.o
    0x00027df8   0x00000020   Code   RO         4405    i.app_fifo_init     app_fifo.o
    0x00027e18   0x0000001a   Code   RO         4407    i.app_fifo_put      app_fifo.o
    0x00027e32   0x00000002   PAD
    0x00027e34   0x0000000c   Code   RO         4528    i.app_timer_cnt_get  app_timer2.o
    0x00027e40   0x00000016   Code   RO         4529    i.app_timer_create  app_timer2.o
    0x00027e56   0x00000002   PAD
    0x00027e58   0x0000005c   Code   RO         4530    i.app_timer_init    app_timer2.o
    0x00027eb4   0x00000030   Code   RO         4533    i.app_timer_start   app_timer2.o
    0x00027ee4   0x0000000c   Code   RO         4534    i.app_timer_stop    app_timer2.o
    0x00027ef0   0x000000a4   Code   RO         4672    i.app_uart_init     app_uart_fifo.o
    0x00027f94   0x00000054   Code   RO         4673    i.app_uart_put      app_uart_fifo.o
    0x00027fe8   0x00000048   Code   RO         4755    i.app_util_critical_region_enter  app_util_platform.o
    0x00028030   0x00000034   Code   RO         4756    i.app_util_critical_region_exit  app_util_platform.o
    0x00028064   0x0000003c   Code   RO         1157    i.appendBitsToBuffer  qrcodegen.o
    0x000280a0   0x000000f6   Code   RO         1158    i.applyMask         qrcodegen.o
    0x00028196   0x00000088   Code   RO         3458    i.apply_config      nrfx_uart.o
    0x0002821e   0x00000088   Code   RO         3646    i.apply_config      nrfx_uarte.o
    0x000282a6   0x00000048   Code   RO         2271    i.blcm_link_ctx_get  ble_link_ctx_manager.o
    0x000282ee   0x00000182   Code   RO         1786    i.ble_advdata_encode  ble_advdata.o
    0x00028470   0x00000020   Code   RO         1788    i.ble_advdata_parse  ble_advdata.o
    0x00028490   0x00000040   Code   RO         1789    i.ble_advdata_search  ble_advdata.o
    0x000284d0   0x00000006   Code   RO         1906    i.ble_advertising_conn_cfg_tag_set  ble_advertising.o
    0x000284d6   0x000000f8   Code   RO         1907    i.ble_advertising_init  ble_advertising.o
    0x000285ce   0x0000006a   Code   RO         1909    i.ble_advertising_on_ble_evt  ble_advertising.o
    0x00028638   0x0000003a   Code   RO         1911    i.ble_advertising_restart_without_whitelist  ble_advertising.o
    0x00028672   0x00000230   Code   RO         1912    i.ble_advertising_start  ble_advertising.o
    0x000288a2   0x00000002   PAD
    0x000288a4   0x00000068   Code   RO         2019    i.ble_conn_params_init  ble_conn_params.o
    0x0002890c   0x00000012   Code   RO         2103    i.ble_conn_state_conn_idx  ble_conn_state.o
    0x0002891e   0x00000002   PAD
    0x00028920   0x00000014   Code   RO         2117    i.ble_conn_state_valid  ble_conn_state.o
    0x00028934   0x00000060   Code   RO         1792    i.ble_device_addr_encode  ble_advdata.o
    0x00028994   0x00000114   Code   RO           15    i.ble_evt_handler   main.o
    0x00028aa8   0x00000070   Code   RO         1615    i.ble_evt_handler   bsp_btn_ble.o
    0x00028b18   0x000000fc   Code   RO         2021    i.ble_evt_handler   ble_conn_params.o
    0x00028c14   0x00000118   Code   RO         2118    i.ble_evt_handler   ble_conn_state.o
    0x00028d2c   0x00000066   Code   RO         2593    i.ble_nus_data_send  ble_nus.o
    0x00028d92   0x00000002   PAD
    0x00028d94   0x000000d4   Code   RO         2594    i.ble_nus_init      ble_nus.o
    0x00028e68   0x00000070   Code   RO         2595    i.ble_nus_on_ble_evt  ble_nus.o
    0x00028ed8   0x00000008   Code   RO         2300    i.ble_srv_is_notification_enabled  ble_srv_common.o
    0x00028ee0   0x0000000c   Code   RO         1366    i.bsp_board_button_idx_to_pin  boards.o
    0x00028eec   0x00000020   Code   RO         1367    i.bsp_board_button_state_get  boards.o
    0x00028f0c   0x00000054   Code   RO         1368    i.bsp_board_init    boards.o
    0x00028f60   0x00000024   Code   RO         1370    i.bsp_board_led_invert  boards.o
    0x00028f84   0x00000010   Code   RO         1371    i.bsp_board_led_off  boards.o
    0x00028f94   0x00000010   Code   RO         1372    i.bsp_board_led_on  boards.o
    0x00028fa4   0x00000020   Code   RO         1373    i.bsp_board_led_state_get  boards.o
    0x00028fc4   0x00000012   Code   RO         1374    i.bsp_board_leds_off  boards.o
    0x00028fd6   0x00000012   Code   RO         1375    i.bsp_board_leds_on  boards.o
    0x00028fe8   0x00000024   Code   RO         1376    i.bsp_board_pin_to_button_idx  boards.o
    0x0002900c   0x00000038   Code   RO         1616    i.bsp_btn_ble_init  bsp_btn_ble.o
    0x00029044   0x0000001e   Code   RO         1617    i.bsp_btn_ble_sleep_mode_prepare  bsp_btn_ble.o
    0x00029062   0x00000002   PAD
    0x00029064   0x00000090   Code   RO         1479    i.bsp_button_event_handler  bsp.o
    0x000290f4   0x0000000c   Code   RO         1480    i.bsp_button_is_pressed  bsp.o
    0x00029100   0x0000005c   Code   RO           16    i.bsp_event_handler  main.o
    0x0002915c   0x00000044   Code   RO         1483    i.bsp_event_to_button_action_assign  bsp.o
    0x000291a0   0x00000004   Code   RO         1484    i.bsp_indication_set  bsp.o
    0x000291a4   0x00000094   Code   RO         1485    i.bsp_init          bsp.o
    0x00029238   0x000001c8   Code   RO         1486    i.bsp_led_indication  bsp.o
    0x00029400   0x00000006   Code   RO         1488    i.bsp_wakeup_button_enable  bsp.o
    0x00029406   0x00000002   PAD
    0x00029408   0x00000090   Code   RO         6533    i.buf_prealloc      nrf_log_frontend.o
    0x00029498   0x0000002e   Code   RO         5394    i.buffer_add        nrf_fprintf_format.o
    0x000294c6   0x00000002   PAD
    0x000294c8   0x00000014   Code   RO         6534    i.buffer_is_empty   nrf_log_frontend.o
    0x000294dc   0x00000038   Code   RO           17    i.busy_timer_timeout_handler  main.o
    0x00029514   0x00000028   Code   RO         4148    i.button_get        app_button.o
    0x0002953c   0x00000008   Code   RO         1489    i.button_timer_handler  bsp.o
    0x00029544   0x0000006c   Code   RO         1159    i.calcSegmentBitLength  qrcodegen.o
    0x000295b0   0x0000001c   Code   RO         3136    i.channel_free      nrfx_gpiote.o
    0x000295cc   0x00000048   Code   RO         3137    i.channel_port_alloc  nrfx_gpiote.o
    0x00029614   0x00000010   Code   RO         3138    i.channel_port_get  nrfx_gpiote.o
    0x00029624   0x00000190   Code   RO         2302    i.characteristic_add  ble_srv_common.o
    0x000297b4   0x00000028   Code   RO         2654    i.clock_clk_started_notify  nrf_drv_clock.o
    0x000297dc   0x0000001c   Code   RO         2655    i.clock_irq_handler  nrf_drv_clock.o
    0x000297f8   0x00000018   Code   RO         4536    i.compare_func      app_timer2.o
    0x00029810   0x0000003e   Code   RO         2119    i.conn_handle_list_get  ble_conn_state.o
    0x0002984e   0x00000088   Code   RO         1793    i.conn_int_encode   ble_advdata.o
    0x000298d6   0x00000004   Code   RO           18    i.conn_params_error_handler  main.o
    0x000298da   0x00000002   PAD
    0x000298dc   0x00000048   Code   RO         2022    i.conn_params_negotiation  ble_conn_params.o
    0x00029924   0x000000c0   Code   RO         2447    i.data_length_update  nrf_ble_gatt.o
    0x000299e4   0x0000008c   Code   RO         5804    i.delete_execute    fds.o
    0x00029a70   0x00000048   Code   RO         4149    i.detection_delay_timeout_handler  app_button.o
    0x00029ab8   0x00000092   Code   RO         1160    i.drawCodewords     qrcodegen.o
    0x00029b4a   0x00000002   PAD
    0x00029b4c   0x000000f4   Code   RO         1161    i.drawFormatBits    qrcodegen.o
    0x00029c40   0x0000016c   Code   RO         1162    i.drawWhiteFunctionModules  qrcodegen.o
    0x00029dac   0x00000014   Code   RO         6535    i.dropped_sat16_get  nrf_log_frontend.o
    0x00029dc0   0x00000014   Code   RO         4836    i.drv_rtc_compare_disable  drv_rtc.o
    0x00029dd4   0x0000000e   Code   RO         4838    i.drv_rtc_compare_pending  drv_rtc.o
    0x00029de2   0x00000050   Code   RO         4839    i.drv_rtc_compare_set  drv_rtc.o
    0x00029e32   0x00000008   Code   RO         4840    i.drv_rtc_counter_get  drv_rtc.o
    0x00029e3a   0x00000002   PAD
    0x00029e3c   0x000000d4   Code   RO         4841    i.drv_rtc_init      drv_rtc.o
    0x00029f10   0x0000001a   Code   RO         4842    i.drv_rtc_irq_trigger  drv_rtc.o
    0x00029f2a   0x00000008   Code   RO         4844    i.drv_rtc_overflow_enable  drv_rtc.o
    0x00029f32   0x00000008   Code   RO         4845    i.drv_rtc_overflow_pending  drv_rtc.o
    0x00029f3a   0x00000008   Code   RO         4846    i.drv_rtc_start     drv_rtc.o
    0x00029f42   0x00000008   Code   RO         4847    i.drv_rtc_stop      drv_rtc.o
    0x00029f4a   0x000000de   Code   RO         4852    i.drv_rtc_windowed_compare_set  drv_rtc.o
    0x0002a028   0x0000003c   Code   RO           19    i.epd_rst_busy_timer_timeout_handler  main.o
    0x0002a064   0x0000004c   Code   RO         6285    i.erase             nrf_fstorage_sd.o
    0x0002a0b0   0x00000074   Code   RO         5805    i.event_prepare     fds.o
    0x0002a124   0x00000020   Code   RO         5806    i.event_send        fds.o
    0x0002a144   0x00000054   Code   RO         6286    i.event_send        nrf_fstorage_sd.o
    0x0002a198   0x00000012   Code   RO         4853    i.evt_enable        drv_rtc.o
    0x0002a1aa   0x00000002   PAD
    0x0002a1ac   0x000000e0   Code   RO         4150    i.evt_handle        app_button.o
    0x0002a28c   0x00000014   Code   RO         4854    i.evt_pending       drv_rtc.o
    0x0002a2a0   0x00000208   Code   RO           20    i.fds_evt_handler   main.o
    0x0002a4a8   0x00000040   Code   RO         5809    i.fds_gc            fds.o
    0x0002a4e8   0x000000e4   Code   RO         5810    i.fds_init          fds.o
    0x0002a5cc   0x00000048   Code   RO         5811    i.fds_record_close  fds.o
    0x0002a614   0x00000044   Code   RO         5812    i.fds_record_delete  fds.o
    0x0002a658   0x0000000e   Code   RO         5813    i.fds_record_find   fds.o
    0x0002a666   0x00000002   PAD
    0x0002a668   0x0000004c   Code   RO         5818    i.fds_record_open   fds.o
    0x0002a6b4   0x00000010   Code   RO         5819    i.fds_record_update  fds.o
    0x0002a6c4   0x00000008   Code   RO         5820    i.fds_record_write  fds.o
    0x0002a6cc   0x00000030   Code   RO         5822    i.fds_register      fds.o
    0x0002a6fc   0x00000014   Code   RO         4410    i.fifo_get          app_fifo.o
    0x0002a710   0x00000012   Code   RO         4411    i.fifo_put          app_fifo.o
    0x0002a722   0x0000003a   Code   RO         1163    i.fillRectangle     qrcodegen.o
    0x0002a75c   0x0000002c   Code   RO           21    i.find_last_record  main.o
    0x0002a788   0x00000018   Code   RO         1164    i.finderPenaltyAddHistory  qrcodegen.o
    0x0002a7a0   0x0000005e   Code   RO         1165    i.finderPenaltyCountPatterns  qrcodegen.o
    0x0002a7fe   0x0000002c   Code   RO         1166    i.finderPenaltyTerminateAndCount  qrcodegen.o
    0x0002a82a   0x0000000a   Code   RO         2120    i.flag_toggle       ble_conn_state.o
    0x0002a834   0x00000028   Code   RO         1914    i.flags_set         ble_advertising.o
    0x0002a85c   0x0000000e   Code   RO         5767    i.fputc             retarget.o
    0x0002a86a   0x00000002   PAD
    0x0002a86c   0x00000050   Code   RO         7614    i.free              mc_w.l(malloc.o)
    0x0002a8bc   0x00000006   Code   RO         5826    i.fs_event_handler  fds.o
    0x0002a8c2   0x00000002   PAD
    0x0002a8c4   0x0000006c   Code   RO           22    i.gatt_evt_handler  main.o
    0x0002a930   0x00000030   Code   RO           23    i.gatt_init         main.o
    0x0002a960   0x00000078   Code   RO         5827    i.gc_execute        fds.o
    0x0002a9d8   0x0000004c   Code   RO         5828    i.gc_next_page      fds.o
    0x0002aa24   0x00000040   Code   RO         5829    i.gc_page_erase     fds.o
    0x0002aa64   0x00000034   Code   RO         5830    i.gc_record_copy    fds.o
    0x0002aa98   0x00000024   Code   RO         5831    i.gc_record_find_next  fds.o
    0x0002aabc   0x00000088   Code   RO         5832    i.gc_state_advance  fds.o
    0x0002ab44   0x0000004c   Code   RO         1167    i.getAlignmentPatternPositions  qrcodegen.o
    0x0002ab90   0x00000036   Code   RO         1168    i.getModule         qrcodegen.o
    0x0002abc6   0x00000002   PAD
    0x0002abc8   0x0000003c   Code   RO         1169    i.getNumDataCodewords  qrcodegen.o
    0x0002ac04   0x00000044   Code   RO         1170    i.getNumRawDataModules  qrcodegen.o
    0x0002ac48   0x000001d0   Code   RO         1171    i.getPenaltyScore   qrcodegen.o
    0x0002ae18   0x00000064   Code   RO         1172    i.getTotalBits      qrcodegen.o
    0x0002ae7c   0x00000034   Code   RO         4537    i.get_now           app_timer2.o
    0x0002aeb0   0x0000003c   Code   RO         4151    i.gpiote_event_handler  app_button.o
    0x0002aeec   0x0000002c   Code   RO         5833    i.header_check      fds.o
    0x0002af18   0x00000012   Code   RO         5834    i.header_has_next   fds.o
    0x0002af2a   0x00000002   PAD
    0x0002af2c   0x00000034   Code   RO         6287    i.init              nrf_fstorage_sd.o
    0x0002af60   0x000000c8   Code   RO         5835    i.init_execute      fds.o
    0x0002b028   0x000000e8   Code   RO         1173    i.initializeFunctionModules  qrcodegen.o
    0x0002b110   0x00000014   Code   RO         2023    i.instance_get      ble_conn_params.o
    0x0002b124   0x000000a6   Code   RO         5395    i.int_print         nrf_fprintf_format.o
    0x0002b1ca   0x00000002   PAD
    0x0002b1cc   0x00000084   Code   RO         3647    i.interrupts_enable  nrfx_uarte.o
    0x0002b250   0x00000034   Code   RO         6536    i.invalid_packets_omit  nrf_log_frontend.o
    0x0002b284   0x00000010   Code   RO         6288    i.is_busy           nrf_fstorage_sd.o
    0x0002b294   0x00000044   Code   RO         2024    i.is_conn_params_ok  ble_conn_params.o
    0x0002b2d8   0x0000000c   Code   RO         5836    i.is_word_aligned   fds.o
    0x0002b2e4   0x00000030   Code   RO         1490    i.leds_off          bsp.o
    0x0002b314   0x00000014   Code   RO         1491    i.leds_timer_handler  bsp.o
    0x0002b328   0x00000018   Code   RO         2448    i.link_init         nrf_ble_gatt.o
    0x0002b340   0x0000009c   Code   RO         6537    i.log_skip          nrf_log_frontend.o
    0x0002b3dc   0x000002ac   Code   RO           24    i.main              main.o
    0x0002b688   0x0000006c   Code   RO         7615    i.malloc            mc_w.l(malloc.o)
    0x0002b6f4   0x00000064   Code   RO         1794    i.manuf_specific_data_encode  ble_advdata.o
    0x0002b758   0x0000007e   Code   RO         5434    i.memobj_op         nrf_memobj.o
    0x0002b7d6   0x00000002   PAD
    0x0002b7d8   0x00000030   Code   RO         6538    i.module_idx_get    nrf_log_frontend.o
    0x0002b808   0x000000a6   Code   RO         1795    i.name_encode       ble_advdata.o
    0x0002b8ae   0x00000010   Code   RO         5048    i.nrf_atfifo_clear  nrf_atfifo.o
    0x0002b8be   0x00000026   Code   RO         5050    i.nrf_atfifo_init   nrf_atfifo.o
    0x0002b8e4   0x00000016   Code   RO         5051    i.nrf_atfifo_item_alloc  nrf_atfifo.o
    0x0002b8fa   0x00000016   Code   RO         5052    i.nrf_atfifo_item_free  nrf_atfifo.o
    0x0002b910   0x00000016   Code   RO         5053    i.nrf_atfifo_item_get  nrf_atfifo.o
    0x0002b926   0x00000016   Code   RO         5054    i.nrf_atfifo_item_put  nrf_atfifo.o
    0x0002b93c   0x00000016   Code   RO         5116    i.nrf_atflags_clear  nrf_atflags.o
    0x0002b952   0x00000016   Code   RO         5121    i.nrf_atflags_get   nrf_atflags.o
    0x0002b968   0x00000014   Code   RO         5123    i.nrf_atflags_set   nrf_atflags.o
    0x0002b97c   0x00000006   Code   RO         5184    i.nrf_atomic_flag_clear_fetch  nrf_atomic.o
    0x0002b982   0x00000006   Code   RO         5185    i.nrf_atomic_flag_set  nrf_atomic.o
    0x0002b988   0x00000006   Code   RO         5186    i.nrf_atomic_flag_set_fetch  nrf_atomic.o
    0x0002b98e   0x0000000c   Code   RO         5187    i.nrf_atomic_u32_add  nrf_atomic.o
    0x0002b99a   0x0000000c   Code   RO         5188    i.nrf_atomic_u32_and  nrf_atomic.o
    0x0002b9a6   0x0000000a   Code   RO         5190    i.nrf_atomic_u32_fetch_add  nrf_atomic.o
    0x0002b9b0   0x0000000a   Code   RO         5191    i.nrf_atomic_u32_fetch_and  nrf_atomic.o
    0x0002b9ba   0x0000000a   Code   RO         5192    i.nrf_atomic_u32_fetch_or  nrf_atomic.o
    0x0002b9c4   0x0000000a   Code   RO         5193    i.nrf_atomic_u32_fetch_store  nrf_atomic.o
    0x0002b9ce   0x0000000c   Code   RO         5197    i.nrf_atomic_u32_or  nrf_atomic.o
    0x0002b9da   0x0000000c   Code   RO         5199    i.nrf_atomic_u32_sub  nrf_atomic.o
    0x0002b9e6   0x00000044   Code   RO         5318    i.nrf_balloc_alloc  nrf_balloc.o
    0x0002ba2a   0x00000030   Code   RO         5319    i.nrf_balloc_free   nrf_balloc.o
    0x0002ba5a   0x00000030   Code   RO         5320    i.nrf_balloc_init   nrf_balloc.o
    0x0002ba8a   0x00000010   Code   RO         3139    i.nrf_bitmask_bit_is_set  nrfx_gpiote.o
    0x0002ba9a   0x00000014   Code   RO         3140    i.nrf_bitmask_bit_set  nrfx_gpiote.o
    0x0002baae   0x00000018   Code   RO         2450    i.nrf_ble_gatt_att_mtu_periph_set  nrf_ble_gatt.o
    0x0002bac6   0x00000022   Code   RO         2454    i.nrf_ble_gatt_init  nrf_ble_gatt.o
    0x0002bae8   0x00000150   Code   RO         2455    i.nrf_ble_gatt_on_ble_evt  nrf_ble_gatt.o
    0x0002bc38   0x00000016   Code   RO         2549    i.nrf_ble_qwr_conn_handle_assign  nrf_ble_qwr.o
    0x0002bc4e   0x00000024   Code   RO         2550    i.nrf_ble_qwr_init  nrf_ble_qwr.o
    0x0002bc72   0x000000b6   Code   RO         2551    i.nrf_ble_qwr_on_ble_evt  nrf_ble_qwr.o
    0x0002bd28   0x0000000e   Code   RO         2998    i.nrf_clock_event_check  nrfx_clock.o
    0x0002bd36   0x00000010   Code   RO         2999    i.nrf_clock_event_clear  nrfx_clock.o
    0x0002bd46   0x00000002   PAD
    0x0002bd48   0x00000020   Code   RO          624    i.nrf_delay_ms      e154.o
    0x0002bd68   0x00000038   Code   RO         2662    i.nrf_drv_clock_init  nrf_drv_clock.o
    0x0002bda0   0x00000030   Code   RO         2666    i.nrf_drv_clock_lfclk_release  nrf_drv_clock.o
    0x0002bdd0   0x00000068   Code   RO         2806    i.nrf_drv_uart_init  nrf_drv_uart.o
    0x0002be38   0x00000020   Code   RO         4674    i.nrf_drv_uart_rx   app_uart_fifo.o
    0x0002be58   0x00000020   Code   RO         4675    i.nrf_drv_uart_tx   app_uart_fifo.o
    0x0002be78   0x0000001a   Code   RO         5355    i.nrf_fprintf       nrf_fprintf.o
    0x0002be92   0x00000018   Code   RO         5356    i.nrf_fprintf_buffer_flush  nrf_fprintf.o
    0x0002beaa   0x000001da   Code   RO         5396    i.nrf_fprintf_fmt   nrf_fprintf_format.o
    0x0002c084   0x00000138   Code   RO         6123    i.nrf_fstorage_erase  nrf_fstorage.o
    0x0002c1bc   0x00000094   Code   RO         6124    i.nrf_fstorage_init  nrf_fstorage.o
    0x0002c250   0x00000018   Code   RO         6289    i.nrf_fstorage_sdh_req_handler  nrf_fstorage_sd.o
    0x0002c268   0x00000020   Code   RO         6290    i.nrf_fstorage_sdh_state_handler  nrf_fstorage_sd.o
    0x0002c288   0x000000a4   Code   RO         6291    i.nrf_fstorage_sys_evt_handler  nrf_fstorage_sd.o
    0x0002c32c   0x000001dc   Code   RO         6130    i.nrf_fstorage_write  nrf_fstorage.o
    0x0002c508   0x00000024   Code   RO          625    i.nrf_gpio_cfg      e154.o
    0x0002c52c   0x00000024   Code   RO         1378    i.nrf_gpio_cfg      boards.o
    0x0002c550   0x00000024   Code   RO         3141    i.nrf_gpio_cfg      nrfx_gpiote.o
    0x0002c574   0x00000024   Code   RO         3459    i.nrf_gpio_cfg      nrfx_uart.o
    0x0002c598   0x00000024   Code   RO         3648    i.nrf_gpio_cfg      nrfx_uarte.o
    0x0002c5bc   0x00000024   Code   RO         3807    i.nrf_gpio_cfg      nrfx_spim.o
    0x0002c5e0   0x00000012   Code   RO         3461    i.nrf_gpio_cfg_input  nrfx_uart.o
    0x0002c5f2   0x00000012   Code   RO         3650    i.nrf_gpio_cfg_input  nrfx_uarte.o
    0x0002c604   0x00000014   Code   RO          626    i.nrf_gpio_cfg_output  e154.o
    0x0002c618   0x00000014   Code   RO         3462    i.nrf_gpio_cfg_output  nrfx_uart.o
    0x0002c62c   0x00000014   Code   RO         3651    i.nrf_gpio_cfg_output  nrfx_uarte.o
    0x0002c640   0x00000014   Code   RO         3808    i.nrf_gpio_cfg_output  nrfx_spim.o
    0x0002c654   0x00000022   Code   RO         3143    i.nrf_gpio_cfg_sense_set  nrfx_gpiote.o
    0x0002c676   0x0000000e   Code   RO          627    i.nrf_gpio_pin_clear  e154.o
    0x0002c684   0x0000000e   Code   RO         3809    i.nrf_gpio_pin_clear  nrfx_spim.o
    0x0002c692   0x0000000e   Code   RO          628    i.nrf_gpio_pin_set  e154.o
    0x0002c6a0   0x0000000e   Code   RO         3810    i.nrf_gpio_pin_set  nrfx_spim.o
    0x0002c6ae   0x00000016   Code   RO         1379    i.nrf_gpio_pin_write  boards.o
    0x0002c6c4   0x00000028   Code   RO         3144    i.nrf_gpio_ports_read  nrfx_gpiote.o
    0x0002c6ec   0x00000014   Code   RO         3145    i.nrf_gpiote_event_clear  nrfx_gpiote.o
    0x0002c700   0x00000010   Code   RO         3146    i.nrf_gpiote_event_is_set  nrfx_gpiote.o
    0x0002c710   0x0000005c   Code   RO         6539    i.nrf_log_backend_add  nrf_log_frontend.o
    0x0002c76c   0x00000002   Code   RO         6394    i.nrf_log_backend_rtt_flush  nrf_log_backend_rtt.o
    0x0002c76e   0x00000004   Code   RO         6395    i.nrf_log_backend_rtt_init  nrf_log_backend_rtt.o
    0x0002c772   0x00000002   Code   RO         6396    i.nrf_log_backend_rtt_panic_set  nrf_log_backend_rtt.o
    0x0002c774   0x00000018   Code   RO         6397    i.nrf_log_backend_rtt_put  nrf_log_backend_rtt.o
    0x0002c78c   0x000000c8   Code   RO         6460    i.nrf_log_backend_serial_put  nrf_log_backend_serial.o
    0x0002c854   0x00000030   Code   RO         6541    i.nrf_log_color_id_get  nrf_log_frontend.o
    0x0002c884   0x0000001c   Code   RO         6494    i.nrf_log_default_backends_init  nrf_log_default_backends.o
    0x0002c8a0   0x00000234   Code   RO         6542    i.nrf_log_frontend_dequeue  nrf_log_frontend.o
    0x0002cad4   0x00000008   Code   RO         6544    i.nrf_log_frontend_std_0  nrf_log_frontend.o
    0x0002cadc   0x0000000e   Code   RO         6545    i.nrf_log_frontend_std_1  nrf_log_frontend.o
    0x0002caea   0x00000010   Code   RO         6546    i.nrf_log_frontend_std_2  nrf_log_frontend.o
    0x0002cafa   0x00000012   Code   RO         6547    i.nrf_log_frontend_std_3  nrf_log_frontend.o
    0x0002cb0c   0x000000b0   Code   RO         6719    i.nrf_log_hexdump_entry_process  nrf_log_str_formatter.o
    0x0002cbbc   0x0000003c   Code   RO         6551    i.nrf_log_init      nrf_log_frontend.o
    0x0002cbf8   0x00000014   Code   RO         6552    i.nrf_log_module_cnt_get  nrf_log_frontend.o
    0x0002cc0c   0x0000001c   Code   RO         6555    i.nrf_log_module_name_get  nrf_log_frontend.o
    0x0002cc28   0x0000002c   Code   RO         6556    i.nrf_log_panic     nrf_log_frontend.o
    0x0002cc54   0x000000b6   Code   RO         6720    i.nrf_log_std_entry_process  nrf_log_str_formatter.o
    0x0002cd0a   0x00000060   Code   RO         5435    i.nrf_memobj_alloc  nrf_memobj.o
    0x0002cd6a   0x00000032   Code   RO         5436    i.nrf_memobj_free   nrf_memobj.o
    0x0002cd9c   0x00000008   Code   RO         5437    i.nrf_memobj_get    nrf_memobj.o
    0x0002cda4   0x00000004   Code   RO         5438    i.nrf_memobj_pool_init  nrf_memobj.o
    0x0002cda8   0x0000001e   Code   RO         5439    i.nrf_memobj_put    nrf_memobj.o
    0x0002cdc6   0x00000010   Code   RO         5440    i.nrf_memobj_read   nrf_memobj.o
    0x0002cdd6   0x00000010   Code   RO         5441    i.nrf_memobj_write  nrf_memobj.o
    0x0002cde6   0x00000002   PAD
    0x0002cde8   0x00000028   Code   RO         5504    i.nrf_pwr_mgmt_init  nrf_pwr_mgmt.o
    0x0002ce10   0x00000044   Code   RO         5505    i.nrf_pwr_mgmt_run  nrf_pwr_mgmt.o
    0x0002ce54   0x00000004   Code   RO           25    i.nrf_qwr_error_handler  main.o
    0x0002ce58   0x0000001c   Code   RO         5584    i.nrf_ringbuf_init  nrf_ringbuf.o
    0x0002ce74   0x0000000c   Code   RO         4855    i.nrf_rtc_event_clear  drv_rtc.o
    0x0002ce80   0x00000010   Code   RO         3924    i.nrf_saadc_buffer_init  nrfx_saadc.o
    0x0002ce90   0x00000014   Code   RO         3925    i.nrf_saadc_channel_input_set  nrfx_saadc.o
    0x0002cea4   0x00000010   Code   RO         3926    i.nrf_saadc_event_check  nrfx_saadc.o
    0x0002ceb4   0x00000014   Code   RO         3927    i.nrf_saadc_event_clear  nrfx_saadc.o
    0x0002cec8   0x00000010   Code   RO         3928    i.nrf_saadc_limit_int_get  nrfx_saadc.o
    0x0002ced8   0x00000014   Code   RO         7150    i.nrf_sdh_ble_app_ram_start_get  nrf_sdh_ble.o
    0x0002ceec   0x00000130   Code   RO         7151    i.nrf_sdh_ble_default_cfg_set  nrf_sdh_ble.o
    0x0002d01c   0x00000130   Code   RO         7152    i.nrf_sdh_ble_enable  nrf_sdh_ble.o
    0x0002d14c   0x00000060   Code   RO         7153    i.nrf_sdh_ble_evts_poll  nrf_sdh_ble.o
    0x0002d1ac   0x00000054   Code   RO         7031    i.nrf_sdh_disable_request  nrf_sdh.o
    0x0002d200   0x00000074   Code   RO         7032    i.nrf_sdh_enable_request  nrf_sdh.o
    0x0002d274   0x00000024   Code   RO         7033    i.nrf_sdh_evts_poll  nrf_sdh.o
    0x0002d298   0x0000000c   Code   RO         7034    i.nrf_sdh_is_enabled  nrf_sdh.o
    0x0002d2a4   0x0000001c   Code   RO         7036    i.nrf_sdh_request_continue  nrf_sdh.o
    0x0002d2c0   0x0000003c   Code   RO         7204    i.nrf_sdh_soc_evts_poll  nrf_sdh_soc.o
    0x0002d2fc   0x0000000a   Code   RO         5642    i.nrf_section_iter_init  nrf_section_iter.o
    0x0002d306   0x00000024   Code   RO         5643    i.nrf_section_iter_item_set  nrf_section_iter.o
    0x0002d32a   0x00000020   Code   RO         5644    i.nrf_section_iter_next  nrf_section_iter.o
    0x0002d34a   0x00000022   Code   RO         5677    i.nrf_sortlist_add  nrf_sortlist.o
    0x0002d36c   0x00000006   Code   RO         5679    i.nrf_sortlist_peek  nrf_sortlist.o
    0x0002d372   0x0000000e   Code   RO         5680    i.nrf_sortlist_pop  nrf_sortlist.o
    0x0002d380   0x0000001e   Code   RO         5681    i.nrf_sortlist_remove  nrf_sortlist.o
    0x0002d39e   0x0000000a   Code   RO         3811    i.nrf_spim_event_check  nrfx_spim.o
    0x0002d3a8   0x00000038   Code   RO         5733    i.nrf_strerror_find  nrf_strerror.o
    0x0002d3e0   0x00000014   Code   RO         5734    i.nrf_strerror_get  nrf_strerror.o
    0x0002d3f4   0x0000000a   Code   RO         3463    i.nrf_uart_event_check  nrfx_uart.o
    0x0002d3fe   0x0000000c   Code   RO         3464    i.nrf_uart_event_clear  nrfx_uart.o
    0x0002d40a   0x0000000c   Code   RO         3465    i.nrf_uart_int_enable_check  nrfx_uart.o
    0x0002d416   0x0000000a   Code   RO         3652    i.nrf_uarte_event_check  nrfx_uarte.o
    0x0002d420   0x0000000c   Code   RO         3653    i.nrf_uarte_event_clear  nrfx_uarte.o
    0x0002d42c   0x0000002c   Code   RO         3004    i.nrfx_clock_enable  nrfx_clock.o
    0x0002d458   0x00000020   Code   RO         3007    i.nrfx_clock_init   nrfx_clock.o
    0x0002d478   0x0000001c   Code   RO         3010    i.nrfx_clock_lfclk_stop  nrfx_clock.o
    0x0002d494   0x00000010   Code   RO         3929    i.nrfx_coredep_delay_us  nrfx_saadc.o
    0x0002d4a4   0x00000010   Code   RO         4856    i.nrfx_coredep_delay_us  drv_rtc.o
    0x0002d4b4   0x000000a4   Code   RO         3151    i.nrfx_gpiote_in_event_enable  nrfx_gpiote.o
    0x0002d558   0x000000d0   Code   RO         3152    i.nrfx_gpiote_in_init  nrfx_gpiote.o
    0x0002d628   0x00000014   Code   RO         3153    i.nrfx_gpiote_in_is_set  nrfx_gpiote.o
    0x0002d63c   0x0000006c   Code   RO         3155    i.nrfx_gpiote_init  nrfx_gpiote.o
    0x0002d6a8   0x00000014   Code   RO         3156    i.nrfx_gpiote_is_init  nrfx_gpiote.o
    0x0002d6bc   0x00000010   Code   RO         3654    i.nrfx_is_in_ram    nrfx_uarte.o
    0x0002d6cc   0x00000010   Code   RO         3812    i.nrfx_is_in_ram    nrfx_spim.o
    0x0002d6dc   0x0000003a   Code   RO         3405    i.nrfx_prs_acquire  nrfx_prs.o
    0x0002d716   0x00000002   PAD
    0x0002d718   0x000000a4   Code   RO         3931    i.nrfx_saadc_buffer_convert  nrfx_saadc.o
    0x0002d7bc   0x000000ac   Code   RO         3933    i.nrfx_saadc_channel_init  nrfx_saadc.o
    0x0002d868   0x00000044   Code   RO         3934    i.nrfx_saadc_channel_uninit  nrfx_saadc.o
    0x0002d8ac   0x00000094   Code   RO         3935    i.nrfx_saadc_init   nrfx_saadc.o
    0x0002d940   0x00000080   Code   RO         3937    i.nrfx_saadc_limits_set  nrfx_saadc.o
    0x0002d9c0   0x0000002c   Code   RO         3938    i.nrfx_saadc_sample  nrfx_saadc.o
    0x0002d9ec   0x0000006c   Code   RO         3941    i.nrfx_saadc_uninit  nrfx_saadc.o
    0x0002da58   0x00000174   Code   RO         3815    i.nrfx_spim_init    nrfx_spim.o
    0x0002dbcc   0x00000064   Code   RO         3818    i.nrfx_spim_xfer    nrfx_spim.o
    0x0002dc30   0x00000010   Code   RO         3466    i.nrfx_uart_0_irq_handler  nrfx_uart.o
    0x0002dc40   0x000000d0   Code   RO         3468    i.nrfx_uart_init    nrfx_uart.o
    0x0002dd10   0x000000ec   Code   RO         3469    i.nrfx_uart_rx      nrfx_uart.o
    0x0002ddfc   0x000000a8   Code   RO         3474    i.nrfx_uart_tx      nrfx_uart.o
    0x0002dea4   0x00000020   Code   RO         3476    i.nrfx_uart_tx_in_progress  nrfx_uart.o
    0x0002dec4   0x00000010   Code   RO         3655    i.nrfx_uarte_0_irq_handler  nrfx_uarte.o
    0x0002ded4   0x0000006c   Code   RO         3657    i.nrfx_uarte_init   nrfx_uarte.o
    0x0002df40   0x00000104   Code   RO         3658    i.nrfx_uarte_rx     nrfx_uarte.o
    0x0002e044   0x000000ac   Code   RO         3661    i.nrfx_uarte_tx     nrfx_uarte.o
    0x0002e0f0   0x0000001c   Code   RO         3663    i.nrfx_uarte_tx_in_progress  nrfx_uarte.o
    0x0002e10c   0x00000048   Code   RO         1174    i.numCharCountBits  qrcodegen.o
    0x0002e154   0x00000084   Code   RO           26    i.nus_data_handler  main.o
    0x0002e1d8   0x0000002c   Code   RO           27    i.on_adv_evt        main.o
    0x0002e204   0x0000001c   Code   RO           28    i.on_conn_params_evt  main.o
    0x0002e220   0x0000006a   Code   RO         2596    i.on_connect        ble_nus.o
    0x0002e28a   0x00000002   PAD
    0x0002e28c   0x000000a8   Code   RO         2456    i.on_connected_evt  nrf_ble_gatt.o
    0x0002e334   0x000000ac   Code   RO         2457    i.on_exchange_mtu_request_evt  nrf_ble_gatt.o
    0x0002e3e0   0x00000084   Code   RO         2597    i.on_write          ble_nus.o
    0x0002e464   0x00000024   Code   RO         5837    i.page_identify     fds.o
    0x0002e488   0x0000001c   Code   RO         5838    i.page_offsets_update  fds.o
    0x0002e4a4   0x0000006c   Code   RO         5839    i.page_scan         fds.o
    0x0002e510   0x0000001c   Code   RO         5840    i.page_tag_write_data  fds.o
    0x0002e52c   0x00000024   Code   RO         5841    i.page_tag_write_swap  fds.o
    0x0002e550   0x00000130   Code   RO         5842    i.pages_init        fds.o
    0x0002e680   0x00000012   Code   RO         1915    i.phy_is_valid      ble_advertising.o
    0x0002e692   0x00000002   PAD
    0x0002e694   0x00000018   Code   RO         3172    i.pin_in_use_by_port  nrfx_gpiote.o
    0x0002e6ac   0x00000018   Code   RO         3173    i.pin_in_use_by_te  nrfx_gpiote.o
    0x0002e6c4   0x00000030   Code   RO           29    i.pixel_type        main.o
    0x0002e6f4   0x0000003c   Code   RO         6722    i.postfix_process   nrf_log_str_formatter.o
    0x0002e730   0x00000098   Code   RO         6723    i.prefix_process    nrf_log_str_formatter.o
    0x0002e7c8   0x00000018   Code   RO         3407    i.prs_box_get       nrfx_prs.o
    0x0002e7e0   0x00000020   Code   RO         1175    i.qrcodegen_calcSegmentBufferSize  qrcodegen.o
    0x0002e800   0x0000021c   Code   RO         1178    i.qrcodegen_encodeSegmentsAdvanced  qrcodegen.o
    0x0002ea1c   0x000000e2   Code   RO         1179    i.qrcodegen_encodeText  qrcodegen.o
    0x0002eafe   0x00000028   Code   RO         1180    i.qrcodegen_getModule  qrcodegen.o
    0x0002eb26   0x00000014   Code   RO         1181    i.qrcodegen_getSize  qrcodegen.o
    0x0002eb3a   0x00000002   PAD
    0x0002eb3c   0x00000028   Code   RO         1182    i.qrcodegen_isAlphanumeric  qrcodegen.o
    0x0002eb64   0x0000001e   Code   RO         1183    i.qrcodegen_isNumeric  qrcodegen.o
    0x0002eb82   0x00000002   PAD
    0x0002eb84   0x000000b8   Code   RO         1184    i.qrcodegen_makeAlphanumeric  qrcodegen.o
    0x0002ec3c   0x000000a8   Code   RO         1187    i.qrcodegen_makeNumeric  qrcodegen.o
    0x0002ece4   0x0000001c   Code   RO         5843    i.queue_buf_get     fds.o
    0x0002ed00   0x00000010   Code   RO         5844    i.queue_buf_store   fds.o
    0x0002ed10   0x00000014   Code   RO         6292    i.queue_free        nrf_fstorage_sd.o
    0x0002ed24   0x000000a4   Code   RO         5845    i.queue_process     fds.o
    0x0002edc8   0x000000a0   Code   RO         6293    i.queue_process     nrf_fstorage_sd.o
    0x0002ee68   0x0000001c   Code   RO         5846    i.queue_start       fds.o
    0x0002ee84   0x00000024   Code   RO         6294    i.queue_start       nrf_fstorage_sd.o
    0x0002eea8   0x0000000e   Code   RO         6295    i.read              nrf_fstorage_sd.o
    0x0002eeb6   0x00000002   PAD
    0x0002eeb8   0x00000090   Code   RO         5847    i.record_find       fds.o
    0x0002ef48   0x000000a0   Code   RO         5848    i.record_find_by_desc  fds.o
    0x0002efe8   0x0000005c   Code   RO         5849    i.record_find_next  fds.o
    0x0002f044   0x0000003c   Code   RO         5850    i.record_header_flag_dirty  fds.o
    0x0002f080   0x000000f4   Code   RO           30    i.record_update     main.o
    0x0002f174   0x0000002a   Code   RO         1188    i.reedSolomonMultiply  qrcodegen.o
    0x0002f19e   0x00000004   Code   RO         6296    i.rmap              nrf_fstorage_sd.o
    0x0002f1a2   0x00000002   PAD
    0x0002f1a4   0x0000005c   Code   RO         4538    i.rtc_irq           app_timer2.o
    0x0002f200   0x00000064   Code   RO         4539    i.rtc_schedule      app_timer2.o
    0x0002f264   0x00000074   Code   RO         4540    i.rtc_update        app_timer2.o
    0x0002f2d8   0x00000032   Code   RO         3478    i.rx_byte           nrfx_uart.o
    0x0002f30a   0x00000016   Code   RO         3479    i.rx_done_event     nrfx_uart.o
    0x0002f320   0x00000016   Code   RO         3665    i.rx_done_event     nrfx_uarte.o
    0x0002f336   0x00000020   Code   RO         3480    i.rx_enable         nrfx_uart.o
    0x0002f356   0x00000002   PAD
    0x0002f358   0x00000050   Code   RO         2669    i.sd_state_evt_handler  nrf_drv_clock.o
    0x0002f3a8   0x00000030   Code   RO         7039    i.sdh_request_observer_notify  nrf_sdh.o
    0x0002f3d8   0x0000002c   Code   RO         7040    i.sdh_state_observer_notify  nrf_sdh.o
    0x0002f404   0x00000010   Code   RO         2025    i.send_error_evt    ble_conn_params.o
    0x0002f414   0x00000050   Code   RO         6398    i.serial_tx         nrf_log_backend_rtt.o
    0x0002f464   0x00000088   Code   RO         1796    i.service_data_encode  ble_advdata.o
    0x0002f4ec   0x00000042   Code   RO         1189    i.setModule         qrcodegen.o
    0x0002f52e   0x0000001e   Code   RO         1190    i.setModuleBounded  qrcodegen.o
    0x0002f54c   0x00000030   Code   RO         2304    i.set_security_req  ble_srv_common.o
    0x0002f57c   0x00000018   Code   RO         2670    i.soc_evt_handler   nrf_drv_clock.o
    0x0002f594   0x00000038   Code   RO         7041    i.softdevice_evt_irq_disable  nrf_sdh.o
    0x0002f5cc   0x00000058   Code   RO         7042    i.softdevices_evt_irq_enable  nrf_sdh.o
    0x0002f624   0x0000000c   Code   RO         4541    i.sortlist_pop      app_timer2.o
    0x0002f630   0x0000000c   Code   RO          629    i.spi_event_handler  e154.o
    0x0002f63c   0x000000bc   Code   RO         3819    i.spim_xfer         nrfx_spim.o
    0x0002f6f8   0x00000334   Code   RO           31    i.state_handle      main.o
    0x0002fa2c   0x00000030   Code   RO         4152    i.state_set         app_button.o
    0x0002fa5c   0x0000008c   Code   RO         6558    i.std_n             nrf_log_frontend.o
    0x0002fae8   0x00000058   Code   RO         4542    i.timer_expire      app_timer2.o
    0x0002fb40   0x00000078   Code   RO         4543    i.timer_req_process  app_timer2.o
    0x0002fbb8   0x00000038   Code   RO         4544    i.timer_req_schedule  app_timer2.o
    0x0002fbf0   0x00000018   Code   RO         4153    i.timer_start       app_button.o
    0x0002fc08   0x00000020   Code   RO         3481    i.tx_byte           nrfx_uart.o
    0x0002fc28   0x0000001a   Code   RO         3482    i.tx_done_event     nrfx_uart.o
    0x0002fc42   0x0000001a   Code   RO         3666    i.tx_done_event     nrfx_uarte.o
    0x0002fc5c   0x00000070   Code   RO           32    i.uart_event_handle  main.o
    0x0002fccc   0x000000a4   Code   RO         4676    i.uart_event_handler  app_uart_fifo.o
    0x0002fd70   0x00000030   Code   RO         2807    i.uart_evt_handler  nrf_drv_uart.o
    0x0002fda0   0x0000012a   Code   RO         3483    i.uart_irq_handler  nrfx_uart.o
    0x0002feca   0x00000002   PAD
    0x0002fecc   0x00000030   Code   RO         2808    i.uarte_evt_handler  nrf_drv_uart.o
    0x0002fefc   0x00000112   Code   RO         3667    i.uarte_irq_handler  nrfx_uarte.o
    0x0003000e   0x0000000a   Code   RO         1797    i.uint16_encode     ble_advdata.o
    0x00030018   0x00000020   Code   RO         6297    i.uninit            nrf_fstorage_sd.o
    0x00030038   0x000000b4   Code   RO         5397    i.unsigned_print    nrf_fprintf_format.o
    0x000300ec   0x0000015c   Code   RO           33    i.update_part_display_in_flash  main.o
    0x00030248   0x00000070   Code   RO           34    i.update_part_display_ramvalue  main.o
    0x000302b8   0x00000068   Code   RO         2026    i.update_timeout_handler  ble_conn_params.o
    0x00030320   0x00000018   Code   RO         1916    i.use_whitelist     ble_advertising.o
    0x00030338   0x00000024   Code   RO         2552    i.user_mem_reply    nrf_ble_qwr.o
    0x0003035c   0x00000020   Code   RO         4154    i.usr_event         app_button.o
    0x0003037c   0x00000030   Code   RO         1798    i.uuid_list_encode  ble_advdata.o
    0x000303ac   0x0000009e   Code   RO         1799    i.uuid_list_sized_encode  ble_advdata.o
    0x0003044a   0x0000003a   Code   RO         1492    i.wakeup_button_cfg  bsp.o
    0x00030484   0x00000004   Code   RO         6298    i.wmap              nrf_fstorage_sd.o
    0x00030488   0x00000050   Code   RO         6299    i.write             nrf_fstorage_sd.o
    0x000304d8   0x000000f4   Code   RO         5852    i.write_enqueue     fds.o
    0x000305cc   0x000000f8   Code   RO         5853    i.write_execute     fds.o
    0x000306c4   0x00000018   Code   RO         5854    i.write_space_free  fds.o
    0x000306dc   0x00000060   Code   RO         5855    i.write_space_reserve  fds.o
    0x0003073c   0x00003b38   Data   RO           60    .constdata          main.o
    0x00034274   0x0000000c   PAD
    0x00034280   0x00000020   Data   RO          631    .constdata          e154.o
    0x000342a0   0x00000188   Data   RO         1191    .constdata          qrcodegen.o
    0x00034428   0x00000008   Data   RO         1380    .constdata          boards.o
    0x00034430   0x0000002c   Data   RO         1497    .constdata          bsp.o
    0x0003445c   0x00000016   Data   RO         2458    .constdata          nrf_ble_gatt.o
    0x00034472   0x00000002   PAD
    0x00034474   0x00000010   Data   RO         2598    .constdata          ble_nus.o
    0x00034484   0x00000004   Data   RO         3175    .constdata          nrfx_gpiote.o
    0x00034488   0x00000004   Data   RO         3486    .constdata          nrfx_uart.o
    0x0003448c   0x00000004   Data   RO         3670    .constdata          nrfx_uarte.o
    0x00034490   0x00000004   Data   RO         3822    .constdata          nrfx_spim.o
    0x00034494   0x0000000c   PAD
    0x000344a0   0x00000006   Data   RO         3943    .constdata          nrfx_saadc.o
    0x000344a6   0x00000002   PAD
    0x000344a8   0x00000008   Data   RO         4157    .constdata          app_button.o
    0x000344b0   0x00000014   Data   RO         4547    .constdata          app_timer2.o
    0x000344c4   0x00000020   Data   RO         4678    .constdata          app_uart_fifo.o
    0x000344e4   0x0000000c   PAD
    0x000344f0   0x00000006   Data   RO         4857    .constdata          drv_rtc.o
    0x000344f6   0x00000010   Data   RO         5398    .constdata          nrf_fprintf_format.o
    0x00034506   0x00000002   PAD
    0x00034508   0x00000018   Data   RO         5509    .constdata          nrf_pwr_mgmt.o
    0x00034520   0x0000000c   Data   RO         5510    .constdata          nrf_pwr_mgmt.o
    0x0003452c   0x0000013c   Data   RO         5735    .constdata          nrf_strerror.o
    0x00034668   0x00000018   Data   RO         5858    .constdata          fds.o
    0x00034680   0x0000005e   Data   RO         6131    .constdata          nrf_fstorage.o
    0x000346de   0x00000002   PAD
    0x000346e0   0x00000010   Data   RO         6302    .constdata          nrf_fstorage_sd.o
    0x000346f0   0x00000020   Data   RO         6303    .constdata          nrf_fstorage_sd.o
    0x00034710   0x0000000c   Data   RO         6400    .constdata          nrf_log_backend_rtt.o
    0x0003471c   0x00000004   PAD
    0x00034720   0x00000006   Data   RO         6401    .constdata          nrf_log_backend_rtt.o
    0x00034726   0x00000002   PAD
    0x00034728   0x0000000c   Data   RO         6563    .constdata          nrf_log_frontend.o
    0x00034734   0x00000010   Data   RO         7043    .constdata          nrf_sdh.o
    0x00034744   0x00000028   Data   RO         7044    .constdata          nrf_sdh.o
    0x0003476c   0x00000010   Data   RO         7045    .constdata          nrf_sdh.o
    0x0003477c   0x00000010   Data   RO         7046    .constdata          nrf_sdh.o
    0x0003478c   0x00000020   Data   RO         7154    .constdata          nrf_sdh_ble.o
    0x000347ac   0x00000010   Data   RO         7155    .constdata          nrf_sdh_ble.o
    0x000347bc   0x00000010   Data   RO         7205    .constdata          nrf_sdh_soc.o
    0x000347cc   0x0000000c   Data   RO         7206    .constdata          nrf_sdh_soc.o
    0x000347d8   0x00000081   Data   RO         7306    .constdata          mc_w.l(ctype_o.o)
    0x00034859   0x00000003   PAD
    0x0003485c   0x00000004   Data   RO         7307    .constdata          mc_w.l(ctype_o.o)
    0x00034860   0x0000002e   Data   RO         1192    .conststring        qrcodegen.o
    0x0003488e   0x00000002   PAD
    0x00034890   0x000000a2   Data   RO         2459    .conststring        nrf_ble_gatt.o
    0x00034932   0x00000002   PAD
    0x00034934   0x000003eb   Data   RO         5736    .conststring        nrf_strerror.o
    0x00034d1f   0x00000001   PAD
    0x00034d20   0x0000004f   Data   RO         6132    .conststring        nrf_fstorage.o
    0x00034d6f   0x00000001   PAD
    0x00034d70   0x00000066   Data   RO         6724    .conststring        nrf_log_str_formatter.o
    0x00034dd6   0x00000002   PAD
    0x00034dd8   0x000001cf   Data   RO         7156    .conststring        nrf_sdh_ble.o
    0x00034fa7   0x00000001   PAD
    0x00034fa8   0x0000000d   Data   RO         2460    .conststrlit        nrf_ble_gatt.o
    0x00034fb5   0x00000003   PAD
    0x00034fb8   0x00000008   Data   RO         2599    .conststrlit        ble_nus.o
    0x00034fc0   0x00000006   Data   RO         2676    .conststrlit        nrf_drv_clock.o
    0x00034fc6   0x00000002   PAD
    0x00034fc8   0x00000006   Data   RO         3014    .conststrlit        nrfx_clock.o
    0x00034fce   0x00000002   PAD
    0x00034fd0   0x00000007   Data   RO         3179    .conststrlit        nrfx_gpiote.o
    0x00034fd7   0x00000001   PAD
    0x00034fd8   0x00000004   Data   RO         3409    .conststrlit        nrfx_prs.o
    0x00034fdc   0x00000005   Data   RO         3489    .conststrlit        nrfx_uart.o
    0x00034fe1   0x00000003   PAD
    0x00034fe4   0x00000006   Data   RO         3673    .conststrlit        nrfx_uarte.o
    0x00034fea   0x00000002   PAD
    0x00034fec   0x00000005   Data   RO         3825    .conststrlit        nrfx_spim.o
    0x00034ff1   0x00000003   PAD
    0x00034ff4   0x00000006   Data   RO         3951    .conststrlit        nrfx_saadc.o
    0x00034ffa   0x00000002   PAD
    0x00034ffc   0x0000000b   Data   RO         4158    .conststrlit        app_button.o
    0x00035007   0x00000001   PAD
    0x00035008   0x0000000a   Data   RO         4548    .conststrlit        app_timer2.o
    0x00035012   0x00000002   PAD
    0x00035014   0x00000009   Data   RO         5511    .conststrlit        nrf_pwr_mgmt.o
    0x0003501d   0x00000003   PAD
    0x00035020   0x00000009   Data   RO         5682    .conststrlit        nrf_sortlist.o
    0x00035029   0x00000003   PAD
    0x0003502c   0x0000000d   Data   RO         6133    .conststrlit        nrf_fstorage.o
    0x00035039   0x00000003   PAD
    0x0003503c   0x00000010   Data   RO         6495    .conststrlit        nrf_log_default_backends.o
    0x0003504c   0x00000004   Data   RO         6564    .conststrlit        nrf_log_frontend.o
    0x00035050   0x00000008   Data   RO         7047    .conststrlit        nrf_sdh.o
    0x00035058   0x0000000c   Data   RO         7157    .conststrlit        nrf_sdh_ble.o
    0x00035064   0x0000000c   Data   RO         7207    .conststrlit        nrf_sdh_soc.o
    0x00035070   0x00000020   Data   RO         7679    Region$$Table       anon$$obj.o
    0x00035090   0x00000010   Data   RO         6497    log_backends        nrf_log_default_backends.o
    0x000350a0   0x00000008   Data   RO         2461    log_const_data      nrf_ble_gatt.o
    0x000350a8   0x00000008   Data   RO         2600    log_const_data      ble_nus.o
    0x000350b0   0x00000008   Data   RO         2677    log_const_data      nrf_drv_clock.o
    0x000350b8   0x00000008   Data   RO         3016    log_const_data      nrfx_clock.o
    0x000350c0   0x00000008   Data   RO         3180    log_const_data      nrfx_gpiote.o
    0x000350c8   0x00000008   Data   RO         3411    log_const_data      nrfx_prs.o
    0x000350d0   0x00000008   Data   RO         3490    log_const_data      nrfx_uart.o
    0x000350d8   0x00000008   Data   RO         3674    log_const_data      nrfx_uarte.o
    0x000350e0   0x00000008   Data   RO         3826    log_const_data      nrfx_spim.o
    0x000350e8   0x00000008   Data   RO         3952    log_const_data      nrfx_saadc.o
    0x000350f0   0x00000008   Data   RO         4160    log_const_data      app_button.o
    0x000350f8   0x00000008   Data   RO         4551    log_const_data      app_timer2.o
    0x00035100   0x00000008   Data   RO         5513    log_const_data      nrf_pwr_mgmt.o
    0x00035108   0x00000008   Data   RO         5683    log_const_data      nrf_sortlist.o
    0x00035110   0x00000008   Data   RO         6134    log_const_data      nrf_fstorage.o
    0x00035118   0x00000008   Data   RO         6567    log_const_data      nrf_log_frontend.o
    0x00035120   0x00000008   Data   RO         7049    log_const_data      nrf_sdh.o
    0x00035128   0x00000008   Data   RO         7159    log_const_data      nrf_sdh_ble.o
    0x00035130   0x00000008   Data   RO         7208    log_const_data      nrf_sdh_soc.o
    0x00035138   0x00000014   Data   RO         6568    nrf_balloc          nrf_log_frontend.o
    0x0003514c   0x00000008   Data   RO         2124    sdh_ble_observers0  ble_conn_state.o
    0x00035154   0x00000010   Data   RO           98    sdh_ble_observers1  main.o
    0x00035164   0x00000008   Data   RO         1619    sdh_ble_observers1  bsp_btn_ble.o
    0x0003516c   0x00000008   Data   RO         2029    sdh_ble_observers1  ble_conn_params.o
    0x00035174   0x00000010   Data   RO           99    sdh_ble_observers2  main.o
    0x00035184   0x00000008   Data   RO          100    sdh_ble_observers3  main.o
    0x0003518c   0x00000008   Data   RO         6305    sdh_req_observers0  nrf_fstorage_sd.o
    0x00035194   0x00000008   Data   RO         2678    sdh_soc_observers0  nrf_drv_clock.o
    0x0003519c   0x00000008   Data   RO         6306    sdh_soc_observers0  nrf_fstorage_sd.o
    0x000351a4   0x00000008   Data   RO         7160    sdh_stack_observers0  nrf_sdh_ble.o
    0x000351ac   0x00000008   Data   RO         7209    sdh_stack_observers0  nrf_sdh_soc.o
    0x000351b4   0x00000008   Data   RO         2679    sdh_state_observers0  nrf_drv_clock.o
    0x000351bc   0x00000008   Data   RO         6307    sdh_state_observers0  nrf_fstorage_sd.o


    Execution Region RW_IRAM1 (Base: 0x20002ad8, Size: 0x0000b648, Max: 0x0000d528, ABSOLUTE, COMPRESSED[0x00000074])

    Base Addr    Size         Type   Attr      Idx    E Section Name        Object

    0x20002ad8   0x00000008   Data   RW           90    .data               main.o
    0x20002ae0   0x0000006c   Data   RW           91    .data               main.o
    0x20002b4c   0x00000004   Data   RW           93    .data               main.o
    0x20002b50   0x00000001   Data   RW          632    .data               e154.o
    0x20002b51   0x00000003   PAD
    0x20002b54   0x00000004   Data   RW         1193    .data               qrcodegen.o
    0x20002b58   0x00000010   Data   RW         1498    .data               bsp.o
    0x20002b68   0x00000008   Data   RW         1618    .data               bsp_btn_ble.o
    0x20002b70   0x00000008   Data   RW         2028    .data               ble_conn_params.o
    0x20002b78   0x0000000c   Data   RW         2809    .data               nrf_drv_uart.o
    0x20002b84   0x00000008   Data   RW         3015    .data               nrfx_clock.o
    0x20002b8c   0x00000008   Data   RW         3410    .data               nrfx_prs.o
    0x20002b94   0x00000004   PAD
    0x20002b98   0x00000018   Data   RW         4159    .data               app_button.o
    0x20002bb0   0x00000020   Data   RW         4549    .data               app_timer2.o
    0x20002bd0   0x00000004   Data   RW         4550    .data               app_timer2.o
    0x20002bd4   0x0000001c   Data   RW         4679    .data               app_uart_fifo.o
    0x20002bf0   0x0000000c   Data   RW         4858    .data               drv_rtc.o
    0x20002bfc   0x00000008   Data   RW         5512    .data               nrf_pwr_mgmt.o
    0x20002c04   0x00000004   Data   RW         5768    .data               retarget.o
    0x20002c08   0x00000030   Data   RW         5859    .data               fds.o
    0x20002c38   0x00000008   Data   RW         6304    .data               nrf_fstorage_sd.o
    0x20002c40   0x00000001   Data   RW         6402    .data               nrf_log_backend_rtt.o
    0x20002c41   0x00000003   PAD
    0x20002c44   0x00000008   Data   RW         6496    .data               nrf_log_default_backends.o
    0x20002c4c   0x00000008   Data   RW         6565    .data               nrf_log_frontend.o
    0x20002c54   0x00000008   Data   RW         6566    .data               nrf_log_frontend.o
    0x20002c5c   0x00000040   Data   RW         6725    .data               nrf_log_str_formatter.o
    0x20002c9c   0x00000003   Data   RW         7048    .data               nrf_sdh.o
    0x20002c9f   0x00000001   Data   RW         7158    .data               nrf_sdh_ble.o
    0x20002ca0   0x00000004   Data   RW         7248    .data               system_nrf52.o
    0x20002ca4   0x00000004   Data   RW         7660    .data               mc_w.l(mvars.o)
    0x20002ca8   0x00000004   Data   RW         7661    .data               mc_w.l(mvars.o)
    0x20002cac   0x00000014   Data   RW         5860    fs_data             fds.o
    0x20002cc0   0x00000020   Zero   RW           35    .bss                main.o
    0x20002ce0   0x00000020   Zero   RW           36    .bss                main.o
    0x20002d00   0x00000020   Zero   RW           37    .bss                main.o
    0x20002d20   0x00006494   Zero   RW           38    .bss                main.o
    0x200091b4   0x00000210   Zero   RW          630    .bss                e154.o
    0x200093c4   0x00000018   Zero   RW          936    .bss                gui_paint.o
    0x200093dc   0x00000004   PAD
    0x200093e0   0x00000020   Zero   RW         1493    .bss                bsp.o
    0x20009400   0x00000020   Zero   RW         1494    .bss                bsp.o
    0x20009420   0x0000000c   Zero   RW         1495    .bss                bsp.o
    0x2000942c   0x00000004   PAD
    0x20009430   0x00000020   Zero   RW         1496    .bss                bsp.o
    0x20009450   0x00000050   Zero   RW         2027    .bss                ble_conn_params.o
    0x200094a0   0x0000007c   Zero   RW         2123    .bss                ble_conn_state.o
    0x2000951c   0x00000014   Zero   RW         2671    .bss                nrf_drv_clock.o
    0x20009530   0x0000005c   Zero   RW         3174    .bss                nrfx_gpiote.o
    0x2000958c   0x0000002c   Zero   RW         3484    .bss                nrfx_uart.o
    0x200095b8   0x00000024   Zero   RW         3668    .bss                nrfx_uarte.o
    0x200095dc   0x00000024   Zero   RW         3820    .bss                nrfx_spim.o
    0x20009600   0x00000030   Zero   RW         3942    .bss                nrfx_saadc.o
    0x20009630   0x00000020   Zero   RW         4155    .bss                app_button.o
    0x20009650   0x00000010   Zero   RW         4156    .bss                app_button.o
    0x20009660   0x00000010   Zero   RW         4545    .bss                app_timer2.o
    0x20009670   0x00000058   Zero   RW         4546    .bss                app_timer2.o
    0x200096c8   0x00000020   Zero   RW         4677    .bss                app_uart_fifo.o
    0x200096e8   0x0000000c   Zero   RW         4761    .bss                app_util_platform.o
    0x200096f4   0x0000000c   Zero   RW         5508    .bss                nrf_pwr_mgmt.o
    0x20009700   0x00000010   Zero   RW         5856    .bss                fds.o
    0x20009710   0x0000011c   Zero   RW         5857    .bss                fds.o
    0x2000982c   0x00000010   Zero   RW         6300    .bss                nrf_fstorage_sd.o
    0x2000983c   0x000000a0   Zero   RW         6301    .bss                nrf_fstorage_sd.o
    0x200098dc   0x00000040   Zero   RW         6399    .bss                nrf_log_backend_rtt.o
    0x2000991c   0x000000c0   Zero   RW         6559    .bss                nrf_log_frontend.o
    0x200099dc   0x00000080   Zero   RW         6560    .bss                nrf_log_frontend.o
    0x20009a5c   0x00000018   Zero   RW         6561    .bss                nrf_log_frontend.o
    0x20009a74   0x00000424   Zero   RW         6562    .bss                nrf_log_frontend.o
    0x20009e98   0x00000288   Zero   RW         6801    .bss                segger_rtt.o
    0x2000a120   0x00002000   Zero   RW         7237    HEAP                arm_startup_nrf52.o
    0x2000c120   0x00002000   Zero   RW         7236    STACK               arm_startup_nrf52.o


==============================================================================

Image component sizes


      Code (inc. data)   RO Data    RW Data    ZI Data      Debug   Object Name

       664         66         27         24         48      17970   app_button.o
        22          0          0          0          0      34269   app_error.o
       132         46          0          0          0      39010   app_error_weak.o
       118          0          0          0          0       5110   app_fifo.o
         0          0          0          0          0      37118   app_scheduler.o
       846         88         38         36        104      16873   app_timer2.o
       476         50         32         28         32      22371   app_uart_fifo.o
       124         14          0          0         12       9586   app_util_platform.o
        36          8        512          0      16384       1008   arm_startup_nrf52.o
      1332          0          0          0          0      60668   ble_advdata.o
      1076          6          0          0          0      18163   ble_advertising.o
       636         44          8          8         80      12815   ble_conn_params.o
       390         10          8          0        124       7807   ble_conn_state.o
        72          0          0          0          0       2856   ble_link_ctx_manager.o
       664          6         32          0          0       9012   ble_nus.o
       456          6          0          0          0      72831   ble_srv_common.o
       358         40          8          0          0      13847   boards.o
       978         80         44         16        108      22735   bsp.o
       252         10          8          8          0      84184   bsp_btn_ble.o
       696         76          6         12          0      46073   drv_rtc.o
       964         30         32          1        528     100192   e154.o
      3490        330         24         68        300      46644   fds.o
       572         28          0          0         24       9982   gui_paint.o
      4362        778      15200        120      25844     205504   main.o
       342          0          0          0          0       6826   nrf_atfifo.o
        64          0          0          0          0       3020   nrf_atflags.o
       332          0          0          0          0      10318   nrf_atomic.o
       164          0          0          0          0       3688   nrf_balloc.o
       950        272        205          0          0      38181   nrf_ble_gatt.o
       276          0          0          0          0       6293   nrf_ble_qwr.o
       276         34         30          0         20      41680   nrf_drv_clock.o
       200         26          0         12          0      17964   nrf_drv_uart.o
        50          0          0          0          0       3577   nrf_fprintf.o
       866          4         16          0          0       6618   nrf_fprintf_format.o
       972        432        194          0          0       8156   nrf_fstorage.o
         0          0          0          0          0       1884   nrf_fstorage_nvmc.o
       798         82         72          8        176      14375   nrf_fstorage_sd.o
       112         18         18          1         64       5729   nrf_log_backend_rtt.o
       200          0          0          0          0      10909   nrf_log_backend_serial.o
        28          4         32          8          0       3381   nrf_log_default_backends.o
      1492        114         44         16       1404      30887   nrf_log_frontend.o
       570        108        102         64          0       5736   nrf_log_str_formatter.o
       346          0          0          0          0       8223   nrf_memobj.o
       108         16         53          8         12      37718   nrf_pwr_mgmt.o
        28          0          0          0          0       2407   nrf_ringbuf.o
       552         60        104          3          0      41884   nrf_sdh.o
       724        232        539          1          0       6009   nrf_sdh_ble.o
        60          4         56          0          0       2512   nrf_sdh_soc.o
        78          0          0          0          0       2836   nrf_section_iter.o
        84          0         17          0          0       4193   nrf_sortlist.o
        76         10       1319          0          0       2799   nrf_strerror.o
       222         30         14          8          0      43698   nrfx_clock.o
      1222         92         19          0         92      59859   nrfx_gpiote.o
        94         16         12          8          0       3837   nrfx_prs.o
      1264        108         20          0         48      23682   nrfx_saadc.o
       854         24         17          0         36      21362   nrfx_spim.o
      1364         38         17          0         44      30601   nrfx_uart.o
      1286         36         18          0         36      25387   nrfx_uarte.o
      4312         48        438          4          0      38498   qrcodegen.o
        14          0          0          4          0       2910   retarget.o
       378         34          0          0        648       9121   segger_rtt.o
       920         72          0          4          0      40302   system_nrf52.o

    ----------------------------------------------------------------------
     40460       3630      19456        480      46176    1523688   Object Totals
         0          0         32          0          0          0   (incl. Generated)
        66          0         89         10          8          0   (incl. Padding)

    ----------------------------------------------------------------------

      Code (inc. data)   RO Data    RW Data    ZI Data      Debug   Library Member Name

        86          0          0          0          0          0   __dczerorl2.o
         8          4        133          0          0         68   ctype_o.o
         0          0          0          0          0          0   entry.o
         0          0          0          0          0          0   entry10a.o
         0          0          0          0          0          0   entry11a.o
         8          4          0          0          0          0   entry2.o
         4          0          0          0          0          0   entry5.o
         0          0          0          0          0          0   entry7b.o
         0          0          0          0          0          0   entry8b.o
         8          4          0          0          0          0   entry9a.o
        30          0          0          0          0          0   handlers.o
        36          8          0          0          0         68   init.o
        30          0          0          0          0         68   llshl.o
        32          0          0          0          0         68   llushr.o
       188         20          0          0          0        160   malloc.o
        64          0          0          0          0         76   memmovea.o
        36          0          0          0          0        108   memseta.o
         0          0          0          8          0          0   mvars.o
      1154         54          0          0          0        352   printf8.o
        20          0          0          0          0         68   strchr.o
        18          0          0          0          0         68   strcpy.o
        14          0          0          0          0         68   strlen.o
        98          0          0          0          0         92   uldiv.o

    ----------------------------------------------------------------------
      1840         94        136          8          0       1264   Library Totals
         6          0          3          0          0          0   (incl. Padding)

    ----------------------------------------------------------------------

      Code (inc. data)   RO Data    RW Data    ZI Data      Debug   Library Name

      1834         94        133          8          0       1264   mc_w.l

    ----------------------------------------------------------------------
      1840         94        136          8          0       1264   Library Totals

    ----------------------------------------------------------------------

==============================================================================


      Code (inc. data)   RO Data    RW Data    ZI Data      Debug   

     42300       3724      19592        488      46176    1477964   Grand Totals
     42300       3724      19592        116      46176    1477964   ELF Image Totals (compressed)
     42300       3724      19592        116          0          0   ROM Totals

==============================================================================

    Total RO  Size (Code + RO Data)                61892 (  60.44kB)
    Total RW  Size (RW Data + ZI Data)             46664 (  45.57kB)
    Total ROM Size (Code + RO Data + RW Data)      62008 (  60.55kB)

==============================================================================

