<html>
<body>
<pre>
<h1>µVision Build Log</h1>
<h2>Tool Versions:</h2>
IDE-Version: ¦ÌVision V5.23.0.0
Copyright (C) 2017 ARM Ltd and ARM Germany GmbH. All rights reserved.
License Information:  ,  , LIC=FYKNN-YHUQX-2LVCT-RMI3S-XSR4S-ZJYYJ
 
Tool Versions:
Toolchain:       MDK-ARM Plus  Version: 5.23
Toolchain Path:  F:\keil\ARM\ARMCC\Bin
C Compiler:      Armcc.exe V5.06 update 4 (build 422)
Assembler:       Armasm.exe V5.06 update 4 (build 422)
Linker/Locator:  ArmLink.exe V5.06 update 4 (build 422)
Library Manager: ArmAr.exe V5.06 update 4 (build 422)
Hex Converter:   FromElf.exe V5.06 update 4 (build 422)
CPU DLL:         
Dialog DLL:      
Target DLL:      Segger\JL2CM3.dll V2.99.23.0
Dialog DLL:      TCM.DLL V1.27.0.0
 
<h2>Project:</h2>
C:\Users\Cave Canem\Desktop\Eink\nRF5_SDK_16.0.0_98a08e2 -2\examples\ble_peripheral1\ble_app_blinky_eink_apptimer_saadc_lowenergy_fds_eink_ble_vary_rewrite_epd\pca10040\s132\arm5_no_packs\ble_app_blinky_pca10040_s132.uvprojx
Project File Date:  05/02/2021

<h2>Output:</h2>
*** Using Compiler 'V5.06 update 4 (build 422)', folder: 'F:\keil\ARM\ARMCC\Bin'
Build target 'nrf52832_xxaa'
compiling nrf_section_iter.c...
compiling hardfault_implementation.c...
compiling nrf_log_default_backends.c...
compiling main.c...
..\..\..\main.c(661): warning:  #177-D: variable "err_code"  was declared but never referenced
  		ret_code_t    err_code;
..\..\..\main.c(1117): warning:  #550-D: variable "new_record"  was set but never used
  		fds_record_t        new_record;
..\..\..\main.c(153): warning:  #177-D: variable "last_pic"  was declared but never referenced
  static uint32_t last_pic;
..\..\..\main.c(193): warning:  #177-D: variable "m_figure27"  was declared but never referenced
  static uint32_t    const m_figure27 = 0x0000001B;
..\..\..\main.c(295): warning:  #177-D: variable "epd_rst_eink_busy"  was declared but never referenced
  static bool epd_rst_eink_busy = 0;
..\..\..\main.c(296): warning:  #177-D: variable "epd_rst_busy_flag"  was declared but never referenced
  static bool epd_rst_busy_flag = 0;
..\..\..\main.c(513): warning:  #177-D: function "leds_init"  was declared but never referenced
  static void leds_init(void)
..\..\..\main.c(976): warning:  #177-D: function "log_init"  was declared but never referenced
  static void log_init(void)
..\..\..\main.c(985): warning:  #177-D: function "check_if_sysoff"  was declared but never referenced
  static void check_if_sysoff(void)
..\..\..\main.c(1115): warning:  #177-D: function "find_last_record"  was declared but never referenced
  static void find_last_record(void)
..\..\..\main.c: 10 warnings, 0 errors
linking...
Program Size: Code=31348 RO-data=18948 RW-data=404 ZI-data=16332  
FromELF: creating hex file...
".\_build\nrf52832_xxaa.axf" - 0 Error(s), 10 Warning(s).

<h2>Software Packages used:</h2>

Package Vendor: ARM
                http://www.keil.com/pack/ARM.CMSIS.4.5.0.pack
                ARM::CMSIS:CORE:4.3.0
                CMSIS (Cortex Microcontroller Software Interface Standard)
   * Component: CORE Version: 4.3.0

Package Vendor: NordicSemiconductor
                http://developer.nordicsemi.com/nRF5_SDK/pieces/nRF_DeviceFamilyPack/NordicSemiconductor.nRF_DeviceFamilyPack_NordicLicense.8.27.0.pack
                NordicSemiconductor::Device:StartupConfig:8.27.0
                Nordic Semiconductor nRF ARM devices Device Family Pack with Nordic license.
   * Component: StartupConfig Version: 8.27.0
   * Component: Startup Version: 8.27.0

<h2>Collection of Component include folders:</h2>
  .\RTE\Device\nRF52832_xxAA
  .\RTE\_nrf52832_xxaa
  F:\keil\ARM\CMSIS\4.5.0\CMSIS\Include
  F:\keil\NordicSemiconductor\nRF_DeviceFamilyPack\8.34.1\Device\Include
  F:\keil\NordicSemiconductor\nRF_DeviceFamilyPack_NordicLicense\8.27.0\Device\Include

<h2>Collection of Component Files used:</h2>

   * Component: ARM::CMSIS:CORE:4.3.0

   * Component: NordicSemiconductor::Device:StartupConfig:8.27.0
      Include file:  Device\Source\startup_config.h

   * Component: NordicSemiconductor::Device:Startup:8.27.0
      Source file:   Device\Source\arm\arm_startup_nrf52.s
      Source file:   Device\Source\system_nrf52.c
      Include file:  Device\Include\system_nrf.h
      Include file:  Device\Include\system_nrf52.h
Build Time Elapsed:  00:00:04
</pre>
</body>
</html>
