<html>
<body>
<pre>
<h1>µVision Build Log</h1>
<h2>Tool Versions:</h2>
IDE-Version: ¦ÌVision V5.23.0.0
Copyright (C) 2017 ARM Ltd and ARM Germany GmbH. All rights reserved.
License Information:  ,  , LIC=FYKNN-YHUQX-2LVCT-RMI3S-XSR4S-ZJYYJ
 
Tool Versions:
Toolchain:       MDK-ARM Plus  Version: 5.23
Toolchain Path:  F:\keil\ARM\ARMCC\Bin
C Compiler:      Armcc.exe V5.06 update 4 (build 422)
Assembler:       Armasm.exe V5.06 update 4 (build 422)
Linker/Locator:  ArmLink.exe V5.06 update 4 (build 422)
Library Manager: ArmAr.exe V5.06 update 4 (build 422)
Hex Converter:   FromElf.exe V5.06 update 4 (build 422)
CPU DLL:         
Dialog DLL:      
Target DLL:      Segger\JL2CM3.dll V2.99.23.0
Dialog DLL:      TCM.DLL V1.27.0.0
 
<h2>Project:</h2>
C:\Users\Cave Canem\Desktop\Eink\nRF5_SDK_16.0.0_98a08e2 -2\examples\ble_eink\eink_apptimer_saadc_lowenergy_fds_eink_ble_vary_rewrite_epd_check\pca10040\s132\arm5_no_packs\ble_app_blinky_pca10040_s132.uvprojx
Project File Date:  05/02/2021

<h2>Output:</h2>
*** Using Compiler 'V5.06 update 4 (build 422)', folder: 'F:\keil\ARM\ARMCC\Bin'
Build target 'nrf52832_xxaa'
compiling ble_srv_common.c...
compiling ble_advdata.c...
compiling boards.c...
compiling ble_conn_params.c...
compiling e154.c...
..\..\..\eink\e154.c(385): warning:  #177-D: variable "i"  was declared but never referenced
  	unsigned int i;  
..\..\..\eink\e154.c(419): warning:  #550-D: variable "x_end"  was set but never used
  	unsigned int x_end,y_start1,y_start2,y_end1,y_end2;
..\..\..\eink\e154.c(419): warning:  #550-D: variable "y_end1"  was set but never used
  	unsigned int x_end,y_start1,y_start2,y_end1,y_end2;
..\..\..\eink\e154.c: 3 warnings, 0 errors
compiling ble_conn_state.c...
compiling main.c...
..\..\..\main.c(678): warning:  #177-D: variable "err_code"  was declared but never referenced
  		ret_code_t    err_code;
..\..\..\main.c(1488): warning:  #177-D: variable "err_code"  was declared but never referenced
  		ret_code_t err_code;
..\..\..\main.c(153): warning:  #177-D: variable "last_pic"  was declared but never referenced
  static uint32_t last_pic;
..\..\..\main.c(193): warning:  #177-D: variable "m_figure27"  was declared but never referenced
  static uint32_t    const m_figure27 = 0x0000001B;
..\..\..\main.c(292): warning:  #177-D: variable "busy_flag"  was declared but never referenced
  static bool busy_flag = 0;
..\..\..\main.c(295): warning:  #177-D: variable "epd_rst_eink_busy"  was declared but never referenced
  static bool epd_rst_eink_busy = 0;
..\..\..\main.c(296): warning:  #177-D: variable "epd_rst_busy_flag"  was declared but never referenced
  static bool epd_rst_busy_flag = 0;
..\..\..\main.c(530): warning:  #177-D: function "leds_init"  was declared but never referenced
  static void leds_init(void)
..\..\..\main.c(993): warning:  #177-D: function "log_init"  was declared but never referenced
  static void log_init(void)
..\..\..\main.c: 9 warnings, 0 errors
compiling nrf_ble_gatt.c...
compiling nrf_drv_uart.c...
compiling ble_lbs.c...
compiling nrf_ble_qwr.c...
compiling nrfx_atomic.c...
compiling nrf_drv_clock.c...
compiling nrfx_clock.c...
compiling nrfx_prs.c...
compiling nrfx_saadc.c...
compiling nrfx_spim.c...
compiling nrf_nvmc.c...
compiling nrfx_uarte.c...
compiling nrfx_gpiote.c...
compiling nrfx_uart.c...
compiling app_util_platform.c...
compiling app_scheduler.c...
compiling app_error_handler_keil.c...
compiling app_button.c...
compiling app_timer2.c...
compiling app_error_weak.c...
compiling drv_rtc.c...
compiling hardfault_implementation.c...
compiling nrf_atflags.c...
compiling nrf_atomic.c...
compiling nrf_fprintf.c...
compiling nrf_atfifo.c...
compiling nrf_balloc.c...
compiling nrf_fprintf_format.c...
compiling nrf_memobj.c...
compiling nrf_section_iter.c...
compiling nrf_sortlist.c...
compiling nrf_strerror.c...
compiling nrf_ringbuf.c...
compiling nrf_pwr_mgmt.c...
compiling fds.c...
compiling nrf_log_backend_rtt.c...
compiling nrf_fstorage_sd.c...
compiling nrf_fstorage.c...
compiling nrf_fstorage_nvmc.c...
compiling nrf_log_backend_serial.c...
compiling nrf_log_default_backends.c...
compiling nrf_log_backend_uart.c...
compiling nrf_log_str_formatter.c...
compiling nrf_log_frontend.c...
compiling SEGGER_RTT.c...
compiling SEGGER_RTT_Syscalls_KEIL.c...
compiling SEGGER_RTT_printf.c...
compiling nrf_sdh.c...
compiling nrf_sdh_ble.c...
compiling nrf_sdh_soc.c...
linking...
Program Size: Code=30316 RO-data=18940 RW-data=412 ZI-data=16356  
FromELF: creating hex file...
".\_build\nrf52832_xxaa.axf" - 0 Error(s), 12 Warning(s).

<h2>Software Packages used:</h2>

Package Vendor: ARM
                http://www.keil.com/pack/ARM.CMSIS.4.5.0.pack
                ARM::CMSIS:CORE:4.3.0
                CMSIS (Cortex Microcontroller Software Interface Standard)
   * Component: CORE Version: 4.3.0

Package Vendor: NordicSemiconductor
                http://developer.nordicsemi.com/nRF5_SDK/pieces/nRF_DeviceFamilyPack/NordicSemiconductor.nRF_DeviceFamilyPack_NordicLicense.8.27.0.pack
                NordicSemiconductor::Device:StartupConfig:8.27.0
                Nordic Semiconductor nRF ARM devices Device Family Pack with Nordic license.
   * Component: StartupConfig Version: 8.27.0
   * Component: Startup Version: 8.27.0

<h2>Collection of Component include folders:</h2>
  .\RTE\Device\nRF52832_xxAA
  .\RTE\_nrf52832_xxaa
  F:\keil\ARM\CMSIS\4.5.0\CMSIS\Include
  F:\keil\NordicSemiconductor\nRF_DeviceFamilyPack\8.34.1\Device\Include
  F:\keil\NordicSemiconductor\nRF_DeviceFamilyPack_NordicLicense\8.27.0\Device\Include

<h2>Collection of Component Files used:</h2>

   * Component: ARM::CMSIS:CORE:4.3.0

   * Component: NordicSemiconductor::Device:StartupConfig:8.27.0
      Include file:  Device\Source\startup_config.h

   * Component: NordicSemiconductor::Device:Startup:8.27.0
      Source file:   Device\Source\system_nrf52.c
      Include file:  Device\Include\system_nrf52.h
      Source file:   Device\Source\arm\arm_startup_nrf52.s
      Include file:  Device\Include\system_nrf.h
Build Time Elapsed:  00:00:34
</pre>
</body>
</html>
