Component: ARM Compiler 5.06 update 4 (build 422) Tool: armlink [4d35d2]

==============================================================================

Section Cross References

    main.o(i.ADC_Disable) refers to nrfx_saadc.o(i.nrfx_saadc_uninit) for nrfx_saadc_uninit
    main.o(i.ADC_Enable) refers to main.o(i.ADC_Init) for ADC_Init
    main.o(i.ADC_Init) refers to nrfx_saadc.o(i.nrfx_saadc_init) for nrfx_saadc_init
    main.o(i.ADC_Init) refers to app_error.o(i.app_error_handler_bare) for app_error_handler_bare
    main.o(i.ADC_Init) refers to nrfx_saadc.o(i.nrfx_saadc_channel_init) for nrfx_saadc_channel_init
    main.o(i.ADC_Init) refers to nrfx_saadc.o(i.nrfx_saadc_buffer_convert) for nrfx_saadc_buffer_convert
    main.o(i.ADC_Init) refers to main.o(i.adcCallbackFunc) for adcCallbackFunc
    main.o(i.ADC_Init) refers to main.o(.constdata) for .constdata
    main.o(i.ADC_Init) refers to main.o(.data) for .data
    main.o(i.ADC_Read) refers to nrfx_saadc.o(i.nrfx_saadc_sample) for nrfx_saadc_sample
    main.o(i.ADC_Read) refers to app_error.o(i.app_error_handler_bare) for app_error_handler_bare
    main.o(i.ADC_start) refers to app_timer2.o(i.app_timer_start) for app_timer_start
    main.o(i.ADC_start) refers to main.o(.constdata) for .constdata
    main.o(i.ADC_stop) refers to app_timer2.o(i.app_timer_stop) for app_timer_stop
    main.o(i.ADC_stop) refers to main.o(.constdata) for .constdata
    main.o(i.EPD_Init) refers to eink.o(i.SPI_EP_Init) for SPI_EP_Init
    main.o(i.EPD_Init) refers to eink.o(i.EPD_HW_Init1) for EPD_HW_Init1
    main.o(i.EPD_Init) refers to app_timer2.o(i.app_timer_start) for app_timer_start
    main.o(i.EPD_Init) refers to eink.o(i.EPD_HW_Init2) for EPD_HW_Init2
    main.o(i.EPD_Init) refers to eink.o(i.EPD_HW_Init3) for EPD_HW_Init3
    main.o(i.EPD_Init) refers to main.o(.data) for .data
    main.o(i.EPD_Init) refers to main.o(.constdata) for .constdata
    main.o(i.Paint_Gen_Qrcode) refers to qrcodegen.o(i.qrcodegen_getModule) for qrcodegen_getModule
    main.o(i.Paint_Gen_Qrcode) refers to gui_paint.o(i.Paint_DrawPoint) for Paint_DrawPoint
    main.o(i.Paint_Gen_Qrcode) refers to main.o(.data) for .data
    main.o(i.Paint_Gen_Qrcode) refers to main.o(.bss) for .bss
    main.o(i.Rx_to_Flash) refers to fds.o(i.fds_record_find) for fds_record_find
    main.o(i.Rx_to_Flash) refers to printf8.o(i.__0printf$8) for __2printf
    main.o(i.Rx_to_Flash) refers to fds.o(i.fds_record_write) for fds_record_write
    main.o(i.Rx_to_Flash) refers to fds.o(i.fds_record_update) for fds_record_update
    main.o(i.Rx_to_Flash) refers to app_error.o(i.app_error_handler_bare) for app_error_handler_bare
    main.o(i.Rx_to_Flash) refers to fds.o(i.fds_gc) for fds_gc
    main.o(i.Rx_to_Flash) refers to main.o(.data) for .data
    main.o(i.Rx_to_Flash) refers to main.o(.bss) for .bss
    main.o(i.adcCallbackFunc) refers to nrfx_saadc.o(i.nrfx_saadc_buffer_convert) for nrfx_saadc_buffer_convert
    main.o(i.adcCallbackFunc) refers to app_error.o(i.app_error_handler_bare) for app_error_handler_bare
    main.o(i.adcCallbackFunc) refers to nrfx_saadc.o(i.nrfx_saadc_uninit) for nrfx_saadc_uninit
    main.o(i.adcCallbackFunc) refers to main.o(.data) for .data
    main.o(i.adc_threshold_update) refers to main.o(.data) for .data
    main.o(i.adc_timer_timeout_handler) refers to main.o(i.ADC_Init) for ADC_Init
    main.o(i.adc_timer_timeout_handler) refers to main.o(i.ADC_Read) for ADC_Read
    main.o(i.advertising_start) refers to ble_advertising.o(i.ble_advertising_start) for ble_advertising_start
    main.o(i.advertising_start) refers to app_error.o(i.app_error_handler_bare) for app_error_handler_bare
    main.o(i.advertising_start) refers to main.o(.bss) for .bss
    main.o(i.apptimer_create) refers to app_timer2.o(i.app_timer_create) for app_timer_create
    main.o(i.apptimer_create) refers to app_error.o(i.app_error_handler_bare) for app_error_handler_bare
    main.o(i.apptimer_create) refers to main.o(i.adc_timer_timeout_handler) for adc_timer_timeout_handler
    main.o(i.apptimer_create) refers to main.o(.constdata) for .constdata
    main.o(i.apptimer_create) refers to main.o(i.busy_timer_timeout_handler) for busy_timer_timeout_handler
    main.o(i.apptimer_create) refers to main.o(i.epd_rst_busy_timer_timeout_handler) for epd_rst_busy_timer_timeout_handler
    main.o(i.apptimer_create) refers to main.o(i.busy_N_timer_timeout_handler) for busy_N_timer_timeout_handler
    main.o(i.apptimer_create) refers to main.o(i.eink_poweroff_timer_timeout_handler) for eink_poweroff_timer_timeout_handler
    main.o(i.apptimer_create) refers to main.o(i.epd_timer_timeout_handler) for epd_timer_timeout_handler
    main.o(i.assert_nrf_callback) refers to app_error_handler_keil.o(.emb_text) for app_error_handler
    main.o(i.ble_evt_handler) refers to nrf_log_frontend.o(i.nrf_log_frontend_std_0) for nrf_log_frontend_std_0
    main.o(i.ble_evt_handler) refers to printf8.o(i.__0printf$8) for __2printf
[...]
    nrf_atomic_u32_fetch_add                 0x0002bc93   Thumb Code    10  nrf_atomic.o(i.nrf_atomic_u32_fetch_add)
    nrf_atomic_u32_fetch_and                 0x0002bc9d   Thumb Code    10  nrf_atomic.o(i.nrf_atomic_u32_fetch_and)
    nrf_atomic_u32_fetch_or                  0x0002bca7   Thumb Code    10  nrf_atomic.o(i.nrf_atomic_u32_fetch_or)
    nrf_atomic_u32_fetch_store               0x0002bcb1   Thumb Code    10  nrf_atomic.o(i.nrf_atomic_u32_fetch_store)
    nrf_atomic_u32_or                        0x0002bcbb   Thumb Code    12  nrf_atomic.o(i.nrf_atomic_u32_or)
    nrf_atomic_u32_sub                       0x0002bcc7   Thumb Code    12  nrf_atomic.o(i.nrf_atomic_u32_sub)
    nrf_balloc_alloc                         0x0002bcd3   Thumb Code    68  nrf_balloc.o(i.nrf_balloc_alloc)
    nrf_balloc_free                          0x0002bd17   Thumb Code    48  nrf_balloc.o(i.nrf_balloc_free)
    nrf_balloc_init                          0x0002bd47   Thumb Code    48  nrf_balloc.o(i.nrf_balloc_init)
    nrf_ble_gatt_att_mtu_periph_set          0x0002bd9b   Thumb Code    24  nrf_ble_gatt.o(i.nrf_ble_gatt_att_mtu_periph_set)
    nrf_ble_gatt_init                        0x0002bdb3   Thumb Code    34  nrf_ble_gatt.o(i.nrf_ble_gatt_init)
    nrf_ble_gatt_on_ble_evt                  0x0002bdd5   Thumb Code   270  nrf_ble_gatt.o(i.nrf_ble_gatt_on_ble_evt)
    nrf_ble_qwr_conn_handle_assign           0x0002bf25   Thumb Code    22  nrf_ble_qwr.o(i.nrf_ble_qwr_conn_handle_assign)
    nrf_ble_qwr_init                         0x0002bf3b   Thumb Code    36  nrf_ble_qwr.o(i.nrf_ble_qwr_init)
    nrf_ble_qwr_on_ble_evt                   0x0002bf5f   Thumb Code   182  nrf_ble_qwr.o(i.nrf_ble_qwr_on_ble_evt)
    nrf_drv_clock_init                       0x0002c055   Thumb Code    48  nrf_drv_clock.o(i.nrf_drv_clock_init)
    nrf_drv_clock_lfclk_release              0x0002c08d   Thumb Code    42  nrf_drv_clock.o(i.nrf_drv_clock_lfclk_release)
    nrf_drv_uart_init                        0x0002c0bd   Thumb Code    90  nrf_drv_uart.o(i.nrf_drv_uart_init)
    nrf_fprintf                              0x0002c165   Thumb Code    26  nrf_fprintf.o(i.nrf_fprintf)
    nrf_fprintf_buffer_flush                 0x0002c17f   Thumb Code    24  nrf_fprintf.o(i.nrf_fprintf_buffer_flush)
    nrf_fprintf_fmt                          0x0002c197   Thumb Code   474  nrf_fprintf_format.o(i.nrf_fprintf_fmt)
    nrf_fstorage_erase                       0x0002c371   Thumb Code   188  nrf_fstorage.o(i.nrf_fstorage_erase)
    nrf_fstorage_init                        0x0002c4a9   Thumb Code    74  nrf_fstorage.o(i.nrf_fstorage_init)
    nrf_fstorage_sdh_req_handler             0x0002c53d   Thumb Code    18  nrf_fstorage_sd.o(i.nrf_fstorage_sdh_req_handler)
    nrf_fstorage_sdh_state_handler           0x0002c555   Thumb Code    28  nrf_fstorage_sd.o(i.nrf_fstorage_sdh_state_handler)
    nrf_fstorage_sys_evt_handler             0x0002c575   Thumb Code   154  nrf_fstorage_sd.o(i.nrf_fstorage_sys_evt_handler)
    nrf_fstorage_write                       0x0002c619   Thumb Code   242  nrf_fstorage.o(i.nrf_fstorage_write)
    nrf_log_backend_add                      0x0002ca0d   Thumb Code    86  nrf_log_frontend.o(i.nrf_log_backend_add)
    nrf_log_backend_rtt_init                 0x0002ca6b   Thumb Code     4  nrf_log_backend_rtt.o(i.nrf_log_backend_rtt_init)
    nrf_log_backend_serial_put               0x0002ca89   Thumb Code   200  nrf_log_backend_serial.o(i.nrf_log_backend_serial_put)
    nrf_log_color_id_get                     0x0002cb51   Thumb Code    42  nrf_log_frontend.o(i.nrf_log_color_id_get)
    nrf_log_default_backends_init            0x0002cb81   Thumb Code    24  nrf_log_default_backends.o(i.nrf_log_default_backends_init)
    nrf_log_frontend_dequeue                 0x0002cb9d   Thumb Code   528  nrf_log_frontend.o(i.nrf_log_frontend_dequeue)
    nrf_log_frontend_std_0                   0x0002cdd1   Thumb Code     8  nrf_log_frontend.o(i.nrf_log_frontend_std_0)
    nrf_log_frontend_std_1                   0x0002cdd9   Thumb Code    14  nrf_log_frontend.o(i.nrf_log_frontend_std_1)
    nrf_log_frontend_std_2                   0x0002cde7   Thumb Code    16  nrf_log_frontend.o(i.nrf_log_frontend_std_2)
    nrf_log_frontend_std_3                   0x0002cdf7   Thumb Code    18  nrf_log_frontend.o(i.nrf_log_frontend_std_3)
    nrf_log_hexdump_entry_process            0x0002ce09   Thumb Code   150  nrf_log_str_formatter.o(i.nrf_log_hexdump_entry_process)
    nrf_log_init                             0x0002ceb9   Thumb Code    46  nrf_log_frontend.o(i.nrf_log_init)
    nrf_log_module_cnt_get                   0x0002cef5   Thumb Code    10  nrf_log_frontend.o(i.nrf_log_module_cnt_get)
    nrf_log_module_name_get                  0x0002cf09   Thumb Code    24  nrf_log_frontend.o(i.nrf_log_module_name_get)
    nrf_log_panic                            0x0002cf25   Thumb Code    38  nrf_log_frontend.o(i.nrf_log_panic)
    nrf_log_std_entry_process                0x0002cf51   Thumb Code   182  nrf_log_str_formatter.o(i.nrf_log_std_entry_process)
    nrf_memobj_alloc                         0x0002d007   Thumb Code    96  nrf_memobj.o(i.nrf_memobj_alloc)
    nrf_memobj_free                          0x0002d067   Thumb Code    50  nrf_memobj.o(i.nrf_memobj_free)
    nrf_memobj_get                           0x0002d099   Thumb Code     8  nrf_memobj.o(i.nrf_memobj_get)
    nrf_memobj_pool_init                     0x0002d0a1   Thumb Code     4  nrf_memobj.o(i.nrf_memobj_pool_init)
    nrf_memobj_put                           0x0002d0a5   Thumb Code    30  nrf_memobj.o(i.nrf_memobj_put)
    nrf_memobj_read                          0x0002d0c3   Thumb Code    16  nrf_memobj.o(i.nrf_memobj_read)
    nrf_memobj_write                         0x0002d0d3   Thumb Code    16  nrf_memobj.o(i.nrf_memobj_write)
    nrf_pwr_mgmt_init                        0x0002d0e5   Thumb Code    28  nrf_pwr_mgmt.o(i.nrf_pwr_mgmt_init)
    nrf_pwr_mgmt_run                         0x0002d10d   Thumb Code    64  nrf_pwr_mgmt.o(i.nrf_pwr_mgmt_run)
    nrf_ringbuf_init                         0x0002d155   Thumb Code    28  nrf_ringbuf.o(i.nrf_ringbuf_init)
    nrf_sdh_ble_app_ram_start_get            0x0002d1d5   Thumb Code    16  nrf_sdh_ble.o(i.nrf_sdh_ble_app_ram_start_get)
    nrf_sdh_ble_default_cfg_set              0x0002d1e9   Thumb Code   272  nrf_sdh_ble.o(i.nrf_sdh_ble_default_cfg_set)
    nrf_sdh_ble_enable                       0x0002d319   Thumb Code   116  nrf_sdh_ble.o(i.nrf_sdh_ble_enable)
    nrf_sdh_disable_request                  0x0002d4a9   Thumb Code    80  nrf_sdh.o(i.nrf_sdh_disable_request)
    nrf_sdh_enable_request                   0x0002d4fd   Thumb Code   102  nrf_sdh.o(i.nrf_sdh_enable_request)
    nrf_sdh_evts_poll                        0x0002d571   Thumb Code    32  nrf_sdh.o(i.nrf_sdh_evts_poll)
    nrf_sdh_is_enabled                       0x0002d595   Thumb Code     6  nrf_sdh.o(i.nrf_sdh_is_enabled)
    nrf_sdh_request_continue                 0x0002d5a1   Thumb Code    22  nrf_sdh.o(i.nrf_sdh_request_continue)
    nrf_section_iter_init                    0x0002d5f9   Thumb Code    10  nrf_section_iter.o(i.nrf_section_iter_init)
    nrf_section_iter_next                    0x0002d627   Thumb Code    32  nrf_section_iter.o(i.nrf_section_iter_next)
    nrf_sortlist_add                         0x0002d647   Thumb Code    34  nrf_sortlist.o(i.nrf_sortlist_add)
    nrf_sortlist_peek                        0x0002d669   Thumb Code     6  nrf_sortlist.o(i.nrf_sortlist_peek)
    nrf_sortlist_pop                         0x0002d66f   Thumb Code    14  nrf_sortlist.o(i.nrf_sortlist_pop)
    nrf_sortlist_remove                      0x0002d67d   Thumb Code    30  nrf_sortlist.o(i.nrf_sortlist_remove)
    nrf_strerror_find                        0x0002d6a5   Thumb Code    52  nrf_strerror.o(i.nrf_strerror_find)
    nrf_strerror_get                         0x0002d6dd   Thumb Code    14  nrf_strerror.o(i.nrf_strerror_get)
    nrfx_clock_enable                        0x0002d729   Thumb Code    34  nrfx_clock.o(i.nrfx_clock_enable)
    nrfx_clock_init                          0x0002d755   Thumb Code    26  nrfx_clock.o(i.nrfx_clock_init)
    nrfx_clock_lfclk_stop                    0x0002d775   Thumb Code    20  nrfx_clock.o(i.nrfx_clock_lfclk_stop)
    nrfx_gpiote_in_event_enable              0x0002d7b1   Thumb Code   156  nrfx_gpiote.o(i.nrfx_gpiote_in_event_enable)
    nrfx_gpiote_in_init                      0x0002d855   Thumb Code   194  nrfx_gpiote.o(i.nrfx_gpiote_in_init)
    nrfx_gpiote_in_is_set                    0x0002d925   Thumb Code    20  nrfx_gpiote.o(i.nrfx_gpiote_in_is_set)
    nrfx_gpiote_init                         0x0002d939   Thumb Code    94  nrfx_gpiote.o(i.nrfx_gpiote_init)
    nrfx_gpiote_is_init                      0x0002d9a5   Thumb Code    14  nrfx_gpiote.o(i.nrfx_gpiote_is_init)
    nrfx_prs_acquire                         0x0002d9d9   Thumb Code    58  nrfx_prs.o(i.nrfx_prs_acquire)
    nrfx_saadc_buffer_convert                0x0002da15   Thumb Code   154  nrfx_saadc.o(i.nrfx_saadc_buffer_convert)
    nrfx_saadc_channel_init                  0x0002dab9   Thumb Code   160  nrfx_saadc.o(i.nrfx_saadc_channel_init)
    nrfx_saadc_channel_uninit                0x0002db65   Thumb Code    62  nrfx_saadc.o(i.nrfx_saadc_channel_uninit)
    nrfx_saadc_init                          0x0002dba9   Thumb Code   130  nrfx_saadc.o(i.nrfx_saadc_init)
    nrfx_saadc_limits_set                    0x0002dc3d   Thumb Code   120  nrfx_saadc.o(i.nrfx_saadc_limits_set)
    nrfx_saadc_sample                        0x0002dcbd   Thumb Code    34  nrfx_saadc.o(i.nrfx_saadc_sample)
    nrfx_saadc_uninit                        0x0002dce9   Thumb Code    94  nrfx_saadc.o(i.nrfx_saadc_uninit)
    nrfx_spim_init                           0x0002dd55   Thumb Code   362  nrfx_spim.o(i.nrfx_spim_init)
    nrfx_spim_xfer                           0x0002dec9   Thumb Code    94  nrfx_spim.o(i.nrfx_spim_xfer)
    nrfx_uart_0_irq_handler                  0x0002df2d   Thumb Code     8  nrfx_uart.o(i.nrfx_uart_0_irq_handler)
    nrfx_uart_init                           0x0002df3d   Thumb Code   196  nrfx_uart.o(i.nrfx_uart_init)
    nrfx_uart_rx                             0x0002e00d   Thumb Code   230  nrfx_uart.o(i.nrfx_uart_rx)
    nrfx_uart_tx                             0x0002e0f9   Thumb Code   162  nrfx_uart.o(i.nrfx_uart_tx)
    nrfx_uart_tx_in_progress                 0x0002e1a1   Thumb Code    26  nrfx_uart.o(i.nrfx_uart_tx_in_progress)
    nrfx_uarte_0_irq_handler                 0x0002e1c1   Thumb Code     8  nrfx_uarte.o(i.nrfx_uarte_0_irq_handler)
    nrfx_uarte_init                          0x0002e1d1   Thumb Code   100  nrfx_uarte.o(i.nrfx_uarte_init)
    nrfx_uarte_rx                            0x0002e23d   Thumb Code   256  nrfx_uarte.o(i.nrfx_uarte_rx)
    nrfx_uarte_tx                            0x0002e341   Thumb Code   166  nrfx_uarte.o(i.nrfx_uarte_tx)
    nrfx_uarte_tx_in_progress                0x0002e3ed   Thumb Code    22  nrfx_uarte.o(i.nrfx_uarte_tx_in_progress)
    pixel_type                               0x0002e9bd   Thumb Code    48  main.o(i.pixel_type)
    qrcodegen_calcSegmentBufferSize          0x0002ead9   Thumb Code    32  qrcodegen.o(i.qrcodegen_calcSegmentBufferSize)
    qrcodegen_encodeSegmentsAdvanced         0x0002eaf9   Thumb Code   540  qrcodegen.o(i.qrcodegen_encodeSegmentsAdvanced)
    qrcodegen_encodeText                     0x0002ed15   Thumb Code   226  qrcodegen.o(i.qrcodegen_encodeText)
    qrcodegen_getModule                      0x0002edf7   Thumb Code    40  qrcodegen.o(i.qrcodegen_getModule)
    qrcodegen_getSize                        0x0002ee1f   Thumb Code    20  qrcodegen.o(i.qrcodegen_getSize)
    qrcodegen_isAlphanumeric                 0x0002ee35   Thumb Code    34  qrcodegen.o(i.qrcodegen_isAlphanumeric)
    qrcodegen_isNumeric                      0x0002ee5d   Thumb Code    30  qrcodegen.o(i.qrcodegen_isNumeric)
    qrcodegen_makeAlphanumeric               0x0002ee7d   Thumb Code   178  qrcodegen.o(i.qrcodegen_makeAlphanumeric)
    qrcodegen_makeNumeric                    0x0002ef35   Thumb Code   168  qrcodegen.o(i.qrcodegen_makeNumeric)
    spi_event_handler                        0x0002f92d   Thumb Code     8  eink.o(i.spi_event_handler)
    uart_event_handle                        0x0002fed1   Thumb Code   104  main.o(i.uart_event_handle)
    gImage_white_full                        0x00030a1c   Data        5000  main.o(.constdata)
    gImage_metal                             0x00031da4   Data        5000  main.o(.constdata)
    gImage_sht                               0x0003312c   Data        5000  main.o(.constdata)
    lut_w1                                   0x000344f0   Data          42  eink.o(.constdata)
    lut_b1                                   0x0003451a   Data          42  eink.o(.constdata)
    lut_w                                    0x00034544   Data          42  eink.o(.constdata)
    lut_b                                    0x0003456e   Data          42  eink.o(.constdata)
    nrf_fstorage_sd                          0x000349f0   Data          32  nrf_fstorage_sd.o(.constdata)
    nrf_log_backend_rtt_api                  0x00034a10   Data          12  nrf_log_backend_rtt.o(.constdata)
    m_ram_start                              0x00034aac   Data           4  nrf_sdh_ble.o(.constdata)
    __ctype_table                            0x00034ad8   Data         129  ctype_o.o(.constdata)
    Region$$Table$$Base                      0x00035370   Number         0  anon$$obj.o(Region$$Table)
    Region$$Table$$Limit                     0x00035390   Number         0  anon$$obj.o(Region$$Table)
    log_const_data$$Base                     0x000353a0   Number         0  nrf_ble_gatt.o(log_const_data)
    m_nrf_log_nrf_ble_gatt_logs_data_const   0x000353a0   Data           8  nrf_ble_gatt.o(log_const_data)
    m_nrf_log_ble_nus_logs_data_const        0x000353a8   Data           8  ble_nus.o(log_const_data)
    m_nrf_log_clock_logs_data_const          0x000353b0   Data           8  nrf_drv_clock.o(log_const_data)
    m_nrf_log_CLOCK_logs_data_const          0x000353b8   Data           8  nrfx_clock.o(log_const_data)
    m_nrf_log_GPIOTE_logs_data_const         0x000353c0   Data           8  nrfx_gpiote.o(log_const_data)
    m_nrf_log_PRS_logs_data_const            0x000353c8   Data           8  nrfx_prs.o(log_const_data)
    m_nrf_log_UART_logs_data_const           0x000353d0   Data           8  nrfx_uart.o(log_const_data)
    m_nrf_log_UARTE_logs_data_const          0x000353d8   Data           8  nrfx_uarte.o(log_const_data)
    m_nrf_log_SPIM_logs_data_const           0x000353e0   Data           8  nrfx_spim.o(log_const_data)
    m_nrf_log_SAADC_logs_data_const          0x000353e8   Data           8  nrfx_saadc.o(log_const_data)
    m_nrf_log_app_button_logs_data_const     0x000353f0   Data           8  app_button.o(log_const_data)
    m_nrf_log_app_timer_logs_data_const      0x000353f8   Data           8  app_timer2.o(log_const_data)
    m_nrf_log_pwr_mgmt_logs_data_const       0x00035400   Data           8  nrf_pwr_mgmt.o(log_const_data)
    m_nrf_log_sortlist_logs_data_const       0x00035408   Data           8  nrf_sortlist.o(log_const_data)
    m_nrf_log_nrf_fstorage_logs_data_const   0x00035410   Data           8  nrf_fstorage.o(log_const_data)
    m_nrf_log_app_logs_data_const            0x00035418   Data           8  nrf_log_frontend.o(log_const_data)
    m_nrf_log_nrf_sdh_logs_data_const        0x00035420   Data           8  nrf_sdh.o(log_const_data)
    m_nrf_log_nrf_sdh_ble_logs_data_const    0x00035428   Data           8  nrf_sdh_ble.o(log_const_data)
    m_nrf_log_nrf_sdh_soc_logs_data_const    0x00035430   Data           8  nrf_sdh_soc.o(log_const_data)
    log_const_data$$Limit                    0x00035438   Number         0  nrf_sdh_soc.o(log_const_data)
    log_mempool                              0x00035438   Data          20  nrf_log_frontend.o(nrf_balloc)
    sdh_ble_observers0$$Base                 0x0003544c   Number         0  ble_conn_state.o(sdh_ble_observers0)
    sdh_ble_observers0$$Limit                0x00035454   Number         0  ble_conn_state.o(sdh_ble_observers0)
    sdh_ble_observers1$$Base                 0x00035454   Number         0  main.o(sdh_ble_observers1)
    sdh_ble_observers1$$Limit                0x00035474   Number         0  ble_conn_params.o(sdh_ble_observers1)
    sdh_ble_observers2$$Base                 0x00035474   Number         0  main.o(sdh_ble_observers2)
    sdh_ble_observers2$$Limit                0x00035484   Number         0  main.o(sdh_ble_observers2)
    sdh_ble_observers3$$Base                 0x00035484   Number         0  main.o(sdh_ble_observers3)
    m_req_obs                                0x0003548c   Data           8  nrf_fstorage_sd.o(sdh_req_observers0)
    sdh_ble_observers3$$Limit                0x0003548c   Number         0  main.o(sdh_ble_observers3)
    sdh_req_observers0$$Base                 0x0003548c   Number         0  nrf_fstorage_sd.o(sdh_req_observers0)
    sdh_req_observers0$$Limit                0x00035494   Number         0  nrf_fstorage_sd.o(sdh_req_observers0)
    sdh_soc_observers0$$Base                 0x00035494   Number         0  nrf_drv_clock.o(sdh_soc_observers0)
    sdh_soc_observers0$$Limit                0x000354a4   Number         0  nrf_fstorage_sd.o(sdh_soc_observers0)
    sdh_stack_observers0$$Base               0x000354a4   Number         0  nrf_sdh_ble.o(sdh_stack_observers0)
    sdh_stack_observers0$$Limit              0x000354b4   Number         0  nrf_sdh_soc.o(sdh_stack_observers0)
    sdh_state_observers0$$Base               0x000354b4   Number         0  nrf_drv_clock.o(sdh_state_observers0)
    sdh_state_observers0$$Limit              0x000354c4   Number         0  nrf_fstorage_sd.o(sdh_state_observers0)
    Image$$RW_IRAM1$$Base                    0x20002ad8   Number         0  anon$$obj.o ABSOLUTE
    PART_DISPLAY_Image                       0x20002b10   Data           4  main.o(.data)
    PART_Image                               0x20002b14   Data           4  main.o(.data)
    i                                        0x20002b20   Data           4  main.o(.data)
    pAddr                                    0x20002b2c   Data           4  main.o(.data)
    pAddr_part                               0x20002b30   Data           4  main.o(.data)
    QRImage                                  0x20002b38   Data           4  main.o(.data)
    eink_update                              0x20002b5c   Data           1  eink.o(.data)
    nrf_drv_uart_use_easy_dma                0x20002b84   Data           1  nrf_drv_uart.o(.data)
    __stdout                                 0x20002c0c   Data           4  retarget.o(.data)
    SystemCoreClock                          0x20002ca8   Data           4  system_nrf52.o(.data)
    __microlib_freelist                      0x20002cac   Data           4  mvars.o(.data)
    __microlib_freelist_initialised          0x20002cb0   Data           4  mvars.o(.data)
    fs_data$$Base                            0x20002cb4   Number         0  fds.o(fs_data)
    m_fs                                     0x20002cb4   Data          20  fds.o(fs_data)
    fs_data$$Limit                           0x20002cc8   Number         0  fds.o(fs_data)
    qrcode                                   0x20007368   Data        3918  main.o(.bss)
    tempBuffer                               0x200082b6   Data        3918  main.o(.bss)
    Paint                                    0x20009204   Data          24  gui_paint.o(.bss)
    nrf_nvic_state                           0x20009738   Data          12  app_util_platform.o(.bss)
    _SEGGER_RTT                              0x20009fd4   Data         120  segger_rtt.o(.bss)
    __heap_base                              0x2000a260   Data           0  arm_startup_nrf52.o(HEAP)
    __heap_limit                             0x2000c260   Data           0  arm_startup_nrf52.o(HEAP)
    __initial_sp                             0x2000e260   Data           0  arm_startup_nrf52.o(STACK)



==============================================================================

Memory Map of the image

  Image Entry point : 0x00026201

  Load Region LR_IROM1 (Base: 0x00026000, Size: 0x0000f6b4, Max: 0x0005a000, ABSOLUTE, COMPRESSED[0x0000f538])

    Execution Region ER_IROM1 (Base: 0x00026000, Size: 0x0000f4c4, Max: 0x0005a000, ABSOLUTE)

    Base Addr    Size         Type   Attr      Idx    E Section Name        Object

    0x00026000   0x00000200   Data   RO         7185    RESET               arm_startup_nrf52.o
    0x00026200   0x00000000   Code   RO         7241  * .ARM.Collect$$$$00000000  mc_w.l(entry.o)
    0x00026200   0x00000004   Code   RO         7585    .ARM.Collect$$$$00000001  mc_w.l(entry2.o)
    0x00026204   0x00000004   Code   RO         7588    .ARM.Collect$$$$00000004  mc_w.l(entry5.o)
    0x00026208   0x00000000   Code   RO         7590    .ARM.Collect$$$$00000008  mc_w.l(entry7b.o)
    0x00026208   0x00000000   Code   RO         7592    .ARM.Collect$$$$0000000A  mc_w.l(entry8b.o)
    0x00026208   0x00000008   Code   RO         7593    .ARM.Collect$$$$0000000B  mc_w.l(entry9a.o)
    0x00026210   0x00000000   Code   RO         7595    .ARM.Collect$$$$0000000D  mc_w.l(entry10a.o)
    0x00026210   0x00000000   Code   RO         7597    .ARM.Collect$$$$0000000F  mc_w.l(entry11a.o)
    0x00026210   0x00000004   Code   RO         7586    .ARM.Collect$$$$00002712  mc_w.l(entry2.o)
    0x00026214   0x000000c8   Code   RO         4972    .emb_text           nrf_atfifo.o
    0x000262dc   0x000000e2   Code   RO         5108    .emb_text           nrf_atomic.o
    0x000263be   0x00000002   PAD
    0x000263c0   0x00000024   Code   RO         7186    .text               arm_startup_nrf52.o
    0x000263e4   0x00000062   Code   RO         7244    .text               mc_w.l(uldiv.o)
    0x00026446   0x0000001e   Code   RO         7246    .text               mc_w.l(llshl.o)
    0x00026464   0x00000008   Code   RO         7248    .text               mc_w.l(ctype_o.o)
    0x0002646c   0x00000040   Code   RO         7280    .text               mc_w.l(memmovea.o)
    0x000264ac   0x00000024   Code   RO         7282    .text               mc_w.l(memseta.o)
    0x000264d0   0x00000014   Code   RO         7284    .text               mc_w.l(strchr.o)
    0x000264e4   0x0000000e   Code   RO         7286    .text               mc_w.l(strlen.o)
    0x000264f2   0x00000012   Code   RO         7290    .text               mc_w.l(strcpy.o)
    0x00026504   0x00000020   Code   RO         7601    .text               mc_w.l(llushr.o)
    0x00026524   0x00000024   Code   RO         7616    .text               mc_w.l(init.o)
    0x00026548   0x00000056   Code   RO         7630    .text               mc_w.l(__dczerorl2.o)
    0x0002659e   0x00000002   PAD
    0x000265a0   0x00000048   Code   RO            6    i.ADC_Init          main.o
    0x000265e8   0x00000014   Code   RO            7    i.ADC_Read          main.o
    0x000265fc   0x00000014   Code   RO            8    i.ADC_start         main.o
    0x00026610   0x000000d4   Code   RO          754    i.EPD_Dis_Part      eink.o
    0x000266e4   0x000000b6   Code   RO          758    i.EPD_HW_Init       eink.o
    0x0002679a   0x00000018   Code   RO          759    i.EPD_HW_Init1      eink.o
    0x000267b2   0x00000006   Code   RO          760    i.EPD_HW_Init2      eink.o
    0x000267b8   0x00000090   Code   RO          761    i.EPD_HW_Init3      eink.o
    0x00026848   0x0000007c   Code   RO           10    i.EPD_Init          main.o
    0x000268c4   0x00000018   Code   RO          762    i.EPD_Part_Update   eink.o
    0x000268dc   0x0000003c   Code   RO          763    i.EPD_SetRAMValue   eink.o
    0x00026918   0x00000040   Code   RO          765    i.EPD_SetRAMValue_BaseMap  eink.o
    0x00026958   0x00000018   Code   RO          766    i.EPD_Update        eink.o
    0x00026970   0x00000020   Code   RO          767    i.Epaper_Write_Command  eink.o
    0x00026990   0x00000026   Code   RO          768    i.Epaper_Write_Data  eink.o
    0x000269b6   0x00000002   PAD
    0x000269b8   0x00000164   Code   RO         3117    i.GPIOTE_IRQHandler  nrfx_gpiote.o
    0x00026b1c   0x00000058   Code   RO         2979    i.POWER_CLOCK_IRQHandler  nrfx_clock.o
    0x00026b74   0x00000070   Code   RO          605    i.Paint_Clear       gui_paint.o
    0x00026be4   0x0000009c   Code   RO          613    i.Paint_DrawPoint   gui_paint.o
    0x00026c80   0x00000064   Code   RO           11    i.Paint_Gen_Qrcode  main.o
    0x00026ce4   0x0000003c   Code   RO          618    i.Paint_NewImage    gui_paint.o
    0x00026d20   0x0000000c   Code   RO          619    i.Paint_SelectImage  gui_paint.o
    0x00026d2c   0x000000e8   Code   RO          621    i.Paint_SetPixel    gui_paint.o
    0x00026e14   0x00000010   Code   RO         4764    i.RTC1_IRQHandler   drv_rtc.o
    0x00026e24   0x0000002c   Code   RO          769    i.ReadBusy          eink.o
    0x00026e50   0x000000e8   Code   RO           12    i.Rx_to_Flash       main.o
    0x00026f38   0x00000148   Code   RO         3905    i.SAADC_IRQHandler  nrfx_saadc.o
    0x00027080   0x00000004   Code   RO         6725    i.SEGGER_RTT_Init   segger_rtt.o
    0x00027084   0x0000005c   Code   RO         6739    i.SEGGER_RTT_WriteNoLock  segger_rtt.o
    0x000270e0   0x00000054   Code   RO         3788    i.SPIM0_SPIS0_TWIM0_TWIS0_SPI0_TWI0_IRQHandler  nrfx_spim.o
    0x00027134   0x00000078   Code   RO          770    i.SPI_EP_Init       eink.o
    0x000271ac   0x00000004   Code   RO          771    i.SPI_EP_unInit     eink.o
    0x000271b0   0x00000040   Code   RO          772    i.SPI_Write         eink.o
    0x000271f0   0x00000004   Code   RO         6976    i.SWI2_EGU2_IRQHandler  nrf_sdh.o
    0x000271f4   0x00000398   Code   RO         7194    i.SystemInit        system_nrf52.o
    0x0002758c   0x0000000c   Code   RO         3386    i.UARTE0_UART0_IRQHandler  nrfx_prs.o
    0x00027598   0x00000068   Code   RO         6743    i._DoInit           segger_rtt.o
    0x00027600   0x00000016   Code   RO         6744    i._GetAvailWriteSpace  segger_rtt.o
    0x00027616   0x0000005a   Code   RO         6746    i._WriteBlocking    segger_rtt.o
    0x00027670   0x00000042   Code   RO         6747    i._WriteNoCheck     segger_rtt.o
    0x000276b2   0x00000002   PAD
    0x000276b4   0x00000020   Code   RO         7503    i.__0printf$8       mc_w.l(printf8.o)
    0x000276d4   0x0000000e   Code   RO         7624    i.__scatterload_copy  mc_w.l(handlers.o)
    0x000276e2   0x00000002   Code   RO         7625    i.__scatterload_null  mc_w.l(handlers.o)
    0x000276e4   0x0000000e   Code   RO         7626    i.__scatterload_zeroinit  mc_w.l(handlers.o)
    0x000276f2   0x00000002   PAD
    0x000276f4   0x00000024   Code   RO         6977    i.__sd_nvic_app_accessible_irq  nrf_sdh.o
    0x00027718   0x00000410   Code   RO         7510    i._printf_core      mc_w.l(printf8.o)
    0x00027b28   0x00000024   Code   RO         7511    i._printf_post_padding  mc_w.l(printf8.o)
    0x00027b4c   0x0000002e   Code   RO         7512    i._printf_pre_padding  mc_w.l(printf8.o)
    0x00027b7a   0x00000002   PAD
    0x00027b7c   0x00000058   Code   RO           13    i.adcCallbackFunc   main.o
    0x00027bd4   0x00000014   Code   RO           14    i.adc_threshold_update  main.o
    0x00027be8   0x0000000e   Code   RO           15    i.adc_timer_timeout_handler  main.o
    0x00027bf6   0x00000002   PAD
    0x00027bf8   0x0000017c   Code   RO         1113    i.addEccAndInterleave  qrcodegen.o
    0x00027d74   0x0000000c   Code   RO         6047    i.addr_is_aligned32  nrf_fstorage.o
    0x00027d80   0x00000018   Code   RO         6048    i.addr_is_within_bounds  nrf_fstorage.o
    0x00027d98   0x00000010   Code   RO         1973    i.adv_set_data_size_max_get  ble_advertising.o
    0x00027da8   0x00000036   Code   RO         1683    i.advertising_buttons_configure  bsp_btn_ble.o
    0x00027dde   0x00000002   PAD
    0x00027de0   0x0000001c   Code   RO           16    i.advertising_start  main.o
    0x00027dfc   0x00000006   Code   RO         1547    i.alert_timer_handler  bsp.o
    0x00027e02   0x00000002   PAD
    0x00027e04   0x00000024   Code   RO         4127    i.app_button_enable  app_button.o
    0x00027e28   0x00000080   Code   RO         4128    i.app_button_init   app_button.o
    0x00027ea8   0x00000084   Code   RO         4285    i.app_error_fault_handler  app_error_weak.o
    0x00027f2c   0x00000016   Code   RO         4225    i.app_error_handler_bare  app_error.o
    0x00027f42   0x00000016   Code   RO         4345    i.app_fifo_get      app_fifo.o
    0x00027f58   0x00000020   Code   RO         4346    i.app_fifo_init     app_fifo.o
    0x00027f78   0x0000001a   Code   RO         4348    i.app_fifo_put      app_fifo.o
    0x00027f92   0x00000002   PAD
    0x00027f94   0x0000000c   Code   RO         4469    i.app_timer_cnt_get  app_timer2.o
    0x00027fa0   0x00000016   Code   RO         4470    i.app_timer_create  app_timer2.o
    0x00027fb6   0x00000002   PAD
    0x00027fb8   0x0000005c   Code   RO         4471    i.app_timer_init    app_timer2.o
    0x00028014   0x00000030   Code   RO         4474    i.app_timer_start   app_timer2.o
    0x00028044   0x0000000c   Code   RO         4475    i.app_timer_stop    app_timer2.o
    0x00028050   0x000000a4   Code   RO         4613    i.app_uart_init     app_uart_fifo.o
    0x000280f4   0x00000054   Code   RO         4614    i.app_uart_put      app_uart_fifo.o
    0x00028148   0x00000048   Code   RO         4696    i.app_util_critical_region_enter  app_util_platform.o
    0x00028190   0x00000034   Code   RO         4697    i.app_util_critical_region_exit  app_util_platform.o
    0x000281c4   0x0000003c   Code   RO         1114    i.appendBitsToBuffer  qrcodegen.o
    0x00028200   0x000000f6   Code   RO         1115    i.applyMask         qrcodegen.o
    0x000282f6   0x00000088   Code   RO         3440    i.apply_config      nrfx_uart.o
    0x0002837e   0x00000088   Code   RO         3628    i.apply_config      nrfx_uarte.o
    0x00028406   0x00000002   PAD
    0x00028408   0x00000090   Code   RO           17    i.apptimer_create   main.o
    0x00028498   0x00000048   Code   RO         2340    i.blcm_link_ctx_get  ble_link_ctx_manager.o
    0x000284e0   0x00000182   Code   RO         1855    i.ble_advdata_encode  ble_advdata.o
    0x00028662   0x00000020   Code   RO         1857    i.ble_advdata_parse  ble_advdata.o
    0x00028682   0x00000040   Code   RO         1858    i.ble_advdata_search  ble_advdata.o
    0x000286c2   0x00000006   Code   RO         1975    i.ble_advertising_conn_cfg_tag_set  ble_advertising.o
    0x000286c8   0x000000f8   Code   RO         1976    i.ble_advertising_init  ble_advertising.o
    0x000287c0   0x0000006a   Code   RO         1978    i.ble_advertising_on_ble_evt  ble_advertising.o
    0x0002882a   0x0000003a   Code   RO         1980    i.ble_advertising_restart_without_whitelist  ble_advertising.o
    0x00028864   0x00000230   Code   RO         1981    i.ble_advertising_start  ble_advertising.o
    0x00028a94   0x00000068   Code   RO         2088    i.ble_conn_params_init  ble_conn_params.o
    0x00028afc   0x00000012   Code   RO         2172    i.ble_conn_state_conn_idx  ble_conn_state.o
    0x00028b0e   0x00000002   PAD
    0x00028b10   0x00000014   Code   RO         2186    i.ble_conn_state_valid  ble_conn_state.o
    0x00028b24   0x00000060   Code   RO         1861    i.ble_device_addr_encode  ble_advdata.o
    0x00028b84   0x00000114   Code   RO           19    i.ble_evt_handler   main.o
    0x00028c98   0x00000070   Code   RO         1684    i.ble_evt_handler   bsp_btn_ble.o
    0x00028d08   0x000000fc   Code   RO         2090    i.ble_evt_handler   ble_conn_params.o
    0x00028e04   0x00000118   Code   RO         2187    i.ble_evt_handler   ble_conn_state.o
    0x00028f1c   0x00000066   Code   RO         2575    i.ble_nus_data_send  ble_nus.o
    0x00028f82   0x00000002   PAD
    0x00028f84   0x000000d4   Code   RO         2576    i.ble_nus_init      ble_nus.o
    0x00029058   0x00000070   Code   RO         2577    i.ble_nus_on_ble_evt  ble_nus.o
    0x000290c8   0x00000008   Code   RO         2369    i.ble_srv_is_notification_enabled  ble_srv_common.o
    0x000290d0   0x0000000c   Code   RO         1323    i.bsp_board_button_idx_to_pin  boards.o
    0x000290dc   0x00000020   Code   RO         1324    i.bsp_board_button_state_get  boards.o
    0x000290fc   0x00000054   Code   RO         1325    i.bsp_board_init    boards.o
    0x00029150   0x00000024   Code   RO         1327    i.bsp_board_led_invert  boards.o
    0x00029174   0x00000010   Code   RO         1328    i.bsp_board_led_off  boards.o
    0x00029184   0x00000010   Code   RO         1329    i.bsp_board_led_on  boards.o
    0x00029194   0x00000020   Code   RO         1330    i.bsp_board_led_state_get  boards.o
    0x000291b4   0x00000012   Code   RO         1331    i.bsp_board_leds_off  boards.o
    0x000291c6   0x00000012   Code   RO         1332    i.bsp_board_leds_on  boards.o
    0x000291d8   0x00000024   Code   RO         1333    i.bsp_board_pin_to_button_idx  boards.o
    0x000291fc   0x00000038   Code   RO         1685    i.bsp_btn_ble_init  bsp_btn_ble.o
    0x00029234   0x0000001e   Code   RO         1686    i.bsp_btn_ble_sleep_mode_prepare  bsp_btn_ble.o
    0x00029252   0x00000002   PAD
    0x00029254   0x00000090   Code   RO         1548    i.bsp_button_event_handler  bsp.o
    0x000292e4   0x0000000c   Code   RO         1549    i.bsp_button_is_pressed  bsp.o
    0x000292f0   0x0000005c   Code   RO           20    i.bsp_event_handler  main.o
    0x0002934c   0x00000044   Code   RO         1552    i.bsp_event_to_button_action_assign  bsp.o
    0x00029390   0x00000004   Code   RO         1553    i.bsp_indication_set  bsp.o
    0x00029394   0x00000094   Code   RO         1554    i.bsp_init          bsp.o
    0x00029428   0x000001c8   Code   RO         1555    i.bsp_led_indication  bsp.o
    0x000295f0   0x00000006   Code   RO         1557    i.bsp_wakeup_button_enable  bsp.o
    0x000295f6   0x00000002   PAD
    0x000295f8   0x00000090   Code   RO         6480    i.buf_prealloc      nrf_log_frontend.o
    0x00029688   0x0000002e   Code   RO         5320    i.buffer_add        nrf_fprintf_format.o
    0x000296b6   0x00000002   PAD
    0x000296b8   0x00000014   Code   RO         6481    i.buffer_is_empty   nrf_log_frontend.o
    0x000296cc   0x0000000c   Code   RO           21    i.busy_N_timer_timeout_handler  main.o
    0x000296d8   0x0000003c   Code   RO           22    i.busy_timer_timeout_handler  main.o
    0x00029714   0x00000028   Code   RO         4130    i.button_get        app_button.o
    0x0002973c   0x00000008   Code   RO         1558    i.button_timer_handler  bsp.o
    0x00029744   0x0000006c   Code   RO         1116    i.calcSegmentBitLength  qrcodegen.o
    0x000297b0   0x0000001c   Code   RO         3118    i.channel_free      nrfx_gpiote.o
    0x000297cc   0x00000048   Code   RO         3119    i.channel_port_alloc  nrfx_gpiote.o
    0x00029814   0x00000010   Code   RO         3120    i.channel_port_get  nrfx_gpiote.o
    0x00029824   0x00000190   Code   RO         2371    i.characteristic_add  ble_srv_common.o
    0x000299b4   0x00000028   Code   RO         2636    i.clock_clk_started_notify  nrf_drv_clock.o
    0x000299dc   0x0000001c   Code   RO         2637    i.clock_irq_handler  nrf_drv_clock.o
    0x000299f8   0x00000018   Code   RO         4477    i.compare_func      app_timer2.o
    0x00029a10   0x0000003e   Code   RO         2188    i.conn_handle_list_get  ble_conn_state.o
    0x00029a4e   0x00000088   Code   RO         1862    i.conn_int_encode   ble_advdata.o
    0x00029ad6   0x00000004   Code   RO           23    i.conn_params_error_handler  main.o
    0x00029ada   0x00000002   PAD
    0x00029adc   0x00000048   Code   RO         2091    i.conn_params_negotiation  ble_conn_params.o
    0x00029b24   0x000000c0   Code   RO         2429    i.data_length_update  nrf_ble_gatt.o
    0x00029be4   0x0000008c   Code   RO         5730    i.delete_execute    fds.o
    0x00029c70   0x00000048   Code   RO         4131    i.detection_delay_timeout_handler  app_button.o
    0x00029cb8   0x00000092   Code   RO         1117    i.drawCodewords     qrcodegen.o
    0x00029d4a   0x00000002   PAD
    0x00029d4c   0x000000f4   Code   RO         1118    i.drawFormatBits    qrcodegen.o
    0x00029e40   0x0000016c   Code   RO         1119    i.drawWhiteFunctionModules  qrcodegen.o
    0x00029fac   0x00000014   Code   RO         6482    i.dropped_sat16_get  nrf_log_frontend.o
    0x00029fc0   0x00000014   Code   RO         4765    i.drv_rtc_compare_disable  drv_rtc.o
    0x00029fd4   0x0000000e   Code   RO         4767    i.drv_rtc_compare_pending  drv_rtc.o
    0x00029fe2   0x00000050   Code   RO         4768    i.drv_rtc_compare_set  drv_rtc.o
    0x0002a032   0x00000008   Code   RO         4769    i.drv_rtc_counter_get  drv_rtc.o
    0x0002a03a   0x00000002   PAD
    0x0002a03c   0x000000d4   Code   RO         4770    i.drv_rtc_init      drv_rtc.o
    0x0002a110   0x0000001a   Code   RO         4771    i.drv_rtc_irq_trigger  drv_rtc.o
    0x0002a12a   0x00000008   Code   RO         4773    i.drv_rtc_overflow_enable  drv_rtc.o
    0x0002a132   0x00000008   Code   RO         4774    i.drv_rtc_overflow_pending  drv_rtc.o
    0x0002a13a   0x00000008   Code   RO         4775    i.drv_rtc_start     drv_rtc.o
    0x0002a142   0x00000008   Code   RO         4776    i.drv_rtc_stop      drv_rtc.o
    0x0002a14a   0x000000de   Code   RO         4781    i.drv_rtc_windowed_compare_set  drv_rtc.o
    0x0002a228   0x00000018   Code   RO           24    i.eink_poweroff_timer_timeout_handler  main.o
    0x0002a240   0x0000003c   Code   RO           25    i.epd_rst_busy_timer_timeout_handler  main.o
    0x0002a27c   0x0000000c   Code   RO           26    i.epd_timer_timeout_handler  main.o
    0x0002a288   0x0000004c   Code   RO         6211    i.erase             nrf_fstorage_sd.o
    0x0002a2d4   0x00000074   Code   RO         5731    i.event_prepare     fds.o
    0x0002a348   0x00000020   Code   RO         5732    i.event_send        fds.o
    0x0002a368   0x00000054   Code   RO         6212    i.event_send        nrf_fstorage_sd.o
    0x0002a3bc   0x00000012   Code   RO         4782    i.evt_enable        drv_rtc.o
    0x0002a3ce   0x00000002   PAD
    0x0002a3d0   0x000000e0   Code   RO         4132    i.evt_handle        app_button.o
    0x0002a4b0   0x00000014   Code   RO         4783    i.evt_pending       drv_rtc.o
    0x0002a4c4   0x000002e4   Code   RO           27    i.fds_evt_handler   main.o
    0x0002a7a8   0x00000040   Code   RO         5735    i.fds_gc            fds.o
    0x0002a7e8   0x000000e4   Code   RO         5736    i.fds_init          fds.o
    0x0002a8cc   0x00000048   Code   RO         5737    i.fds_record_close  fds.o
    0x0002a914   0x00000044   Code   RO         5738    i.fds_record_delete  fds.o
    0x0002a958   0x0000000e   Code   RO         5739    i.fds_record_find   fds.o
    0x0002a966   0x00000002   PAD
    0x0002a968   0x0000004c   Code   RO         5744    i.fds_record_open   fds.o
    0x0002a9b4   0x00000010   Code   RO         5745    i.fds_record_update  fds.o
    0x0002a9c4   0x00000008   Code   RO         5746    i.fds_record_write  fds.o
    0x0002a9cc   0x00000030   Code   RO         5748    i.fds_register      fds.o
    0x0002a9fc   0x00000014   Code   RO         4351    i.fifo_get          app_fifo.o
    0x0002aa10   0x00000012   Code   RO         4352    i.fifo_put          app_fifo.o
    0x0002aa22   0x0000003a   Code   RO         1120    i.fillRectangle     qrcodegen.o
    0x0002aa5c   0x00000018   Code   RO         1121    i.finderPenaltyAddHistory  qrcodegen.o
    0x0002aa74   0x0000005e   Code   RO         1122    i.finderPenaltyCountPatterns  qrcodegen.o
    0x0002aad2   0x0000002c   Code   RO         1123    i.finderPenaltyTerminateAndCount  qrcodegen.o
    0x0002aafe   0x0000000a   Code   RO         2189    i.flag_toggle       ble_conn_state.o
    0x0002ab08   0x00000028   Code   RO         1983    i.flags_set         ble_advertising.o
    0x0002ab30   0x0000000e   Code   RO         5693    i.fputc             retarget.o
    0x0002ab3e   0x00000002   PAD
    0x0002ab40   0x00000050   Code   RO         7557    i.free              mc_w.l(malloc.o)
    0x0002ab90   0x00000006   Code   RO         5752    i.fs_event_handler  fds.o
    0x0002ab96   0x00000002   PAD
    0x0002ab98   0x0000006c   Code   RO           28    i.gatt_evt_handler  main.o
    0x0002ac04   0x00000030   Code   RO           29    i.gatt_init         main.o
    0x0002ac34   0x00000078   Code   RO         5753    i.gc_execute        fds.o
    0x0002acac   0x0000004c   Code   RO         5754    i.gc_next_page      fds.o
    0x0002acf8   0x00000040   Code   RO         5755    i.gc_page_erase     fds.o
    0x0002ad38   0x00000034   Code   RO         5756    i.gc_record_copy    fds.o
    0x0002ad6c   0x00000024   Code   RO         5757    i.gc_record_find_next  fds.o
    0x0002ad90   0x00000088   Code   RO         5758    i.gc_state_advance  fds.o
    0x0002ae18   0x0000004c   Code   RO         1124    i.getAlignmentPatternPositions  qrcodegen.o
    0x0002ae64   0x00000036   Code   RO         1125    i.getModule         qrcodegen.o
    0x0002ae9a   0x00000002   PAD
    0x0002ae9c   0x0000003c   Code   RO         1126    i.getNumDataCodewords  qrcodegen.o
    0x0002aed8   0x00000044   Code   RO         1127    i.getNumRawDataModules  qrcodegen.o
    0x0002af1c   0x000001d0   Code   RO         1128    i.getPenaltyScore   qrcodegen.o
    0x0002b0ec   0x00000064   Code   RO         1129    i.getTotalBits      qrcodegen.o
    0x0002b150   0x00000034   Code   RO         4478    i.get_now           app_timer2.o
    0x0002b184   0x0000003c   Code   RO         4133    i.gpiote_event_handler  app_button.o
    0x0002b1c0   0x0000002c   Code   RO         5759    i.header_check      fds.o
    0x0002b1ec   0x00000012   Code   RO         5760    i.header_has_next   fds.o
    0x0002b1fe   0x00000002   PAD
    0x0002b200   0x00000044   Code   RO           30    i.image_display     main.o
    0x0002b244   0x00000034   Code   RO         6213    i.init              nrf_fstorage_sd.o
    0x0002b278   0x000000c8   Code   RO         5761    i.init_execute      fds.o
    0x0002b340   0x000000e8   Code   RO         1130    i.initializeFunctionModules  qrcodegen.o
    0x0002b428   0x00000014   Code   RO         2092    i.instance_get      ble_conn_params.o
    0x0002b43c   0x000000a6   Code   RO         5321    i.int_print         nrf_fprintf_format.o
    0x0002b4e2   0x00000002   PAD
    0x0002b4e4   0x00000084   Code   RO         3629    i.interrupts_enable  nrfx_uarte.o
    0x0002b568   0x00000034   Code   RO         6483    i.invalid_packets_omit  nrf_log_frontend.o
    0x0002b59c   0x00000010   Code   RO         6214    i.is_busy           nrf_fstorage_sd.o
    0x0002b5ac   0x00000044   Code   RO         2093    i.is_conn_params_ok  ble_conn_params.o
    0x0002b5f0   0x0000000c   Code   RO         5762    i.is_word_aligned   fds.o
    0x0002b5fc   0x00000030   Code   RO         1559    i.leds_off          bsp.o
    0x0002b62c   0x00000014   Code   RO         1560    i.leds_timer_handler  bsp.o
    0x0002b640   0x00000018   Code   RO         2430    i.link_init         nrf_ble_gatt.o
    0x0002b658   0x0000009c   Code   RO         6484    i.log_skip          nrf_log_frontend.o
    0x0002b6f4   0x00000280   Code   RO           31    i.main              main.o
    0x0002b974   0x0000006c   Code   RO         7558    i.malloc            mc_w.l(malloc.o)
    0x0002b9e0   0x00000064   Code   RO         1863    i.manuf_specific_data_encode  ble_advdata.o
    0x0002ba44   0x0000007e   Code   RO         5360    i.memobj_op         nrf_memobj.o
    0x0002bac2   0x00000002   PAD
    0x0002bac4   0x00000030   Code   RO         6485    i.module_idx_get    nrf_log_frontend.o
    0x0002baf4   0x000000a6   Code   RO         1864    i.name_encode       ble_advdata.o
    0x0002bb9a   0x00000010   Code   RO         4974    i.nrf_atfifo_clear  nrf_atfifo.o
    0x0002bbaa   0x00000026   Code   RO         4976    i.nrf_atfifo_init   nrf_atfifo.o
    0x0002bbd0   0x00000016   Code   RO         4977    i.nrf_atfifo_item_alloc  nrf_atfifo.o
    0x0002bbe6   0x00000016   Code   RO         4978    i.nrf_atfifo_item_free  nrf_atfifo.o
    0x0002bbfc   0x00000016   Code   RO         4979    i.nrf_atfifo_item_get  nrf_atfifo.o
    0x0002bc12   0x00000016   Code   RO         4980    i.nrf_atfifo_item_put  nrf_atfifo.o
    0x0002bc28   0x00000016   Code   RO         5042    i.nrf_atflags_clear  nrf_atflags.o
    0x0002bc3e   0x00000016   Code   RO         5047    i.nrf_atflags_get   nrf_atflags.o
    0x0002bc54   0x00000014   Code   RO         5049    i.nrf_atflags_set   nrf_atflags.o
    0x0002bc68   0x00000006   Code   RO         5110    i.nrf_atomic_flag_clear_fetch  nrf_atomic.o
    0x0002bc6e   0x00000006   Code   RO         5111    i.nrf_atomic_flag_set  nrf_atomic.o
    0x0002bc74   0x00000006   Code   RO         5112    i.nrf_atomic_flag_set_fetch  nrf_atomic.o
    0x0002bc7a   0x0000000c   Code   RO         5113    i.nrf_atomic_u32_add  nrf_atomic.o
    0x0002bc86   0x0000000c   Code   RO         5114    i.nrf_atomic_u32_and  nrf_atomic.o
    0x0002bc92   0x0000000a   Code   RO         5116    i.nrf_atomic_u32_fetch_add  nrf_atomic.o
    0x0002bc9c   0x0000000a   Code   RO         5117    i.nrf_atomic_u32_fetch_and  nrf_atomic.o
    0x0002bca6   0x0000000a   Code   RO         5118    i.nrf_atomic_u32_fetch_or  nrf_atomic.o
    0x0002bcb0   0x0000000a   Code   RO         5119    i.nrf_atomic_u32_fetch_store  nrf_atomic.o
    0x0002bcba   0x0000000c   Code   RO         5123    i.nrf_atomic_u32_or  nrf_atomic.o
    0x0002bcc6   0x0000000c   Code   RO         5125    i.nrf_atomic_u32_sub  nrf_atomic.o
    0x0002bcd2   0x00000044   Code   RO         5244    i.nrf_balloc_alloc  nrf_balloc.o
    0x0002bd16   0x00000030   Code   RO         5245    i.nrf_balloc_free   nrf_balloc.o
    0x0002bd46   0x00000030   Code   RO         5246    i.nrf_balloc_init   nrf_balloc.o
    0x0002bd76   0x00000010   Code   RO         3121    i.nrf_bitmask_bit_is_set  nrfx_gpiote.o
    0x0002bd86   0x00000014   Code   RO         3122    i.nrf_bitmask_bit_set  nrfx_gpiote.o
    0x0002bd9a   0x00000018   Code   RO         2432    i.nrf_ble_gatt_att_mtu_periph_set  nrf_ble_gatt.o
    0x0002bdb2   0x00000022   Code   RO         2436    i.nrf_ble_gatt_init  nrf_ble_gatt.o
    0x0002bdd4   0x00000150   Code   RO         2437    i.nrf_ble_gatt_on_ble_evt  nrf_ble_gatt.o
    0x0002bf24   0x00000016   Code   RO         2531    i.nrf_ble_qwr_conn_handle_assign  nrf_ble_qwr.o
    0x0002bf3a   0x00000024   Code   RO         2532    i.nrf_ble_qwr_init  nrf_ble_qwr.o
    0x0002bf5e   0x000000b6   Code   RO         2533    i.nrf_ble_qwr_on_ble_evt  nrf_ble_qwr.o
    0x0002c014   0x0000000e   Code   RO         2980    i.nrf_clock_event_check  nrfx_clock.o
    0x0002c022   0x00000010   Code   RO         2981    i.nrf_clock_event_clear  nrfx_clock.o
    0x0002c032   0x00000002   PAD
    0x0002c034   0x00000020   Code   RO          774    i.nrf_delay_ms      eink.o
    0x0002c054   0x00000038   Code   RO         2644    i.nrf_drv_clock_init  nrf_drv_clock.o
    0x0002c08c   0x00000030   Code   RO         2648    i.nrf_drv_clock_lfclk_release  nrf_drv_clock.o
    0x0002c0bc   0x00000068   Code   RO         2788    i.nrf_drv_uart_init  nrf_drv_uart.o
    0x0002c124   0x00000020   Code   RO         4615    i.nrf_drv_uart_rx   app_uart_fifo.o
    0x0002c144   0x00000020   Code   RO         4616    i.nrf_drv_uart_tx   app_uart_fifo.o
    0x0002c164   0x0000001a   Code   RO         5281    i.nrf_fprintf       nrf_fprintf.o
    0x0002c17e   0x00000018   Code   RO         5282    i.nrf_fprintf_buffer_flush  nrf_fprintf.o
    0x0002c196   0x000001da   Code   RO         5322    i.nrf_fprintf_fmt   nrf_fprintf_format.o
    0x0002c370   0x00000138   Code   RO         6049    i.nrf_fstorage_erase  nrf_fstorage.o
    0x0002c4a8   0x00000094   Code   RO         6050    i.nrf_fstorage_init  nrf_fstorage.o
    0x0002c53c   0x00000018   Code   RO         6215    i.nrf_fstorage_sdh_req_handler  nrf_fstorage_sd.o
    0x0002c554   0x00000020   Code   RO         6216    i.nrf_fstorage_sdh_state_handler  nrf_fstorage_sd.o
    0x0002c574   0x000000a4   Code   RO         6217    i.nrf_fstorage_sys_evt_handler  nrf_fstorage_sd.o
    0x0002c618   0x000001dc   Code   RO         6056    i.nrf_fstorage_write  nrf_fstorage.o
    0x0002c7f4   0x00000024   Code   RO          775    i.nrf_gpio_cfg      eink.o
    0x0002c818   0x00000024   Code   RO         1335    i.nrf_gpio_cfg      boards.o
    0x0002c83c   0x00000024   Code   RO         3123    i.nrf_gpio_cfg      nrfx_gpiote.o
    0x0002c860   0x00000024   Code   RO         3441    i.nrf_gpio_cfg      nrfx_uart.o
    0x0002c884   0x00000024   Code   RO         3630    i.nrf_gpio_cfg      nrfx_uarte.o
    0x0002c8a8   0x00000024   Code   RO         3789    i.nrf_gpio_cfg      nrfx_spim.o
    0x0002c8cc   0x00000012   Code   RO         3443    i.nrf_gpio_cfg_input  nrfx_uart.o
    0x0002c8de   0x00000012   Code   RO         3632    i.nrf_gpio_cfg_input  nrfx_uarte.o
    0x0002c8f0   0x00000010   Code   RO           32    i.nrf_gpio_cfg_output  main.o
    0x0002c900   0x00000014   Code   RO          776    i.nrf_gpio_cfg_output  eink.o
    0x0002c914   0x00000014   Code   RO         3444    i.nrf_gpio_cfg_output  nrfx_uart.o
    0x0002c928   0x00000014   Code   RO         3633    i.nrf_gpio_cfg_output  nrfx_uarte.o
    0x0002c93c   0x00000014   Code   RO         3790    i.nrf_gpio_cfg_output  nrfx_spim.o
    0x0002c950   0x00000022   Code   RO         3125    i.nrf_gpio_cfg_sense_set  nrfx_gpiote.o
    0x0002c972   0x0000000e   Code   RO          777    i.nrf_gpio_pin_clear  eink.o
    0x0002c980   0x0000000e   Code   RO         3791    i.nrf_gpio_pin_clear  nrfx_spim.o
    0x0002c98e   0x0000000e   Code   RO          778    i.nrf_gpio_pin_set  eink.o
    0x0002c99c   0x0000000e   Code   RO         3792    i.nrf_gpio_pin_set  nrfx_spim.o
    0x0002c9aa   0x00000016   Code   RO         1336    i.nrf_gpio_pin_write  boards.o
    0x0002c9c0   0x00000028   Code   RO         3126    i.nrf_gpio_ports_read  nrfx_gpiote.o
    0x0002c9e8   0x00000014   Code   RO         3127    i.nrf_gpiote_event_clear  nrfx_gpiote.o
    0x0002c9fc   0x00000010   Code   RO         3128    i.nrf_gpiote_event_is_set  nrfx_gpiote.o
    0x0002ca0c   0x0000005c   Code   RO         6486    i.nrf_log_backend_add  nrf_log_frontend.o
    0x0002ca68   0x00000002   Code   RO         6338    i.nrf_log_backend_rtt_flush  nrf_log_backend_rtt.o
    0x0002ca6a   0x00000004   Code   RO         6339    i.nrf_log_backend_rtt_init  nrf_log_backend_rtt.o
    0x0002ca6e   0x00000002   Code   RO         6340    i.nrf_log_backend_rtt_panic_set  nrf_log_backend_rtt.o
    0x0002ca70   0x00000018   Code   RO         6341    i.nrf_log_backend_rtt_put  nrf_log_backend_rtt.o
    0x0002ca88   0x000000c8   Code   RO         6407    i.nrf_log_backend_serial_put  nrf_log_backend_serial.o
    0x0002cb50   0x00000030   Code   RO         6488    i.nrf_log_color_id_get  nrf_log_frontend.o
    0x0002cb80   0x0000001c   Code   RO         6441    i.nrf_log_default_backends_init  nrf_log_default_backends.o
    0x0002cb9c   0x00000234   Code   RO         6489    i.nrf_log_frontend_dequeue  nrf_log_frontend.o
    0x0002cdd0   0x00000008   Code   RO         6491    i.nrf_log_frontend_std_0  nrf_log_frontend.o
    0x0002cdd8   0x0000000e   Code   RO         6492    i.nrf_log_frontend_std_1  nrf_log_frontend.o
    0x0002cde6   0x00000010   Code   RO         6493    i.nrf_log_frontend_std_2  nrf_log_frontend.o
    0x0002cdf6   0x00000012   Code   RO         6494    i.nrf_log_frontend_std_3  nrf_log_frontend.o
    0x0002ce08   0x000000b0   Code   RO         6666    i.nrf_log_hexdump_entry_process  nrf_log_str_formatter.o
    0x0002ceb8   0x0000003c   Code   RO         6498    i.nrf_log_init      nrf_log_frontend.o
    0x0002cef4   0x00000014   Code   RO         6499    i.nrf_log_module_cnt_get  nrf_log_frontend.o
    0x0002cf08   0x0000001c   Code   RO         6502    i.nrf_log_module_name_get  nrf_log_frontend.o
    0x0002cf24   0x0000002c   Code   RO         6503    i.nrf_log_panic     nrf_log_frontend.o
    0x0002cf50   0x000000b6   Code   RO         6667    i.nrf_log_std_entry_process  nrf_log_str_formatter.o
    0x0002d006   0x00000060   Code   RO         5361    i.nrf_memobj_alloc  nrf_memobj.o
    0x0002d066   0x00000032   Code   RO         5362    i.nrf_memobj_free   nrf_memobj.o
    0x0002d098   0x00000008   Code   RO         5363    i.nrf_memobj_get    nrf_memobj.o
    0x0002d0a0   0x00000004   Code   RO         5364    i.nrf_memobj_pool_init  nrf_memobj.o
    0x0002d0a4   0x0000001e   Code   RO         5365    i.nrf_memobj_put    nrf_memobj.o
    0x0002d0c2   0x00000010   Code   RO         5366    i.nrf_memobj_read   nrf_memobj.o
    0x0002d0d2   0x00000010   Code   RO         5367    i.nrf_memobj_write  nrf_memobj.o
    0x0002d0e2   0x00000002   PAD
    0x0002d0e4   0x00000028   Code   RO         5430    i.nrf_pwr_mgmt_init  nrf_pwr_mgmt.o
    0x0002d10c   0x00000044   Code   RO         5431    i.nrf_pwr_mgmt_run  nrf_pwr_mgmt.o
    0x0002d150   0x00000004   Code   RO           33    i.nrf_qwr_error_handler  main.o
    0x0002d154   0x0000001c   Code   RO         5510    i.nrf_ringbuf_init  nrf_ringbuf.o
    0x0002d170   0x0000000c   Code   RO         4784    i.nrf_rtc_event_clear  drv_rtc.o
    0x0002d17c   0x00000010   Code   RO         3906    i.nrf_saadc_buffer_init  nrfx_saadc.o
    0x0002d18c   0x00000014   Code   RO         3907    i.nrf_saadc_channel_input_set  nrfx_saadc.o
    0x0002d1a0   0x00000010   Code   RO         3908    i.nrf_saadc_event_check  nrfx_saadc.o
    0x0002d1b0   0x00000014   Code   RO         3909    i.nrf_saadc_event_clear  nrfx_saadc.o
    0x0002d1c4   0x00000010   Code   RO         3910    i.nrf_saadc_limit_int_get  nrfx_saadc.o
    0x0002d1d4   0x00000014   Code   RO         7097    i.nrf_sdh_ble_app_ram_start_get  nrf_sdh_ble.o
    0x0002d1e8   0x00000130   Code   RO         7098    i.nrf_sdh_ble_default_cfg_set  nrf_sdh_ble.o
    0x0002d318   0x00000130   Code   RO         7099    i.nrf_sdh_ble_enable  nrf_sdh_ble.o
    0x0002d448   0x00000060   Code   RO         7100    i.nrf_sdh_ble_evts_poll  nrf_sdh_ble.o
    0x0002d4a8   0x00000054   Code   RO         6978    i.nrf_sdh_disable_request  nrf_sdh.o
    0x0002d4fc   0x00000074   Code   RO         6979    i.nrf_sdh_enable_request  nrf_sdh.o
    0x0002d570   0x00000024   Code   RO         6980    i.nrf_sdh_evts_poll  nrf_sdh.o
    0x0002d594   0x0000000c   Code   RO         6981    i.nrf_sdh_is_enabled  nrf_sdh.o
    0x0002d5a0   0x0000001c   Code   RO         6983    i.nrf_sdh_request_continue  nrf_sdh.o
    0x0002d5bc   0x0000003c   Code   RO         7151    i.nrf_sdh_soc_evts_poll  nrf_sdh_soc.o
    0x0002d5f8   0x0000000a   Code   RO         5568    i.nrf_section_iter_init  nrf_section_iter.o
    0x0002d602   0x00000024   Code   RO         5569    i.nrf_section_iter_item_set  nrf_section_iter.o
    0x0002d626   0x00000020   Code   RO         5570    i.nrf_section_iter_next  nrf_section_iter.o
    0x0002d646   0x00000022   Code   RO         5603    i.nrf_sortlist_add  nrf_sortlist.o
    0x0002d668   0x00000006   Code   RO         5605    i.nrf_sortlist_peek  nrf_sortlist.o
    0x0002d66e   0x0000000e   Code   RO         5606    i.nrf_sortlist_pop  nrf_sortlist.o
    0x0002d67c   0x0000001e   Code   RO         5607    i.nrf_sortlist_remove  nrf_sortlist.o
    0x0002d69a   0x0000000a   Code   RO         3793    i.nrf_spim_event_check  nrfx_spim.o
    0x0002d6a4   0x00000038   Code   RO         5659    i.nrf_strerror_find  nrf_strerror.o
    0x0002d6dc   0x00000014   Code   RO         5660    i.nrf_strerror_get  nrf_strerror.o
    0x0002d6f0   0x0000000a   Code   RO         3445    i.nrf_uart_event_check  nrfx_uart.o
    0x0002d6fa   0x0000000c   Code   RO         3446    i.nrf_uart_event_clear  nrfx_uart.o
    0x0002d706   0x0000000c   Code   RO         3447    i.nrf_uart_int_enable_check  nrfx_uart.o
    0x0002d712   0x0000000a   Code   RO         3634    i.nrf_uarte_event_check  nrfx_uarte.o
    0x0002d71c   0x0000000c   Code   RO         3635    i.nrf_uarte_event_clear  nrfx_uarte.o
    0x0002d728   0x0000002c   Code   RO         2986    i.nrfx_clock_enable  nrfx_clock.o
    0x0002d754   0x00000020   Code   RO         2989    i.nrfx_clock_init   nrfx_clock.o
    0x0002d774   0x0000001c   Code   RO         2992    i.nrfx_clock_lfclk_stop  nrfx_clock.o
    0x0002d790   0x00000010   Code   RO         3911    i.nrfx_coredep_delay_us  nrfx_saadc.o
    0x0002d7a0   0x00000010   Code   RO         4785    i.nrfx_coredep_delay_us  drv_rtc.o
    0x0002d7b0   0x000000a4   Code   RO         3133    i.nrfx_gpiote_in_event_enable  nrfx_gpiote.o
    0x0002d854   0x000000d0   Code   RO         3134    i.nrfx_gpiote_in_init  nrfx_gpiote.o
    0x0002d924   0x00000014   Code   RO         3135    i.nrfx_gpiote_in_is_set  nrfx_gpiote.o
    0x0002d938   0x0000006c   Code   RO         3137    i.nrfx_gpiote_init  nrfx_gpiote.o
    0x0002d9a4   0x00000014   Code   RO         3138    i.nrfx_gpiote_is_init  nrfx_gpiote.o
    0x0002d9b8   0x00000010   Code   RO         3636    i.nrfx_is_in_ram    nrfx_uarte.o
    0x0002d9c8   0x00000010   Code   RO         3794    i.nrfx_is_in_ram    nrfx_spim.o
    0x0002d9d8   0x0000003a   Code   RO         3387    i.nrfx_prs_acquire  nrfx_prs.o
    0x0002da12   0x00000002   PAD
    0x0002da14   0x000000a4   Code   RO         3913    i.nrfx_saadc_buffer_convert  nrfx_saadc.o
    0x0002dab8   0x000000ac   Code   RO         3915    i.nrfx_saadc_channel_init  nrfx_saadc.o
    0x0002db64   0x00000044   Code   RO         3916    i.nrfx_saadc_channel_uninit  nrfx_saadc.o
    0x0002dba8   0x00000094   Code   RO         3917    i.nrfx_saadc_init   nrfx_saadc.o
    0x0002dc3c   0x00000080   Code   RO         3919    i.nrfx_saadc_limits_set  nrfx_saadc.o
    0x0002dcbc   0x0000002c   Code   RO         3920    i.nrfx_saadc_sample  nrfx_saadc.o
    0x0002dce8   0x0000006c   Code   RO         3923    i.nrfx_saadc_uninit  nrfx_saadc.o
    0x0002dd54   0x00000174   Code   RO         3797    i.nrfx_spim_init    nrfx_spim.o
    0x0002dec8   0x00000064   Code   RO         3800    i.nrfx_spim_xfer    nrfx_spim.o
    0x0002df2c   0x00000010   Code   RO         3448    i.nrfx_uart_0_irq_handler  nrfx_uart.o
    0x0002df3c   0x000000d0   Code   RO         3450    i.nrfx_uart_init    nrfx_uart.o
    0x0002e00c   0x000000ec   Code   RO         3451    i.nrfx_uart_rx      nrfx_uart.o
    0x0002e0f8   0x000000a8   Code   RO         3456    i.nrfx_uart_tx      nrfx_uart.o
    0x0002e1a0   0x00000020   Code   RO         3458    i.nrfx_uart_tx_in_progress  nrfx_uart.o
    0x0002e1c0   0x00000010   Code   RO         3637    i.nrfx_uarte_0_irq_handler  nrfx_uarte.o
    0x0002e1d0   0x0000006c   Code   RO         3639    i.nrfx_uarte_init   nrfx_uarte.o
    0x0002e23c   0x00000104   Code   RO         3640    i.nrfx_uarte_rx     nrfx_uarte.o
    0x0002e340   0x000000ac   Code   RO         3643    i.nrfx_uarte_tx     nrfx_uarte.o
    0x0002e3ec   0x0000001c   Code   RO         3645    i.nrfx_uarte_tx_in_progress  nrfx_uarte.o
    0x0002e408   0x00000048   Code   RO         1131    i.numCharCountBits  qrcodegen.o
    0x0002e450   0x00000080   Code   RO           34    i.nus_data_handler  main.o
    0x0002e4d0   0x0000002c   Code   RO           35    i.on_adv_evt        main.o
    0x0002e4fc   0x0000001c   Code   RO           36    i.on_conn_params_evt  main.o
    0x0002e518   0x0000006a   Code   RO         2578    i.on_connect        ble_nus.o
    0x0002e582   0x00000002   PAD
    0x0002e584   0x000000a8   Code   RO         2438    i.on_connected_evt  nrf_ble_gatt.o
    0x0002e62c   0x000000ac   Code   RO         2439    i.on_exchange_mtu_request_evt  nrf_ble_gatt.o
    0x0002e6d8   0x00000084   Code   RO         2579    i.on_write          ble_nus.o
    0x0002e75c   0x00000024   Code   RO         5763    i.page_identify     fds.o
    0x0002e780   0x0000001c   Code   RO         5764    i.page_offsets_update  fds.o
    0x0002e79c   0x0000006c   Code   RO         5765    i.page_scan         fds.o
    0x0002e808   0x0000001c   Code   RO         5766    i.page_tag_write_data  fds.o
    0x0002e824   0x00000024   Code   RO         5767    i.page_tag_write_swap  fds.o
    0x0002e848   0x00000130   Code   RO         5768    i.pages_init        fds.o
    0x0002e978   0x00000012   Code   RO         1984    i.phy_is_valid      ble_advertising.o
    0x0002e98a   0x00000002   PAD
    0x0002e98c   0x00000018   Code   RO         3154    i.pin_in_use_by_port  nrfx_gpiote.o
    0x0002e9a4   0x00000018   Code   RO         3155    i.pin_in_use_by_te  nrfx_gpiote.o
    0x0002e9bc   0x00000030   Code   RO           37    i.pixel_type        main.o
    0x0002e9ec   0x0000003c   Code   RO         6669    i.postfix_process   nrf_log_str_formatter.o
    0x0002ea28   0x00000098   Code   RO         6670    i.prefix_process    nrf_log_str_formatter.o
    0x0002eac0   0x00000018   Code   RO         3389    i.prs_box_get       nrfx_prs.o
    0x0002ead8   0x00000020   Code   RO         1132    i.qrcodegen_calcSegmentBufferSize  qrcodegen.o
    0x0002eaf8   0x0000021c   Code   RO         1135    i.qrcodegen_encodeSegmentsAdvanced  qrcodegen.o
    0x0002ed14   0x000000e2   Code   RO         1136    i.qrcodegen_encodeText  qrcodegen.o
    0x0002edf6   0x00000028   Code   RO         1137    i.qrcodegen_getModule  qrcodegen.o
    0x0002ee1e   0x00000014   Code   RO         1138    i.qrcodegen_getSize  qrcodegen.o
    0x0002ee32   0x00000002   PAD
    0x0002ee34   0x00000028   Code   RO         1139    i.qrcodegen_isAlphanumeric  qrcodegen.o
    0x0002ee5c   0x0000001e   Code   RO         1140    i.qrcodegen_isNumeric  qrcodegen.o
    0x0002ee7a   0x00000002   PAD
    0x0002ee7c   0x000000b8   Code   RO         1141    i.qrcodegen_makeAlphanumeric  qrcodegen.o
    0x0002ef34   0x000000a8   Code   RO         1144    i.qrcodegen_makeNumeric  qrcodegen.o
    0x0002efdc   0x0000001c   Code   RO         5769    i.queue_buf_get     fds.o
    0x0002eff8   0x00000010   Code   RO         5770    i.queue_buf_store   fds.o
    0x0002f008   0x00000014   Code   RO         6218    i.queue_free        nrf_fstorage_sd.o
    0x0002f01c   0x000000a4   Code   RO         5771    i.queue_process     fds.o
    0x0002f0c0   0x000000a0   Code   RO         6219    i.queue_process     nrf_fstorage_sd.o
    0x0002f160   0x0000001c   Code   RO         5772    i.queue_start       fds.o
    0x0002f17c   0x00000024   Code   RO         6220    i.queue_start       nrf_fstorage_sd.o
    0x0002f1a0   0x0000000e   Code   RO         6221    i.read              nrf_fstorage_sd.o
    0x0002f1ae   0x00000002   PAD
    0x0002f1b0   0x00000090   Code   RO         5773    i.record_find       fds.o
    0x0002f240   0x000000a0   Code   RO         5774    i.record_find_by_desc  fds.o
    0x0002f2e0   0x0000005c   Code   RO         5775    i.record_find_next  fds.o
    0x0002f33c   0x0000003c   Code   RO         5776    i.record_header_flag_dirty  fds.o
    0x0002f378   0x00000094   Code   RO           38    i.record_update     main.o
    0x0002f40c   0x00000064   Code   RO           39    i.record_update_2   main.o
    0x0002f470   0x0000002a   Code   RO         1145    i.reedSolomonMultiply  qrcodegen.o
    0x0002f49a   0x00000004   Code   RO         6222    i.rmap              nrf_fstorage_sd.o
    0x0002f49e   0x00000002   PAD
    0x0002f4a0   0x0000005c   Code   RO         4479    i.rtc_irq           app_timer2.o
    0x0002f4fc   0x00000064   Code   RO         4480    i.rtc_schedule      app_timer2.o
    0x0002f560   0x00000074   Code   RO         4481    i.rtc_update        app_timer2.o
    0x0002f5d4   0x00000032   Code   RO         3460    i.rx_byte           nrfx_uart.o
    0x0002f606   0x00000016   Code   RO         3461    i.rx_done_event     nrfx_uart.o
    0x0002f61c   0x00000016   Code   RO         3647    i.rx_done_event     nrfx_uarte.o
    0x0002f632   0x00000020   Code   RO         3462    i.rx_enable         nrfx_uart.o
    0x0002f652   0x00000002   PAD
    0x0002f654   0x00000050   Code   RO         2651    i.sd_state_evt_handler  nrf_drv_clock.o
    0x0002f6a4   0x00000030   Code   RO         6986    i.sdh_request_observer_notify  nrf_sdh.o
    0x0002f6d4   0x0000002c   Code   RO         6987    i.sdh_state_observer_notify  nrf_sdh.o
    0x0002f700   0x00000010   Code   RO         2094    i.send_error_evt    ble_conn_params.o
    0x0002f710   0x00000050   Code   RO         6342    i.serial_tx         nrf_log_backend_rtt.o
    0x0002f760   0x00000088   Code   RO         1865    i.service_data_encode  ble_advdata.o
    0x0002f7e8   0x00000042   Code   RO         1146    i.setModule         qrcodegen.o
    0x0002f82a   0x0000001e   Code   RO         1147    i.setModuleBounded  qrcodegen.o
    0x0002f848   0x00000030   Code   RO         2373    i.set_security_req  ble_srv_common.o
    0x0002f878   0x00000018   Code   RO         2652    i.soc_evt_handler   nrf_drv_clock.o
    0x0002f890   0x00000038   Code   RO         6988    i.softdevice_evt_irq_disable  nrf_sdh.o
    0x0002f8c8   0x00000058   Code   RO         6989    i.softdevices_evt_irq_enable  nrf_sdh.o
    0x0002f920   0x0000000c   Code   RO         4482    i.sortlist_pop      app_timer2.o
    0x0002f92c   0x0000000c   Code   RO          779    i.spi_event_handler  eink.o
    0x0002f938   0x000000bc   Code   RO         3801    i.spim_xfer         nrfx_spim.o
    0x0002f9f4   0x000002ac   Code   RO           40    i.state_handle      main.o
    0x0002fca0   0x00000030   Code   RO         4134    i.state_set         app_button.o
    0x0002fcd0   0x0000008c   Code   RO         6505    i.std_n             nrf_log_frontend.o
    0x0002fd5c   0x00000058   Code   RO         4483    i.timer_expire      app_timer2.o
    0x0002fdb4   0x00000078   Code   RO         4484    i.timer_req_process  app_timer2.o
    0x0002fe2c   0x00000038   Code   RO         4485    i.timer_req_schedule  app_timer2.o
    0x0002fe64   0x00000018   Code   RO         4135    i.timer_start       app_button.o
    0x0002fe7c   0x00000020   Code   RO         3463    i.tx_byte           nrfx_uart.o
    0x0002fe9c   0x0000001a   Code   RO         3464    i.tx_done_event     nrfx_uart.o
    0x0002feb6   0x0000001a   Code   RO         3648    i.tx_done_event     nrfx_uarte.o
    0x0002fed0   0x00000070   Code   RO           41    i.uart_event_handle  main.o
    0x0002ff40   0x000000a4   Code   RO         4617    i.uart_event_handler  app_uart_fifo.o
    0x0002ffe4   0x00000030   Code   RO         2789    i.uart_evt_handler  nrf_drv_uart.o
    0x00030014   0x0000012a   Code   RO         3465    i.uart_irq_handler  nrfx_uart.o
    0x0003013e   0x00000002   PAD
    0x00030140   0x00000030   Code   RO         2790    i.uarte_evt_handler  nrf_drv_uart.o
    0x00030170   0x00000112   Code   RO         3649    i.uarte_irq_handler  nrfx_uarte.o
    0x00030282   0x0000000a   Code   RO         1866    i.uint16_encode     ble_advdata.o
    0x0003028c   0x00000020   Code   RO         6223    i.uninit            nrf_fstorage_sd.o
    0x000302ac   0x000000b4   Code   RO         5323    i.unsigned_print    nrf_fprintf_format.o
    0x00030360   0x000001ac   Code   RO           42    i.update_image_record_in_flash  main.o
    0x0003050c   0x00000070   Code   RO           43    i.update_part_display_ramvalue  main.o
    0x0003057c   0x00000068   Code   RO         2095    i.update_timeout_handler  ble_conn_params.o
    0x000305e4   0x00000018   Code   RO         1985    i.use_whitelist     ble_advertising.o
    0x000305fc   0x00000024   Code   RO         2534    i.user_mem_reply    nrf_ble_qwr.o
    0x00030620   0x00000020   Code   RO         4136    i.usr_event         app_button.o
    0x00030640   0x00000030   Code   RO         1867    i.uuid_list_encode  ble_advdata.o
    0x00030670   0x0000009e   Code   RO         1868    i.uuid_list_sized_encode  ble_advdata.o
    0x0003070e   0x0000003a   Code   RO         1561    i.wakeup_button_cfg  bsp.o
    0x00030748   0x00000004   Code   RO         6224    i.wmap              nrf_fstorage_sd.o
    0x0003074c   0x00000050   Code   RO         6225    i.write             nrf_fstorage_sd.o
    0x0003079c   0x000000f4   Code   RO         5778    i.write_enqueue     fds.o
    0x00030890   0x000000f8   Code   RO         5779    i.write_execute     fds.o
    0x00030988   0x00000018   Code   RO         5780    i.write_space_free  fds.o
    0x000309a0   0x00000060   Code   RO         5781    i.write_space_reserve  fds.o
    0x00030a00   0x00003ad8   Data   RO           57    .constdata          main.o
    0x000344d8   0x00000008   PAD
    0x000344e0   0x000000c8   Data   RO          781    .constdata          eink.o
    0x000345a8   0x00000188   Data   RO         1148    .constdata          qrcodegen.o
    0x00034730   0x00000008   Data   RO         1337    .constdata          boards.o
    0x00034738   0x0000002c   Data   RO         1566    .constdata          bsp.o
    0x00034764   0x00000016   Data   RO         2440    .constdata          nrf_ble_gatt.o
    0x0003477a   0x00000002   PAD
    0x0003477c   0x00000010   Data   RO         2580    .constdata          ble_nus.o
    0x0003478c   0x00000004   Data   RO         3157    .constdata          nrfx_gpiote.o
    0x00034790   0x00000004   Data   RO         3468    .constdata          nrfx_uart.o
    0x00034794   0x00000004   Data   RO         3652    .constdata          nrfx_uarte.o
    0x00034798   0x00000004   Data   RO         3804    .constdata          nrfx_spim.o
    0x0003479c   0x00000004   PAD
    0x000347a0   0x00000006   Data   RO         3925    .constdata          nrfx_saadc.o
    0x000347a6   0x00000002   PAD
    0x000347a8   0x00000008   Data   RO         4139    .constdata          app_button.o
    0x000347b0   0x00000014   Data   RO         4488    .constdata          app_timer2.o
    0x000347c4   0x00000020   Data   RO         4619    .constdata          app_uart_fifo.o
    0x000347e4   0x0000000c   PAD
    0x000347f0   0x00000006   Data   RO         4786    .constdata          drv_rtc.o
    0x000347f6   0x00000010   Data   RO         5324    .constdata          nrf_fprintf_format.o
    0x00034806   0x00000002   PAD
    0x00034808   0x00000018   Data   RO         5435    .constdata          nrf_pwr_mgmt.o
    0x00034820   0x0000000c   Data   RO         5436    .constdata          nrf_pwr_mgmt.o
    0x0003482c   0x0000013c   Data   RO         5661    .constdata          nrf_strerror.o
    0x00034968   0x00000018   Data   RO         5784    .constdata          fds.o
    0x00034980   0x0000005e   Data   RO         6057    .constdata          nrf_fstorage.o
    0x000349de   0x00000002   PAD
    0x000349e0   0x00000010   Data   RO         6228    .constdata          nrf_fstorage_sd.o
    0x000349f0   0x00000020   Data   RO         6229    .constdata          nrf_fstorage_sd.o
    0x00034a10   0x0000000c   Data   RO         6344    .constdata          nrf_log_backend_rtt.o
    0x00034a1c   0x00000004   PAD
    0x00034a20   0x00000006   Data   RO         6345    .constdata          nrf_log_backend_rtt.o
    0x00034a26   0x00000002   PAD
    0x00034a28   0x0000000c   Data   RO         6510    .constdata          nrf_log_frontend.o
    0x00034a34   0x00000010   Data   RO         6990    .constdata          nrf_sdh.o
    0x00034a44   0x00000028   Data   RO         6991    .constdata          nrf_sdh.o
    0x00034a6c   0x00000010   Data   RO         6992    .constdata          nrf_sdh.o
    0x00034a7c   0x00000010   Data   RO         6993    .constdata          nrf_sdh.o
    0x00034a8c   0x00000020   Data   RO         7101    .constdata          nrf_sdh_ble.o
    0x00034aac   0x00000010   Data   RO         7102    .constdata          nrf_sdh_ble.o
    0x00034abc   0x00000010   Data   RO         7152    .constdata          nrf_sdh_soc.o
    0x00034acc   0x0000000c   Data   RO         7153    .constdata          nrf_sdh_soc.o
    0x00034ad8   0x00000081   Data   RO         7249    .constdata          mc_w.l(ctype_o.o)
    0x00034b59   0x00000003   PAD
    0x00034b5c   0x00000004   Data   RO         7250    .constdata          mc_w.l(ctype_o.o)
    0x00034b60   0x0000002e   Data   RO         1149    .conststring        qrcodegen.o
    0x00034b8e   0x00000002   PAD
    0x00034b90   0x000000a2   Data   RO         2441    .conststring        nrf_ble_gatt.o
    0x00034c32   0x00000002   PAD
    0x00034c34   0x000003eb   Data   RO         5662    .conststring        nrf_strerror.o
    0x0003501f   0x00000001   PAD
    0x00035020   0x0000004f   Data   RO         6058    .conststring        nrf_fstorage.o
    0x0003506f   0x00000001   PAD
    0x00035070   0x00000066   Data   RO         6671    .conststring        nrf_log_str_formatter.o
    0x000350d6   0x00000002   PAD
    0x000350d8   0x000001cf   Data   RO         7103    .conststring        nrf_sdh_ble.o
    0x000352a7   0x00000001   PAD
    0x000352a8   0x0000000d   Data   RO         2442    .conststrlit        nrf_ble_gatt.o
    0x000352b5   0x00000003   PAD
    0x000352b8   0x00000008   Data   RO         2581    .conststrlit        ble_nus.o
    0x000352c0   0x00000006   Data   RO         2658    .conststrlit        nrf_drv_clock.o
    0x000352c6   0x00000002   PAD
    0x000352c8   0x00000006   Data   RO         2996    .conststrlit        nrfx_clock.o
    0x000352ce   0x00000002   PAD
    0x000352d0   0x00000007   Data   RO         3161    .conststrlit        nrfx_gpiote.o
    0x000352d7   0x00000001   PAD
    0x000352d8   0x00000004   Data   RO         3391    .conststrlit        nrfx_prs.o
    0x000352dc   0x00000005   Data   RO         3471    .conststrlit        nrfx_uart.o
    0x000352e1   0x00000003   PAD
    0x000352e4   0x00000006   Data   RO         3655    .conststrlit        nrfx_uarte.o
    0x000352ea   0x00000002   PAD
    0x000352ec   0x00000005   Data   RO         3807    .conststrlit        nrfx_spim.o
    0x000352f1   0x00000003   PAD
    0x000352f4   0x00000006   Data   RO         3933    .conststrlit        nrfx_saadc.o
    0x000352fa   0x00000002   PAD
    0x000352fc   0x0000000b   Data   RO         4140    .conststrlit        app_button.o
    0x00035307   0x00000001   PAD
    0x00035308   0x0000000a   Data   RO         4489    .conststrlit        app_timer2.o
    0x00035312   0x00000002   PAD
    0x00035314   0x00000009   Data   RO         5437    .conststrlit        nrf_pwr_mgmt.o
    0x0003531d   0x00000003   PAD
    0x00035320   0x00000009   Data   RO         5608    .conststrlit        nrf_sortlist.o
    0x00035329   0x00000003   PAD
    0x0003532c   0x0000000d   Data   RO         6059    .conststrlit        nrf_fstorage.o
    0x00035339   0x00000003   PAD
    0x0003533c   0x00000010   Data   RO         6442    .conststrlit        nrf_log_default_backends.o
    0x0003534c   0x00000004   Data   RO         6511    .conststrlit        nrf_log_frontend.o
    0x00035350   0x00000008   Data   RO         6994    .conststrlit        nrf_sdh.o
    0x00035358   0x0000000c   Data   RO         7104    .conststrlit        nrf_sdh_ble.o
    0x00035364   0x0000000c   Data   RO         7154    .conststrlit        nrf_sdh_soc.o
    0x00035370   0x00000020   Data   RO         7622    Region$$Table       anon$$obj.o
    0x00035390   0x00000010   Data   RO         6444    log_backends        nrf_log_default_backends.o
    0x000353a0   0x00000008   Data   RO         2443    log_const_data      nrf_ble_gatt.o
    0x000353a8   0x00000008   Data   RO         2582    log_const_data      ble_nus.o
    0x000353b0   0x00000008   Data   RO         2659    log_const_data      nrf_drv_clock.o
    0x000353b8   0x00000008   Data   RO         2998    log_const_data      nrfx_clock.o
    0x000353c0   0x00000008   Data   RO         3162    log_const_data      nrfx_gpiote.o
    0x000353c8   0x00000008   Data   RO         3393    log_const_data      nrfx_prs.o
    0x000353d0   0x00000008   Data   RO         3472    log_const_data      nrfx_uart.o
    0x000353d8   0x00000008   Data   RO         3656    log_const_data      nrfx_uarte.o
    0x000353e0   0x00000008   Data   RO         3808    log_const_data      nrfx_spim.o
    0x000353e8   0x00000008   Data   RO         3934    log_const_data      nrfx_saadc.o
    0x000353f0   0x00000008   Data   RO         4142    log_const_data      app_button.o
    0x000353f8   0x00000008   Data   RO         4492    log_const_data      app_timer2.o
    0x00035400   0x00000008   Data   RO         5439    log_const_data      nrf_pwr_mgmt.o
    0x00035408   0x00000008   Data   RO         5609    log_const_data      nrf_sortlist.o
    0x00035410   0x00000008   Data   RO         6060    log_const_data      nrf_fstorage.o
    0x00035418   0x00000008   Data   RO         6514    log_const_data      nrf_log_frontend.o
    0x00035420   0x00000008   Data   RO         6996    log_const_data      nrf_sdh.o
    0x00035428   0x00000008   Data   RO         7106    log_const_data      nrf_sdh_ble.o
    0x00035430   0x00000008   Data   RO         7155    log_const_data      nrf_sdh_soc.o
    0x00035438   0x00000014   Data   RO         6515    nrf_balloc          nrf_log_frontend.o
    0x0003544c   0x00000008   Data   RO         2193    sdh_ble_observers0  ble_conn_state.o
    0x00035454   0x00000010   Data   RO           66    sdh_ble_observers1  main.o
    0x00035464   0x00000008   Data   RO         1688    sdh_ble_observers1  bsp_btn_ble.o
    0x0003546c   0x00000008   Data   RO         2098    sdh_ble_observers1  ble_conn_params.o
    0x00035474   0x00000010   Data   RO           67    sdh_ble_observers2  main.o
    0x00035484   0x00000008   Data   RO           68    sdh_ble_observers3  main.o
    0x0003548c   0x00000008   Data   RO         6231    sdh_req_observers0  nrf_fstorage_sd.o
    0x00035494   0x00000008   Data   RO         2660    sdh_soc_observers0  nrf_drv_clock.o
    0x0003549c   0x00000008   Data   RO         6232    sdh_soc_observers0  nrf_fstorage_sd.o
    0x000354a4   0x00000008   Data   RO         7107    sdh_stack_observers0  nrf_sdh_ble.o
    0x000354ac   0x00000008   Data   RO         7156    sdh_stack_observers0  nrf_sdh_soc.o
    0x000354b4   0x00000008   Data   RO         2661    sdh_state_observers0  nrf_drv_clock.o
    0x000354bc   0x00000008   Data   RO         6233    sdh_state_observers0  nrf_fstorage_sd.o


    Execution Region RW_IRAM1 (Base: 0x20002ad8, Size: 0x0000b788, Max: 0x0000d528, ABSOLUTE, COMPRESSED[0x00000074])

    Base Addr    Size         Type   Attr      Idx    E Section Name        Object

    0x20002ad8   0x00000008   Data   RW           58    .data               main.o
    0x20002ae0   0x00000078   Data   RW           59    .data               main.o
    0x20002b58   0x00000004   Data   RW           61    .data               main.o
    0x20002b5c   0x00000002   Data   RW          782    .data               eink.o
    0x20002b5e   0x00000002   PAD
    0x20002b60   0x00000004   Data   RW         1150    .data               qrcodegen.o
    0x20002b64   0x00000010   Data   RW         1567    .data               bsp.o
    0x20002b74   0x00000008   Data   RW         1687    .data               bsp_btn_ble.o
    0x20002b7c   0x00000008   Data   RW         2097    .data               ble_conn_params.o
    0x20002b84   0x0000000c   Data   RW         2791    .data               nrf_drv_uart.o
    0x20002b90   0x00000008   Data   RW         2997    .data               nrfx_clock.o
    0x20002b98   0x00000008   Data   RW         3392    .data               nrfx_prs.o
    0x20002ba0   0x00000018   Data   RW         4141    .data               app_button.o
    0x20002bb8   0x00000020   Data   RW         4490    .data               app_timer2.o
    0x20002bd8   0x00000004   Data   RW         4491    .data               app_timer2.o
    0x20002bdc   0x0000001c   Data   RW         4620    .data               app_uart_fifo.o
    0x20002bf8   0x0000000c   Data   RW         4787    .data               drv_rtc.o
    0x20002c04   0x00000008   Data   RW         5438    .data               nrf_pwr_mgmt.o
    0x20002c0c   0x00000004   Data   RW         5694    .data               retarget.o
    0x20002c10   0x00000030   Data   RW         5785    .data               fds.o
    0x20002c40   0x00000008   Data   RW         6230    .data               nrf_fstorage_sd.o
    0x20002c48   0x00000001   Data   RW         6346    .data               nrf_log_backend_rtt.o
    0x20002c49   0x00000003   PAD
    0x20002c4c   0x00000008   Data   RW         6443    .data               nrf_log_default_backends.o
    0x20002c54   0x00000008   Data   RW         6512    .data               nrf_log_frontend.o
    0x20002c5c   0x00000008   Data   RW         6513    .data               nrf_log_frontend.o
    0x20002c64   0x00000040   Data   RW         6672    .data               nrf_log_str_formatter.o
    0x20002ca4   0x00000003   Data   RW         6995    .data               nrf_sdh.o
    0x20002ca7   0x00000001   Data   RW         7105    .data               nrf_sdh_ble.o
    0x20002ca8   0x00000004   Data   RW         7195    .data               system_nrf52.o
    0x20002cac   0x00000004   Data   RW         7603    .data               mc_w.l(mvars.o)
    0x20002cb0   0x00000004   Data   RW         7604    .data               mc_w.l(mvars.o)
    0x20002cb4   0x00000014   Data   RW         5786    fs_data             fds.o
    0x20002cc8   0x00000020   Zero   RW           44    .bss                main.o
    0x20002ce8   0x00000020   Zero   RW           45    .bss                main.o
    0x20002d08   0x00000020   Zero   RW           46    .bss                main.o
    0x20002d28   0x00000020   Zero   RW           47    .bss                main.o
    0x20002d48   0x00000020   Zero   RW           48    .bss                main.o
    0x20002d68   0x00000020   Zero   RW           49    .bss                main.o
    0x20002d88   0x0000647c   Zero   RW           50    .bss                main.o
    0x20009204   0x00000018   Zero   RW          624    .bss                gui_paint.o
    0x2000921c   0x00000210   Zero   RW          780    .bss                eink.o
    0x2000942c   0x00000004   PAD
    0x20009430   0x00000020   Zero   RW         1562    .bss                bsp.o
    0x20009450   0x00000020   Zero   RW         1563    .bss                bsp.o
    0x20009470   0x0000000c   Zero   RW         1564    .bss                bsp.o
    0x2000947c   0x00000004   PAD
    0x20009480   0x00000020   Zero   RW         1565    .bss                bsp.o
    0x200094a0   0x00000050   Zero   RW         2096    .bss                ble_conn_params.o
    0x200094f0   0x0000007c   Zero   RW         2192    .bss                ble_conn_state.o
    0x2000956c   0x00000014   Zero   RW         2653    .bss                nrf_drv_clock.o
    0x20009580   0x0000005c   Zero   RW         3156    .bss                nrfx_gpiote.o
    0x200095dc   0x0000002c   Zero   RW         3466    .bss                nrfx_uart.o
    0x20009608   0x00000024   Zero   RW         3650    .bss                nrfx_uarte.o
    0x2000962c   0x00000024   Zero   RW         3802    .bss                nrfx_spim.o
    0x20009650   0x00000030   Zero   RW         3924    .bss                nrfx_saadc.o
    0x20009680   0x00000020   Zero   RW         4137    .bss                app_button.o
    0x200096a0   0x00000010   Zero   RW         4138    .bss                app_button.o
    0x200096b0   0x00000010   Zero   RW         4486    .bss                app_timer2.o
    0x200096c0   0x00000058   Zero   RW         4487    .bss                app_timer2.o
    0x20009718   0x00000020   Zero   RW         4618    .bss                app_uart_fifo.o
    0x20009738   0x0000000c   Zero   RW         4702    .bss                app_util_platform.o
    0x20009744   0x0000000c   Zero   RW         5434    .bss                nrf_pwr_mgmt.o
    0x20009750   0x00000010   Zero   RW         5782    .bss                fds.o
    0x20009760   0x00000208   Zero   RW         5783    .bss                fds.o
    0x20009968   0x00000010   Zero   RW         6226    .bss                nrf_fstorage_sd.o
    0x20009978   0x000000a0   Zero   RW         6227    .bss                nrf_fstorage_sd.o
    0x20009a18   0x00000040   Zero   RW         6343    .bss                nrf_log_backend_rtt.o
    0x20009a58   0x000000c0   Zero   RW         6506    .bss                nrf_log_frontend.o
    0x20009b18   0x00000080   Zero   RW         6507    .bss                nrf_log_frontend.o
    0x20009b98   0x00000018   Zero   RW         6508    .bss                nrf_log_frontend.o
    0x20009bb0   0x00000424   Zero   RW         6509    .bss                nrf_log_frontend.o
    0x20009fd4   0x00000288   Zero   RW         6748    .bss                segger_rtt.o
    0x2000a25c   0x00000004   PAD
    0x2000a260   0x00002000   Zero   RW         7184    HEAP                arm_startup_nrf52.o
    0x2000c260   0x00002000   Zero   RW         7183    STACK               arm_startup_nrf52.o


==============================================================================

Image component sizes


      Code (inc. data)   RO Data    RW Data    ZI Data      Debug   Object Name

       664         66         27         24         48      17938   app_button.o
        22          0          0          0          0       2473   app_error.o
       132         46          0          0          0      39006   app_error_weak.o
       118          0          0          0          0       5090   app_fifo.o
         0          0          0          0          0      37118   app_scheduler.o
       846         88         38         36        104      16833   app_timer2.o
       476         50         32         28         32      22347   app_uart_fifo.o
       124         14          0          0         12       9598   app_util_platform.o
        36          8        512          0      16384        940   arm_startup_nrf52.o
      1332          0          0          0          0      60640   ble_advdata.o
      1076          6          0          0          0      18143   ble_advertising.o
       636         44          8          8         80      12791   ble_conn_params.o
       390         10          8          0        124       7791   ble_conn_state.o
        72          0          0          0          0       2856   ble_link_ctx_manager.o
       664          6         32          0          0       8996   ble_nus.o
       456          6          0          0          0       3419   ble_srv_common.o
       358         40          8          0          0      89857   boards.o
       978         80         44         16        108      22687   bsp.o
       252         10          8          8          0      84152   bsp_btn_ble.o
       696         76          6         12          0      46021   drv_rtc.o
      1170         30        200          2        528      55377   eink.o
      3490        332         24         68        536      46556   fds.o
       572         28          0          0         24       9370   gui_paint.o
      4858        860      15104        132      25916     209639   main.o
       342          0          0          0          0       6802   nrf_atfifo.o
        64          0          0          0          0       3012   nrf_atflags.o
       332          0          0          0          0      10298   nrf_atomic.o
       164          0          0          0          0       3680   nrf_balloc.o
       950        272        205          0          0      38145   nrf_ble_gatt.o
       276          0          0          0          0       6273   nrf_ble_qwr.o
       276         34         30          0         20      41652   nrf_drv_clock.o
       200         26          0         12          0      17948   nrf_drv_uart.o
        50          0          0          0          0       3565   nrf_fprintf.o
       866          4         16          0          0       6610   nrf_fprintf_format.o
       972        432        194          0          0       8136   nrf_fstorage.o
         0          0          0          0          0       1884   nrf_fstorage_nvmc.o
       798         82         72          8        176      14335   nrf_fstorage_sd.o
       112         18         18          1         64       6233   nrf_log_backend_rtt.o
       200          0          0          0          0      10897   nrf_log_backend_serial.o
        28          4         32          8          0       3369   nrf_log_default_backends.o
      1492        114         44         16       1404      30839   nrf_log_frontend.o
       570        108        102         64          0       5728   nrf_log_str_formatter.o
       346          0          0          0          0       8207   nrf_memobj.o
       108         16         53          8         12      37706   nrf_pwr_mgmt.o
        28          0          0          0          0       2395   nrf_ringbuf.o
       552         60        104          3          0      41856   nrf_sdh.o
       724        232        539          1          0       6001   nrf_sdh_ble.o
        60          4         56          0          0       2504   nrf_sdh_soc.o
        78          0          0          0          0       2832   nrf_section_iter.o
        84          0         17          0          0       4185   nrf_sortlist.o
        76         10       1319          0          0       2791   nrf_strerror.o
       222         30         14          8          0      43670   nrfx_clock.o
      1222         92         19          0         92      59815   nrfx_gpiote.o
        94         16         12          8          0       3821   nrfx_prs.o
      1264        108         20          0         48      23634   nrfx_saadc.o
       854         24         17          0         36      21338   nrfx_spim.o
      1364         38         17          0         44      30561   nrfx_uart.o
      1286         36         18          0         36      25335   nrfx_uarte.o
      4312         48        438          4          0      36186   qrcodegen.o
        14          0          0          4          0       2906   retarget.o
       378         34          0          0        648       9097   segger_rtt.o
       920         72          0          4          0      13519   system_nrf52.o

    ----------------------------------------------------------------------
     41168       3714      19516        488      46488    1427403   Object Totals
         0          0         32          0          0          0   (incl. Generated)
        72          0         77          5         12          0   (incl. Padding)

    ----------------------------------------------------------------------

      Code (inc. data)   RO Data    RW Data    ZI Data      Debug   Library Member Name

        86          0          0          0          0          0   __dczerorl2.o
         8          4        133          0          0         68   ctype_o.o
         0          0          0          0          0          0   entry.o
         0          0          0          0          0          0   entry10a.o
         0          0          0          0          0          0   entry11a.o
         8          4          0          0          0          0   entry2.o
         4          0          0          0          0          0   entry5.o
         0          0          0          0          0          0   entry7b.o
         0          0          0          0          0          0   entry8b.o
         8          4          0          0          0          0   entry9a.o
        30          0          0          0          0          0   handlers.o
        36          8          0          0          0         68   init.o
        30          0          0          0          0         68   llshl.o
        32          0          0          0          0         68   llushr.o
       188         20          0          0          0        160   malloc.o
        64          0          0          0          0         76   memmovea.o
        36          0          0          0          0        108   memseta.o
         0          0          0          8          0          0   mvars.o
      1154         54          0          0          0        352   printf8.o
        20          0          0          0          0         68   strchr.o
        18          0          0          0          0         68   strcpy.o
        14          0          0          0          0         68   strlen.o
        98          0          0          0          0         92   uldiv.o

    ----------------------------------------------------------------------
      1840         94        136          8          0       1264   Library Totals
         6          0          3          0          0          0   (incl. Padding)

    ----------------------------------------------------------------------

      Code (inc. data)   RO Data    RW Data    ZI Data      Debug   Library Name

      1834         94        133          8          0       1264   mc_w.l

    ----------------------------------------------------------------------
      1840         94        136          8          0       1264   Library Totals

    ----------------------------------------------------------------------

==============================================================================


      Code (inc. data)   RO Data    RW Data    ZI Data      Debug   

     43008       3808      19652        496      46488    1380479   Grand Totals
     43008       3808      19652        116      46488    1380479   ELF Image Totals (compressed)
     43008       3808      19652        116          0          0   ROM Totals

==============================================================================

    Total RO  Size (Code + RO Data)                62660 (  61.19kB)
    Total RW  Size (RW Data + ZI Data)             46984 (  45.88kB)
    Total ROM Size (Code + RO Data + RW Data)      62776 (  61.30kB)

==============================================================================

